Archive member included to satisfy reference by file (symbol)

c:/st/stm32cubeide_1.6.1/stm32cubeide/plugins/com.st.stm32cube.ide.mcu.externaltools.gnu-tools-for-stm32.9-2020-q2-update.win32_1.5.0.202011040924/tools/bin/../lib/gcc/arm-none-eabi/9.3.1/thumb/v7e-m+fp/hard\libgcc.a(_arm_muldf3.o)
                              Core/Src/MPC_core.o (__aeabi_dmul)
c:/st/stm32cubeide_1.6.1/stm32cubeide/plugins/com.st.stm32cube.ide.mcu.externaltools.gnu-tools-for-stm32.9-2020-q2-update.win32_1.5.0.202011040924/tools/bin/../lib/gcc/arm-none-eabi/9.3.1/thumb/v7e-m+fp/hard\libgcc.a(_arm_addsubdf3.o)
                              Core/Src/MPC_math.o (__aeabi_dadd)
c:/st/stm32cubeide_1.6.1/stm32cubeide/plugins/com.st.stm32cube.ide.mcu.externaltools.gnu-tools-for-stm32.9-2020-q2-update.win32_1.5.0.202011040924/tools/bin/../lib/gcc/arm-none-eabi/9.3.1/thumb/v7e-m+fp/hard\libgcc.a(_arm_fixunsdfsi.o)
                              Core/Src/MPC_core.o (__aeabi_d2uiz)
c:/st/stm32cubeide_1.6.1/stm32cubeide/plugins/com.st.stm32cube.ide.mcu.externaltools.gnu-tools-for-stm32.9-2020-q2-update.win32_1.5.0.202011040924/tools/bin/../lib/gcc/arm-none-eabi/9.3.1/thumb/v7e-m+fp/hard\libgcc.a(_arm_truncdfsf2.o)
                              Core/Src/MPC_math.o (__aeabi_d2f)
c:/st/stm32cubeide_1.6.1/stm32cubeide/plugins/com.st.stm32cube.ide.mcu.externaltools.gnu-tools-for-stm32.9-2020-q2-update.win32_1.5.0.202011040924/tools/bin/../lib/gcc/arm-none-eabi/9.3.1/../../../../arm-none-eabi/lib/thumb/v7e-m+fp/hard\libc_nano.a(lib_a-errno.o)
                              Core/Src/syscalls.o (__errno)
c:/st/stm32cubeide_1.6.1/stm32cubeide/plugins/com.st.stm32cube.ide.mcu.externaltools.gnu-tools-for-stm32.9-2020-q2-update.win32_1.5.0.202011040924/tools/bin/../lib/gcc/arm-none-eabi/9.3.1/../../../../arm-none-eabi/lib/thumb/v7e-m+fp/hard\libc_nano.a(lib_a-exit.o)
                              c:/st/stm32cubeide_1.6.1/stm32cubeide/plugins/com.st.stm32cube.ide.mcu.externaltools.gnu-tools-for-stm32.9-2020-q2-update.win32_1.5.0.202011040924/tools/bin/../lib/gcc/arm-none-eabi/9.3.1/../../../../arm-none-eabi/lib/thumb/v7e-m+fp/hard/crt0.o (exit)
c:/st/stm32cubeide_1.6.1/stm32cubeide/plugins/com.st.stm32cube.ide.mcu.externaltools.gnu-tools-for-stm32.9-2020-q2-update.win32_1.5.0.202011040924/tools/bin/../lib/gcc/arm-none-eabi/9.3.1/../../../../arm-none-eabi/lib/thumb/v7e-m+fp/hard\libc_nano.a(lib_a-impure.o)
                              c:/st/stm32cubeide_1.6.1/stm32cubeide/plugins/com.st.stm32cube.ide.mcu.externaltools.gnu-tools-for-stm32.9-2020-q2-update.win32_1.5.0.202011040924/tools/bin/../lib/gcc/arm-none-eabi/9.3.1/../../../../arm-none-eabi/lib/thumb/v7e-m+fp/hard\libc_nano.a(lib_a-exit.o) (_global_impure_ptr)
c:/st/stm32cubeide_1.6.1/stm32cubeide/plugins/com.st.stm32cube.ide.mcu.externaltools.gnu-tools-for-stm32.9-2020-q2-update.win32_1.5.0.202011040924/tools/bin/../lib/gcc/arm-none-eabi/9.3.1/../../../../arm-none-eabi/lib/thumb/v7e-m+fp/hard\libc_nano.a(lib_a-init.o)
                              c:/st/stm32cubeide_1.6.1/stm32cubeide/plugins/com.st.stm32cube.ide.mcu.externaltools.gnu-tools-for-stm32.9-2020-q2-update.win32_1.5.0.202011040924/tools/bin/../lib/gcc/arm-none-eabi/9.3.1/../../../../arm-none-eabi/lib/thumb/v7e-m+fp/hard/crt0.o (__libc_init_array)
c:/st/stm32cubeide_1.6.1/stm32cubeide/plugins/com.st.stm32cube.ide.mcu.externaltools.gnu-tools-for-stm32.9-2020-q2-update.win32_1.5.0.202011040924/tools/bin/../lib/gcc/arm-none-eabi/9.3.1/../../../../arm-none-eabi/lib/thumb/v7e-m+fp/hard\libc_nano.a(lib_a-memset.o)
                              c:/st/stm32cubeide_1.6.1/stm32cubeide/plugins/com.st.stm32cube.ide.mcu.externaltools.gnu-tools-for-stm32.9-2020-q2-update.win32_1.5.0.202011040924/tools/bin/../lib/gcc/arm-none-eabi/9.3.1/../../../../arm-none-eabi/lib/thumb/v7e-m+fp/hard/crt0.o (memset)

Allocating common symbols
Common symbol       size              file

D                   0x2               Core/Src/MPC_core.o
hdma_usart2_rx      0x44              Core/Src/main.o
cos240              0x2               Core/Src/MPC_PWM.o
j                   0x4               Core/Src/MPC_core.o
Ia                  0x2               Core/Src/MPC_communication.o
costTemp            0x4               Core/Src/MPC_core.o
txData              0x5               Core/Src/MPC_communication.o
dTheta              0x2               Core/Src/MPC_communication.o
hadc2               0x50              Core/Src/main.o
cos120              0x2               Core/Src/MPC_PWM.o
cost                0x4               Core/Src/MPC_core.o
IdPred              0x4               Core/Src/MPC_core.o
Ec                  0x2               Core/Src/MPC_communication.o
Va                  0x2               Core/Src/MPC_communication.o
uwTick              0x4               Drivers/STM32F3xx_HAL_Driver/Src/stm32f3xx_hal.o
pFlash              0x20              Drivers/STM32F3xx_HAL_Driver/Src/stm32f3xx_hal_flash.o
Vdq                 0x8               Core/Src/MPC_communication.o
[...]
Memory Configuration

Name             Origin             Length             Attributes
CCMRAM           0x0000000010000000 0x0000000000004000 xrw
RAM              0x0000000020000000 0x0000000000010000 xrw
FLASH            0x0000000008000000 0x0000000000080000 xr
*default*        0x0000000000000000 0xffffffffffffffff

Linker script and memory map

LOAD c:/st/stm32cubeide_1.6.1/stm32cubeide/plugins/com.st.stm32cube.ide.mcu.externaltools.gnu-tools-for-stm32.9-2020-q2-update.win32_1.5.0.202011040924/tools/bin/../lib/gcc/arm-none-eabi/9.3.1/thumb/v7e-m+fp/hard/crti.o
LOAD c:/st/stm32cubeide_1.6.1/stm32cubeide/plugins/com.st.stm32cube.ide.mcu.externaltools.gnu-tools-for-stm32.9-2020-q2-update.win32_1.5.0.202011040924/tools/bin/../lib/gcc/arm-none-eabi/9.3.1/thumb/v7e-m+fp/hard/crtbegin.o
LOAD c:/st/stm32cubeide_1.6.1/stm32cubeide/plugins/com.st.stm32cube.ide.mcu.externaltools.gnu-tools-for-stm32.9-2020-q2-update.win32_1.5.0.202011040924/tools/bin/../lib/gcc/arm-none-eabi/9.3.1/../../../../arm-none-eabi/lib/thumb/v7e-m+fp/hard/crt0.o
LOAD Core/Src/MPC_PWM.o
LOAD Core/Src/MPC_communication.o
LOAD Core/Src/MPC_core.o
LOAD Core/Src/MPC_feedback.o
LOAD Core/Src/MPC_math.o
LOAD Core/Src/main.o
LOAD Core/Src/stm32f3xx_hal_msp.o
LOAD Core/Src/stm32f3xx_it.o
LOAD Core/Src/syscalls.o
LOAD Core/Src/sysmem.o
LOAD Core/Src/system_stm32f3xx.o
LOAD Core/Startup/startup_stm32f303retx.o
LOAD Drivers/STM32F3xx_HAL_Driver/Src/stm32f3xx_hal.o
LOAD Drivers/STM32F3xx_HAL_Driver/Src/stm32f3xx_hal_adc.o
LOAD Drivers/STM32F3xx_HAL_Driver/Src/stm32f3xx_hal_adc_ex.o
LOAD Drivers/STM32F3xx_HAL_Driver/Src/stm32f3xx_hal_cortex.o
LOAD Drivers/STM32F3xx_HAL_Driver/Src/stm32f3xx_hal_dma.o
LOAD Drivers/STM32F3xx_HAL_Driver/Src/stm32f3xx_hal_exti.o
LOAD Drivers/STM32F3xx_HAL_Driver/Src/stm32f3xx_hal_flash.o
LOAD Drivers/STM32F3xx_HAL_Driver/Src/stm32f3xx_hal_flash_ex.o
LOAD Drivers/STM32F3xx_HAL_Driver/Src/stm32f3xx_hal_gpio.o
LOAD Drivers/STM32F3xx_HAL_Driver/Src/stm32f3xx_hal_i2c.o
LOAD Drivers/STM32F3xx_HAL_Driver/Src/stm32f3xx_hal_i2c_ex.o
LOAD Drivers/STM32F3xx_HAL_Driver/Src/stm32f3xx_hal_pwr.o
LOAD Drivers/STM32F3xx_HAL_Driver/Src/stm32f3xx_hal_pwr_ex.o
LOAD Drivers/STM32F3xx_HAL_Driver/Src/stm32f3xx_hal_rcc.o
LOAD Drivers/STM32F3xx_HAL_Driver/Src/stm32f3xx_hal_rcc_ex.o
LOAD Drivers/STM32F3xx_HAL_Driver/Src/stm32f3xx_hal_tim.o
LOAD Drivers/STM32F3xx_HAL_Driver/Src/stm32f3xx_hal_tim_ex.o
LOAD Drivers/STM32F3xx_HAL_Driver/Src/stm32f3xx_hal_uart.o
LOAD Drivers/STM32F3xx_HAL_Driver/Src/stm32f3xx_hal_uart_ex.o
LOAD C:\Users\zero\Desktop\Python\stm32\STM32_Code\MPC_12_11\Libs\libarm_cortexM4lf_math.a
START GROUP
LOAD C:\Users\zero\Desktop\Python\stm32\STM32_Code\MPC_12_11\Libs\libarm_cortexM4lf_math.a
END GROUP
START GROUP
LOAD c:/st/stm32cubeide_1.6.1/stm32cubeide/plugins/com.st.stm32cube.ide.mcu.externaltools.gnu-tools-for-stm32.9-2020-q2-update.win32_1.5.0.202011040924/tools/bin/../lib/gcc/arm-none-eabi/9.3.1/thumb/v7e-m+fp/hard\libgcc.a
LOAD c:/st/stm32cubeide_1.6.1/stm32cubeide/plugins/com.st.stm32cube.ide.mcu.externaltools.gnu-tools-for-stm32.9-2020-q2-update.win32_1.5.0.202011040924/tools/bin/../lib/gcc/arm-none-eabi/9.3.1/../../../../arm-none-eabi/lib/thumb/v7e-m+fp/hard\libc_nano.a
END GROUP
START GROUP
LOAD c:/st/stm32cubeide_1.6.1/stm32cubeide/plugins/com.st.stm32cube.ide.mcu.externaltools.gnu-tools-for-stm32.9-2020-q2-update.win32_1.5.0.202011040924/tools/bin/../lib/gcc/arm-none-eabi/9.3.1/thumb/v7e-m+fp/hard\libgcc.a
LOAD c:/st/stm32cubeide_1.6.1/stm32cubeide/plugins/com.st.stm32cube.ide.mcu.externaltools.gnu-tools-for-stm32.9-2020-q2-update.win32_1.5.0.202011040924/tools/bin/../lib/gcc/arm-none-eabi/9.3.1/../../../../arm-none-eabi/lib/thumb/v7e-m+fp/hard\libc_nano.a
LOAD c:/st/stm32cubeide_1.6.1/stm32cubeide/plugins/com.st.stm32cube.ide.mcu.externaltools.gnu-tools-for-stm32.9-2020-q2-update.win32_1.5.0.202011040924/tools/bin/../lib/gcc/arm-none-eabi/9.3.1/../../../../arm-none-eabi/lib/thumb/v7e-m+fp/hard\libnosys.a
END GROUP
START GROUP
LOAD c:/st/stm32cubeide_1.6.1/stm32cubeide/plugins/com.st.stm32cube.ide.mcu.externaltools.gnu-tools-for-stm32.9-2020-q2-update.win32_1.5.0.202011040924/tools/bin/../lib/gcc/arm-none-eabi/9.3.1/thumb/v7e-m+fp/hard\libgcc.a
LOAD c:/st/stm32cubeide_1.6.1/stm32cubeide/plugins/com.st.stm32cube.ide.mcu.externaltools.gnu-tools-for-stm32.9-2020-q2-update.win32_1.5.0.202011040924/tools/bin/../lib/gcc/arm-none-eabi/9.3.1/../../../../arm-none-eabi/lib/thumb/v7e-m+fp/hard\libc_nano.a
LOAD c:/st/stm32cubeide_1.6.1/stm32cubeide/plugins/com.st.stm32cube.ide.mcu.externaltools.gnu-tools-for-stm32.9-2020-q2-update.win32_1.5.0.202011040924/tools/bin/../lib/gcc/arm-none-eabi/9.3.1/../../../../arm-none-eabi/lib/thumb/v7e-m+fp/hard\libnosys.a
END GROUP
LOAD c:/st/stm32cubeide_1.6.1/stm32cubeide/plugins/com.st.stm32cube.ide.mcu.externaltools.gnu-tools-for-stm32.9-2020-q2-update.win32_1.5.0.202011040924/tools/bin/../lib/gcc/arm-none-eabi/9.3.1/thumb/v7e-m+fp/hard/crtend.o
LOAD c:/st/stm32cubeide_1.6.1/stm32cubeide/plugins/com.st.stm32cube.ide.mcu.externaltools.gnu-tools-for-stm32.9-2020-q2-update.win32_1.5.0.202011040924/tools/bin/../lib/gcc/arm-none-eabi/9.3.1/thumb/v7e-m+fp/hard/crtn.o
                0x0000000020010000                _estack = (ORIGIN (RAM) + LENGTH (RAM))
                0x0000000000000200                _Min_Heap_Size = 0x200
                0x0000000000000400                _Min_Stack_Size = 0x400

.isr_vector     0x0000000008000000      0x194
                0x0000000008000000                . = ALIGN (0x4)
 *(.isr_vector)
 .isr_vector    0x0000000008000000      0x194 Core/Startup/startup_stm32f303retx.o
                0x0000000008000000                g_pfnVectors
                0x0000000008000194                . = ALIGN (0x4)

.text           0x0000000008000198     0x4488
                0x0000000008000198                . = ALIGN (0x4)
 *(.text)
 .text          0x0000000008000198       0x40 c:/st/stm32cubeide_1.6.1/stm32cubeide/plugins/com.st.stm32cube.ide.mcu.externaltools.gnu-tools-for-stm32.9-2020-q2-update.win32_1.5.0.202011040924/tools/bin/../lib/gcc/arm-none-eabi/9.3.1/thumb/v7e-m+fp/hard/crtbegin.o
 .text          0x00000000080001d8      0x378 c:/st/stm32cubeide_1.6.1/stm32cubeide/plugins/com.st.stm32cube.ide.mcu.externaltools.gnu-tools-for-stm32.9-2020-q2-update.win32_1.5.0.202011040924/tools/bin/../lib/gcc/arm-none-eabi/9.3.1/thumb/v7e-m+fp/hard\libgcc.a(_arm_addsubdf3.o)
                0x00000000080001d8                __aeabi_drsub
                0x00000000080001e0                __aeabi_dsub
                0x00000000080001e0                __subdf3
                0x00000000080001e4                __aeabi_dadd
                0x00000000080001e4                __adddf3
                0x000000000800045c                __floatunsidf
                0x000000000800045c                __aeabi_ui2d
                0x000000000800047c                __floatsidf
                0x000000000800047c                __aeabi_i2d
                0x00000000080004a0                __aeabi_f2d
                0x00000000080004a0                __extendsfdf2
                0x00000000080004e4                __floatundidf
                0x00000000080004e4                __aeabi_ul2d
                0x00000000080004f4                __floatdidf
                0x00000000080004f4                __aeabi_l2d
 .text          0x0000000008000550       0xa0 c:/st/stm32cubeide_1.6.1/stm32cubeide/plugins/com.st.stm32cube.ide.mcu.externaltools.gnu-tools-for-stm32.9-2020-q2-update.win32_1.5.0.202011040924/tools/bin/../lib/gcc/arm-none-eabi/9.3.1/thumb/v7e-m+fp/hard\libgcc.a(_arm_truncdfsf2.o)
                0x0000000008000550                __truncdfsf2
                0x0000000008000550                __aeabi_d2f
 *(.text*)
 .text.SVPWM    0x00000000080005f0      0x1f8 Core/Src/MPC_PWM.o
                0x00000000080005f0                SVPWM
 .text.PIController
                0x00000000080007e8       0xe4 Core/Src/MPC_core.o
                0x00000000080007e8                PIController
 .text.modelPredictiveControl
                0x00000000080008cc      0x274 Core/Src/MPC_core.o
                0x00000000080008cc                modelPredictiveControl
 .text.startStop
                0x0000000008000b40       0x14 Core/Src/MPC_core.o
                0x0000000008000b40                startStop
 .text.executeAll
                0x0000000008000b54       0x38 Core/Src/MPC_core.o
                0x0000000008000b54                executeAll
 .text.computePosition
                0x0000000008000b8c       0xd0 Core/Src/MPC_feedback.o
                0x0000000008000b8c                computePosition
 .text.measureADC
                0x0000000008000c5c       0xbc Core/Src/MPC_feedback.o
                0x0000000008000c5c                measureADC
 .text.computeSinCos
                0x0000000008000d18       0x7c Core/Src/MPC_feedback.o
                0x0000000008000d18                computeSinCos
 .text.limitTheta
                0x0000000008000d94       0x44 Core/Src/MPC_math.o
                0x0000000008000d94                limitTheta
 .text.sin2     0x0000000008000dd8       0x7c Core/Src/MPC_math.o
                0x0000000008000dd8                sin2
 .text.cos2     0x0000000008000e54       0x90 Core/Src/MPC_math.o
                0x0000000008000e54                cos2
 *fill*         0x0000000008000ee4        0x4 
 .text.arctan2  0x0000000008000ee8       0xec Core/Src/MPC_math.o
                0x0000000008000ee8                arctan2
 .text.parkTransform
                0x0000000008000fd4       0x78 Core/Src/MPC_math.o
                0x0000000008000fd4                parkTransform
 .text.clarkeTransform
                0x000000000800104c       0x38 Core/Src/MPC_math.o
                0x000000000800104c                clarkeTransform
 .text.SystemClock_Config
                0x0000000008001084       0x94 Core/Src/main.o
                0x0000000008001084                SystemClock_Config
 .text.startup.main
                0x0000000008001118      0x424 Core/Src/main.o
                0x0000000008001118                main
 .text.Error_Handler
                0x000000000800153c        0x4 Core/Src/main.o
                0x000000000800153c                Error_Handler
 .text.HAL_MspInit
                0x0000000008001540       0x34 Core/Src/stm32f3xx_hal_msp.o
                0x0000000008001540                HAL_MspInit
 .text.HAL_ADC_MspInit
                0x0000000008001574      0x164 Core/Src/stm32f3xx_hal_msp.o
                0x0000000008001574                HAL_ADC_MspInit
 .text.HAL_TIM_Base_MspInit
                0x00000000080016d8       0x70 Core/Src/stm32f3xx_hal_msp.o
                0x00000000080016d8                HAL_TIM_Base_MspInit
 .text.HAL_TIM_MspPostInit
                0x0000000008001748       0x60 Core/Src/stm32f3xx_hal_msp.o
                0x0000000008001748                HAL_TIM_MspPostInit
 .text.HAL_UART_MspInit
                0x00000000080017a8       0xd4 Core/Src/stm32f3xx_hal_msp.o
                0x00000000080017a8                HAL_UART_MspInit
 .text.TIM1_CC_IRQHandler
                0x000000000800187c       0x2c Core/Src/stm32f3xx_it.o
                0x000000000800187c                TIM1_CC_IRQHandler
 .text.EXTI15_10_IRQHandler
                0x00000000080018a8       0x14 Core/Src/stm32f3xx_it.o
                0x00000000080018a8                EXTI15_10_IRQHandler
 .text.SystemInit
                0x00000000080018bc       0x14 Core/Src/system_stm32f3xx.o
                0x00000000080018bc                SystemInit
 .text.Reset_Handler
                0x00000000080018d0       0x50 Core/Startup/startup_stm32f303retx.o
                0x00000000080018d0                Reset_Handler
 .text.Default_Handler
                0x0000000008001920        0x2 Core/Startup/startup_stm32f303retx.o
                0x0000000008001920                RTC_Alarm_IRQHandler
                0x0000000008001920                TIM8_TRG_COM_IRQHandler
                0x0000000008001920                TIM8_CC_IRQHandler
                0x0000000008001920                DebugMon_Handler
                0x0000000008001920                SPI4_IRQHandler
                0x0000000008001920                HardFault_Handler
                0x0000000008001920                USB_HP_IRQHandler
                0x0000000008001920                SysTick_Handler
                0x0000000008001920                PVD_IRQHandler
                0x0000000008001920                TAMP_STAMP_IRQHandler
                0x0000000008001920                PendSV_Handler
                0x0000000008001920                NMI_Handler
                0x0000000008001920                EXTI3_IRQHandler
                0x0000000008001920                I2C3_ER_IRQHandler
                0x0000000008001920                USB_HP_CAN_TX_IRQHandler
                0x0000000008001920                EXTI0_IRQHandler
                0x0000000008001920                I2C2_EV_IRQHandler
                0x0000000008001920                FPU_IRQHandler
                0x0000000008001920                TIM1_UP_TIM16_IRQHandler
                0x0000000008001920                UsageFault_Handler
                0x0000000008001920                ADC1_2_IRQHandler
                0x0000000008001920                SPI1_IRQHandler
                0x0000000008001920                CAN_SCE_IRQHandler
                0x0000000008001920                TIM6_DAC_IRQHandler
                0x0000000008001920                TIM8_UP_IRQHandler
                0x0000000008001920                DMA2_Channel2_IRQHandler
                0x0000000008001920                DMA1_Channel4_IRQHandler
                0x0000000008001920                TIM20_TRG_COM_IRQHandler
                0x0000000008001920                USART3_IRQHandler
                0x0000000008001920                DMA1_Channel7_IRQHandler
                0x0000000008001920                UART5_IRQHandler
                0x0000000008001920                ADC3_IRQHandler
                0x0000000008001920                TIM4_IRQHandler
                0x0000000008001920                CAN_RX1_IRQHandler
                0x0000000008001920                DMA2_Channel1_IRQHandler
                0x0000000008001920                I2C1_EV_IRQHandler
                0x0000000008001920                DMA1_Channel6_IRQHandler
                0x0000000008001920                UART4_IRQHandler
                0x0000000008001920                DMA2_Channel4_IRQHandler
                0x0000000008001920                TIM3_IRQHandler
                0x0000000008001920                RCC_IRQHandler
                0x0000000008001920                TIM20_UP_IRQHandler
                0x0000000008001920                DMA1_Channel1_IRQHandler
                0x0000000008001920                Default_Handler
                0x0000000008001920                USBWakeUp_RMP_IRQHandler
                0x0000000008001920                TIM7_IRQHandler
                0x0000000008001920                I2C3_EV_IRQHandler
                0x0000000008001920                EXTI9_5_IRQHandler
                0x0000000008001920                RTC_WKUP_IRQHandler
                0x0000000008001920                SPI2_IRQHandler
                0x0000000008001920                USB_LP_CAN_RX0_IRQHandler
                0x0000000008001920                MemManage_Handler
                0x0000000008001920                SVC_Handler
                0x0000000008001920                DMA2_Channel5_IRQHandler
                0x0000000008001920                DMA1_Channel5_IRQHandler
                0x0000000008001920                USB_LP_IRQHandler
                0x0000000008001920                EXTI4_IRQHandler
                0x0000000008001920                TIM1_TRG_COM_TIM17_IRQHandler
                0x0000000008001920                DMA1_Channel3_IRQHandler
                0x0000000008001920                ADC4_IRQHandler
                0x0000000008001920                WWDG_IRQHandler
                0x0000000008001920                TIM2_IRQHandler
                0x0000000008001920                COMP7_IRQHandler
                0x0000000008001920                COMP1_2_3_IRQHandler
                0x0000000008001920                EXTI1_IRQHandler
                0x0000000008001920                USART2_IRQHandler
                0x0000000008001920                COMP4_5_6_IRQHandler
                0x0000000008001920                TIM20_BRK_IRQHandler
                0x0000000008001920                I2C2_ER_IRQHandler
                0x0000000008001920                DMA1_Channel2_IRQHandler
                0x0000000008001920                TIM8_BRK_IRQHandler
                0x0000000008001920                FLASH_IRQHandler
                0x0000000008001920                TIM20_CC_IRQHandler
                0x0000000008001920                BusFault_Handler
                0x0000000008001920                USART1_IRQHandler
                0x0000000008001920                SPI3_IRQHandler
                0x0000000008001920                I2C1_ER_IRQHandler
                0x0000000008001920                FMC_IRQHandler
                0x0000000008001920                USBWakeUp_IRQHandler
                0x0000000008001920                DMA2_Channel3_IRQHandler
                0x0000000008001920                EXTI2_TSC_IRQHandler
                0x0000000008001920                TIM1_BRK_TIM15_IRQHandler
 *fill*         0x0000000008001922        0x2 
 .text.HAL_InitTick
                0x0000000008001924       0x48 Drivers/STM32F3xx_HAL_Driver/Src/stm32f3xx_hal.o
                0x0000000008001924                HAL_InitTick
 .text.HAL_Init
                0x000000000800196c       0x24 Drivers/STM32F3xx_HAL_Driver/Src/stm32f3xx_hal.o
                0x000000000800196c                HAL_Init
 .text.HAL_GetTick
                0x0000000008001990        0xc Drivers/STM32F3xx_HAL_Driver/Src/stm32f3xx_hal.o
                0x0000000008001990                HAL_GetTick
 .text.HAL_ADC_ConvCpltCallback
                0x000000000800199c        0x4 Drivers/STM32F3xx_HAL_Driver/Src/stm32f3xx_hal_adc.o
                0x000000000800199c                HAL_ADC_ConvCpltCallback
 .text.HAL_ADC_ConvHalfCpltCallback
                0x00000000080019a0        0x4 Drivers/STM32F3xx_HAL_Driver/Src/stm32f3xx_hal_adc.o
                0x00000000080019a0                HAL_ADC_ConvHalfCpltCallback
 .text.HAL_ADC_ErrorCallback
                0x00000000080019a4        0x4 Drivers/STM32F3xx_HAL_Driver/Src/stm32f3xx_hal_adc.o
                0x00000000080019a4                HAL_ADC_ErrorCallback
 .text.ADC_Disable
                0x00000000080019a8       0x80 Drivers/STM32F3xx_HAL_Driver/Src/stm32f3xx_hal_adc_ex.o
 .text.ADC_Enable
                0x0000000008001a28       0x6c Drivers/STM32F3xx_HAL_Driver/Src/stm32f3xx_hal_adc_ex.o
 .text.ADC_DMAError
                0x0000000008001a94       0x18 Drivers/STM32F3xx_HAL_Driver/Src/stm32f3xx_hal_adc_ex.o
 .text.ADC_DMAHalfConvCplt
                0x0000000008001aac        0x8 Drivers/STM32F3xx_HAL_Driver/Src/stm32f3xx_hal_adc_ex.o
 .text.ADC_DMAConvCplt
                0x0000000008001ab4       0x44 Drivers/STM32F3xx_HAL_Driver/Src/stm32f3xx_hal_adc_ex.o
 .text.HAL_ADC_Init
                0x0000000008001af8      0x2ac Drivers/STM32F3xx_HAL_Driver/Src/stm32f3xx_hal_adc_ex.o
                0x0000000008001af8                HAL_ADC_Init
 .text.HAL_ADC_Start_DMA
                0x0000000008001da4      0x158 Drivers/STM32F3xx_HAL_Driver/Src/stm32f3xx_hal_adc_ex.o
                0x0000000008001da4                HAL_ADC_Start_DMA
 .text.HAL_ADCEx_Calibration_Start
                0x0000000008001efc       0x98 Drivers/STM32F3xx_HAL_Driver/Src/stm32f3xx_hal_adc_ex.o
                0x0000000008001efc                HAL_ADCEx_Calibration_Start
 .text.HAL_ADC_ConfigChannel
                0x0000000008001f94      0x380 Drivers/STM32F3xx_HAL_Driver/Src/stm32f3xx_hal_adc_ex.o
                0x0000000008001f94                HAL_ADC_ConfigChannel
 .text.HAL_ADCEx_MultiModeConfigChannel
                0x0000000008002314      0x120 Drivers/STM32F3xx_HAL_Driver/Src/stm32f3xx_hal_adc_ex.o
                0x0000000008002314                HAL_ADCEx_MultiModeConfigChannel
 .text.HAL_NVIC_SetPriorityGrouping
                0x0000000008002434       0x28 Drivers/STM32F3xx_HAL_Driver/Src/stm32f3xx_hal_cortex.o
                0x0000000008002434                HAL_NVIC_SetPriorityGrouping
 .text.HAL_NVIC_SetPriority
                0x000000000800245c       0x70 Drivers/STM32F3xx_HAL_Driver/Src/stm32f3xx_hal_cortex.o
                0x000000000800245c                HAL_NVIC_SetPriority
 .text.HAL_NVIC_EnableIRQ
                0x00000000080024cc       0x1c Drivers/STM32F3xx_HAL_Driver/Src/stm32f3xx_hal_cortex.o
                0x00000000080024cc                HAL_NVIC_EnableIRQ
 .text.HAL_SYSTICK_Config
                0x00000000080024e8       0x34 Drivers/STM32F3xx_HAL_Driver/Src/stm32f3xx_hal_cortex.o
                0x00000000080024e8                HAL_SYSTICK_Config
 .text.HAL_DMA_Init
                0x000000000800251c       0x88 Drivers/STM32F3xx_HAL_Driver/Src/stm32f3xx_hal_dma.o
                0x000000000800251c                HAL_DMA_Init
 .text.HAL_DMA_Start_IT
                0x00000000080025a4       0x84 Drivers/STM32F3xx_HAL_Driver/Src/stm32f3xx_hal_dma.o
                0x00000000080025a4                HAL_DMA_Start_IT
 .text.HAL_GPIO_Init
                0x0000000008002628      0x1f8 Drivers/STM32F3xx_HAL_Driver/Src/stm32f3xx_hal_gpio.o
                0x0000000008002628                HAL_GPIO_Init
 .text.HAL_GPIO_WritePin
                0x0000000008002820        0xc Drivers/STM32F3xx_HAL_Driver/Src/stm32f3xx_hal_gpio.o
                0x0000000008002820                HAL_GPIO_WritePin
 .text.HAL_GPIO_EXTI_Callback
                0x000000000800282c        0x4 Drivers/STM32F3xx_HAL_Driver/Src/stm32f3xx_hal_gpio.o
                0x000000000800282c                HAL_GPIO_EXTI_Callback
 .text.HAL_GPIO_EXTI_IRQHandler
                0x0000000008002830       0x18 Drivers/STM32F3xx_HAL_Driver/Src/stm32f3xx_hal_gpio.o
                0x0000000008002830                HAL_GPIO_EXTI_IRQHandler
 .text.HAL_RCC_OscConfig
                0x0000000008002848      0x5dc Drivers/STM32F3xx_HAL_Driver/Src/stm32f3xx_hal_rcc.o
                0x0000000008002848                HAL_RCC_OscConfig
 .text.HAL_RCC_ClockConfig
                0x0000000008002e24      0x1dc Drivers/STM32F3xx_HAL_Driver/Src/stm32f3xx_hal_rcc.o
                0x0000000008002e24                HAL_RCC_ClockConfig
 .text.HAL_RCC_GetSysClockFreq
                0x0000000008003000       0x5c Drivers/STM32F3xx_HAL_Driver/Src/stm32f3xx_hal_rcc.o
                0x0000000008003000                HAL_RCC_GetSysClockFreq
 .text.HAL_RCC_GetPCLK1Freq
                0x000000000800305c       0x30 Drivers/STM32F3xx_HAL_Driver/Src/stm32f3xx_hal_rcc.o
                0x000000000800305c                HAL_RCC_GetPCLK1Freq
 .text.HAL_RCC_GetPCLK2Freq
                0x000000000800308c       0x30 Drivers/STM32F3xx_HAL_Driver/Src/stm32f3xx_hal_rcc.o
                0x000000000800308c                HAL_RCC_GetPCLK2Freq
 .text.HAL_RCCEx_PeriphCLKConfig
                0x00000000080030bc      0x2a0 Drivers/STM32F3xx_HAL_Driver/Src/stm32f3xx_hal_rcc_ex.o
                0x00000000080030bc                HAL_RCCEx_PeriphCLKConfig
 .text.TIM_OC1_SetConfig
                0x000000000800335c       0x84 Drivers/STM32F3xx_HAL_Driver/Src/stm32f3xx_hal_tim.o
 .text.TIM_OC3_SetConfig
                0x00000000080033e0       0xa4 Drivers/STM32F3xx_HAL_Driver/Src/stm32f3xx_hal_tim.o
 .text.HAL_TIM_Base_Init
                0x0000000008003484      0x128 Drivers/STM32F3xx_HAL_Driver/Src/stm32f3xx_hal_tim.o
                0x0000000008003484                HAL_TIM_Base_Init
 .text.HAL_TIM_PWM_MspInit
                0x00000000080035ac        0x4 Drivers/STM32F3xx_HAL_Driver/Src/stm32f3xx_hal_tim.o
                0x00000000080035ac                HAL_TIM_PWM_MspInit
 .text.HAL_TIM_PWM_Init
                0x00000000080035b0      0x128 Drivers/STM32F3xx_HAL_Driver/Src/stm32f3xx_hal_tim.o
                0x00000000080035b0                HAL_TIM_PWM_Init
 .text.HAL_TIM_PWM_Start
                0x00000000080036d8      0x134 Drivers/STM32F3xx_HAL_Driver/Src/stm32f3xx_hal_tim.o
                0x00000000080036d8                HAL_TIM_PWM_Start
 .text.HAL_TIM_PWM_Start_IT
                0x000000000800380c      0x1a4 Drivers/STM32F3xx_HAL_Driver/Src/stm32f3xx_hal_tim.o
                0x000000000800380c                HAL_TIM_PWM_Start_IT
 .text.HAL_TIM_ConfigClockSource
                0x00000000080039b0      0x160 Drivers/STM32F3xx_HAL_Driver/Src/stm32f3xx_hal_tim.o
                0x00000000080039b0                HAL_TIM_ConfigClockSource
 .text.HAL_TIM_PeriodElapsedCallback
                0x0000000008003b10        0x4 Drivers/STM32F3xx_HAL_Driver/Src/stm32f3xx_hal_tim.o
                0x0000000008003b10                HAL_TIM_PeriodElapsedCallback
 .text.HAL_TIM_OC_DelayElapsedCallback
                0x0000000008003b14        0x4 Drivers/STM32F3xx_HAL_Driver/Src/stm32f3xx_hal_tim.o
                0x0000000008003b14                HAL_TIM_OC_DelayElapsedCallback
 .text.HAL_TIM_IC_CaptureCallback
                0x0000000008003b18        0x4 Drivers/STM32F3xx_HAL_Driver/Src/stm32f3xx_hal_tim.o
                0x0000000008003b18                HAL_TIM_IC_CaptureCallback
 .text.HAL_TIM_PWM_PulseFinishedCallback
                0x0000000008003b1c        0x4 Drivers/STM32F3xx_HAL_Driver/Src/stm32f3xx_hal_tim.o
                0x0000000008003b1c                HAL_TIM_PWM_PulseFinishedCallback
 .text.HAL_TIM_TriggerCallback
                0x0000000008003b20        0x4 Drivers/STM32F3xx_HAL_Driver/Src/stm32f3xx_hal_tim.o
                0x0000000008003b20                HAL_TIM_TriggerCallback
 .text.HAL_TIM_IRQHandler
                0x0000000008003b24      0x170 Drivers/STM32F3xx_HAL_Driver/Src/stm32f3xx_hal_tim.o
                0x0000000008003b24                HAL_TIM_IRQHandler
 .text.TIM_OC2_SetConfig
                0x0000000008003c94       0xa4 Drivers/STM32F3xx_HAL_Driver/Src/stm32f3xx_hal_tim.o
                0x0000000008003c94                TIM_OC2_SetConfig
 .text.HAL_TIM_PWM_ConfigChannel
                0x0000000008003d38      0x264 Drivers/STM32F3xx_HAL_Driver/Src/stm32f3xx_hal_tim.o
                0x0000000008003d38                HAL_TIM_PWM_ConfigChannel
 .text.HAL_TIMEx_MasterConfigSynchronization
                0x0000000008003f9c       0xb4 Drivers/STM32F3xx_HAL_Driver/Src/stm32f3xx_hal_tim_ex.o
                0x0000000008003f9c                HAL_TIMEx_MasterConfigSynchronization
 .text.HAL_TIMEx_ConfigBreakDeadTime
                0x0000000008004050       0x90 Drivers/STM32F3xx_HAL_Driver/Src/stm32f3xx_hal_tim_ex.o
                0x0000000008004050                HAL_TIMEx_ConfigBreakDeadTime
 .text.HAL_TIMEx_CommutCallback
                0x00000000080040e0        0x4 Drivers/STM32F3xx_HAL_Driver/Src/stm32f3xx_hal_tim_ex.o
                0x00000000080040e0                HAL_TIMEx_CommutCallback
 .text.HAL_TIMEx_BreakCallback
                0x00000000080040e4        0x4 Drivers/STM32F3xx_HAL_Driver/Src/stm32f3xx_hal_tim_ex.o
                0x00000000080040e4                HAL_TIMEx_BreakCallback
 .text.HAL_TIMEx_Break2Callback
                0x00000000080040e8        0x4 Drivers/STM32F3xx_HAL_Driver/Src/stm32f3xx_hal_tim_ex.o
                0x00000000080040e8                HAL_TIMEx_Break2Callback
 .text.UART_SetConfig
                0x00000000080040ec      0x25c Drivers/STM32F3xx_HAL_Driver/Src/stm32f3xx_hal_uart.o
                0x00000000080040ec                UART_SetConfig
 .text.UART_AdvFeatureConfig
                0x0000000008004348       0xb0 Drivers/STM32F3xx_HAL_Driver/Src/stm32f3xx_hal_uart.o
                0x0000000008004348                UART_AdvFeatureConfig
 .text.UART_WaitOnFlagUntilTimeout
                0x00000000080043f8       0xe8 Drivers/STM32F3xx_HAL_Driver/Src/stm32f3xx_hal_uart.o
                0x00000000080043f8                UART_WaitOnFlagUntilTimeout
 .text.HAL_UART_Init
                0x00000000080044e0       0xd0 Drivers/STM32F3xx_HAL_Driver/Src/stm32f3xx_hal_uart.o
                0x00000000080044e0                HAL_UART_Init
 .text.__libc_init_array
                0x00000000080045b0       0x48 c:/st/stm32cubeide_1.6.1/stm32cubeide/plugins/com.st.stm32cube.ide.mcu.externaltools.gnu-tools-for-stm32.9-2020-q2-update.win32_1.5.0.202011040924/tools/bin/../lib/gcc/arm-none-eabi/9.3.1/../../../../arm-none-eabi/lib/thumb/v7e-m+fp/hard\libc_nano.a(lib_a-init.o)
                0x00000000080045b0                __libc_init_array
 .text.memset   0x00000000080045f8       0x10 c:/st/stm32cubeide_1.6.1/stm32cubeide/plugins/com.st.stm32cube.ide.mcu.externaltools.gnu-tools-for-stm32.9-2020-q2-update.win32_1.5.0.202011040924/tools/bin/../lib/gcc/arm-none-eabi/9.3.1/../../../../arm-none-eabi/lib/thumb/v7e-m+fp/hard\libc_nano.a(lib_a-memset.o)
                0x00000000080045f8                memset
 *(.glue_7)
 .glue_7        0x0000000008004608        0x0 linker stubs
 *(.glue_7t)
 .glue_7t       0x0000000008004608        0x0 linker stubs
 *(.eh_frame)
 .eh_frame      0x0000000008004608        0x0 c:/st/stm32cubeide_1.6.1/stm32cubeide/plugins/com.st.stm32cube.ide.mcu.externaltools.gnu-tools-for-stm32.9-2020-q2-update.win32_1.5.0.202011040924/tools/bin/../lib/gcc/arm-none-eabi/9.3.1/thumb/v7e-m+fp/hard/crtbegin.o
 *(.init)
 .init          0x0000000008004608        0x4 c:/st/stm32cubeide_1.6.1/stm32cubeide/plugins/com.st.stm32cube.ide.mcu.externaltools.gnu-tools-for-stm32.9-2020-q2-update.win32_1.5.0.202011040924/tools/bin/../lib/gcc/arm-none-eabi/9.3.1/thumb/v7e-m+fp/hard/crti.o
                0x0000000008004608                _init
 .init          0x000000000800460c        0x8 c:/st/stm32cubeide_1.6.1/stm32cubeide/plugins/com.st.stm32cube.ide.mcu.externaltools.gnu-tools-for-stm32.9-2020-q2-update.win32_1.5.0.202011040924/tools/bin/../lib/gcc/arm-none-eabi/9.3.1/thumb/v7e-m+fp/hard/crtn.o
 *(.fini)
 .fini          0x0000000008004614        0x4 c:/st/stm32cubeide_1.6.1/stm32cubeide/plugins/com.st.stm32cube.ide.mcu.externaltools.gnu-tools-for-stm32.9-2020-q2-update.win32_1.5.0.202011040924/tools/bin/../lib/gcc/arm-none-eabi/9.3.1/thumb/v7e-m+fp/hard/crti.o
                0x0000000008004614                _fini
 .fini          0x0000000008004618        0x8 c:/st/stm32cubeide_1.6.1/stm32cubeide/plugins/com.st.stm32cube.ide.mcu.externaltools.gnu-tools-for-stm32.9-2020-q2-update.win32_1.5.0.202011040924/tools/bin/../lib/gcc/arm-none-eabi/9.3.1/thumb/v7e-m+fp/hard/crtn.o
                0x0000000008004620                . = ALIGN (0x4)
                0x0000000008004620                _etext = .

.vfp11_veneer   0x0000000008004620        0x0
 .vfp11_veneer  0x0000000008004620        0x0 linker stubs

.v4_bx          0x0000000008004620        0x0
 .v4_bx         0x0000000008004620        0x0 linker stubs

.iplt           0x0000000008004620        0x0
 .iplt          0x0000000008004620        0x0 c:/st/stm32cubeide_1.6.1/stm32cubeide/plugins/com.st.stm32cube.ide.mcu.externaltools.gnu-tools-for-stm32.9-2020-q2-update.win32_1.5.0.202011040924/tools/bin/../lib/gcc/arm-none-eabi/9.3.1/thumb/v7e-m+fp/hard/crtbegin.o

.rodata         0x0000000008004620      0x258
                0x0000000008004620                . = ALIGN (0x4)
 *(.rodata)
 *(.rodata*)
 .rodata.atan2Error
                0x0000000008004620      0x168 Core/Src/MPC_math.o
                0x0000000008004620                atan2Error
 .rodata.sinTable
                0x0000000008004788       0xb4 Core/Src/MPC_math.o
                0x0000000008004788                sinTable
 .rodata.AHBPrescTable
                0x000000000800483c       0x10 Core/Src/system_stm32f3xx.o
                0x000000000800483c                AHBPrescTable
 .rodata.APBPrescTable
                0x000000000800484c        0x8 Core/Src/system_stm32f3xx.o
                0x000000000800484c                APBPrescTable
 .rodata.aPLLMULFactorTable
                0x0000000008004854       0x10 Drivers/STM32F3xx_HAL_Driver/Src/stm32f3xx_hal_rcc.o
                0x0000000008004854                aPLLMULFactorTable
 .rodata.aPredivFactorTable
                0x0000000008004864       0x10 Drivers/STM32F3xx_HAL_Driver/Src/stm32f3xx_hal_rcc.o
                0x0000000008004864                aPredivFactorTable
 .rodata.CSWTCH.53
                0x0000000008004874        0x3 Drivers/STM32F3xx_HAL_Driver/Src/stm32f3xx_hal_uart.o
                0x0000000008004878                . = ALIGN (0x4)
 *fill*         0x0000000008004877        0x1 

.rel.dyn        0x0000000008004878        0x0
 .rel.iplt      0x0000000008004878        0x0 c:/st/stm32cubeide_1.6.1/stm32cubeide/plugins/com.st.stm32cube.ide.mcu.externaltools.gnu-tools-for-stm32.9-2020-q2-update.win32_1.5.0.202011040924/tools/bin/../lib/gcc/arm-none-eabi/9.3.1/thumb/v7e-m+fp/hard/crtbegin.o

.ARM.extab      0x0000000008004878        0x0
                0x0000000008004878                . = ALIGN (0x4)
 *(.ARM.extab* .gnu.linkonce.armextab.*)
                0x0000000008004878                . = ALIGN (0x4)

.ARM            0x0000000008004878        0x0
                0x0000000008004878                . = ALIGN (0x4)
                0x0000000008004878                __exidx_start = .
 *(.ARM.exidx*)
                0x0000000008004878                __exidx_end = .
                0x0000000008004878                . = ALIGN (0x4)

.preinit_array  0x0000000008004878        0x0
                0x0000000008004878                . = ALIGN (0x4)
                0x0000000008004878                PROVIDE (__preinit_array_start = .)
 *(.preinit_array*)
                0x0000000008004878                PROVIDE (__preinit_array_end = .)
                0x0000000008004878                . = ALIGN (0x4)

.init_array     0x0000000008004878        0x4
                0x0000000008004878                . = ALIGN (0x4)
                0x0000000008004878                PROVIDE (__init_array_start = .)
 *(SORT_BY_NAME(.init_array.*))
 *(.init_array*)
 .init_array    0x0000000008004878        0x4 c:/st/stm32cubeide_1.6.1/stm32cubeide/plugins/com.st.stm32cube.ide.mcu.externaltools.gnu-tools-for-stm32.9-2020-q2-update.win32_1.5.0.202011040924/tools/bin/../lib/gcc/arm-none-eabi/9.3.1/thumb/v7e-m+fp/hard/crtbegin.o
                0x000000000800487c                PROVIDE (__init_array_end = .)
                0x000000000800487c                . = ALIGN (0x4)

.fini_array     0x000000000800487c        0x4
                0x000000000800487c                . = ALIGN (0x4)
                [!provide]                        PROVIDE (__fini_array_start = .)
 *(SORT_BY_NAME(.fini_array.*))
 *(.fini_array*)
 .fini_array    0x000000000800487c        0x4 c:/st/stm32cubeide_1.6.1/stm32cubeide/plugins/com.st.stm32cube.ide.mcu.externaltools.gnu-tools-for-stm32.9-2020-q2-update.win32_1.5.0.202011040924/tools/bin/../lib/gcc/arm-none-eabi/9.3.1/thumb/v7e-m+fp/hard/crtbegin.o
                [!provide]                        PROVIDE (__fini_array_end = .)
                0x0000000008004880                . = ALIGN (0x4)
                0x0000000008004880                _sidata = LOADADDR (.data)

.data           0x0000000020000000       0x38 load address 0x0000000008004880
                0x0000000020000000                . = ALIGN (0x4)
                0x0000000020000000                _sdata = .
 *(.data)
 *(.data*)
 .data.Ts       0x0000000020000000        0x2 Core/Src/MPC_PWM.o
                0x0000000020000000                Ts
 .data.V        0x0000000020000002        0x2 Core/Src/MPC_PWM.o
                0x0000000020000002                V
 .data.run      0x0000000020000004        0x1 Core/Src/MPC_PWM.o
                0x0000000020000004                run
 *fill*         0x0000000020000005        0x3 
 .data.states   0x0000000020000008       0x18 Core/Src/MPC_core.o
                0x0000000020000008                states
 .data.clockTicks
                0x0000000020000020        0x2 Core/Src/MPC_feedback.o
                0x0000000020000020                clockTicks
 *fill*         0x0000000020000022        0x2 
 .data.c1       0x0000000020000024        0x4 Core/Src/MPC_math.o
                0x0000000020000024                c1
 .data.c2       0x0000000020000028        0x4 Core/Src/MPC_math.o
                0x0000000020000028                c2
 .data.SystemCoreClock
                0x000000002000002c        0x4 Core/Src/system_stm32f3xx.o
                0x000000002000002c                SystemCoreClock
 .data.uwTickFreq
                0x0000000020000030        0x1 Drivers/STM32F3xx_HAL_Driver/Src/stm32f3xx_hal.o
                0x0000000020000030                uwTickFreq
 *fill*         0x0000000020000031        0x3 
 .data.uwTickPrio
                0x0000000020000034        0x4 Drivers/STM32F3xx_HAL_Driver/Src/stm32f3xx_hal.o
                0x0000000020000034                uwTickPrio
 *(.RamFunc)
 *(.RamFunc*)
                0x0000000020000038                . = ALIGN (0x4)
                0x0000000020000038                _edata = .

.igot.plt       0x0000000020000038        0x0 load address 0x00000000080048b8
 .igot.plt      0x0000000020000038        0x0 c:/st/stm32cubeide_1.6.1/stm32cubeide/plugins/com.st.stm32cube.ide.mcu.externaltools.gnu-tools-for-stm32.9-2020-q2-update.win32_1.5.0.202011040924/tools/bin/../lib/gcc/arm-none-eabi/9.3.1/thumb/v7e-m+fp/hard/crtbegin.o
                0x0000000020000038                . = ALIGN (0x4)

.bss            0x0000000020000038      0x38c load address 0x00000000080048b8
                0x0000000020000038                _sbss = .
                0x0000000020000038                __bss_start__ = _sbss
 *(.bss)
 .bss           0x0000000020000038       0x1c c:/st/stm32cubeide_1.6.1/stm32cubeide/plugins/com.st.stm32cube.ide.mcu.externaltools.gnu-tools-for-stm32.9-2020-q2-update.win32_1.5.0.202011040924/tools/bin/../lib/gcc/arm-none-eabi/9.3.1/thumb/v7e-m+fp/hard/crtbegin.o
 *(.bss*)
 .bss.T0        0x0000000020000054        0x4 Core/Src/MPC_PWM.o
                0x0000000020000054                T0
 .bss.T1        0x0000000020000058        0x4 Core/Src/MPC_PWM.o
                0x0000000020000058                T1
 .bss.T2        0x000000002000005c        0x4 Core/Src/MPC_PWM.o
                0x000000002000005c                T2
 .bss.Ta        0x0000000020000060        0x2 Core/Src/MPC_PWM.o
                0x0000000020000060                Ta
 .bss.Tb        0x0000000020000062        0x2 Core/Src/MPC_PWM.o
                0x0000000020000062                Tb
 .bss.Tc        0x0000000020000064        0x2 Core/Src/MPC_PWM.o
                0x0000000020000064                Tc
 .bss.n         0x0000000020000066        0x1 Core/Src/MPC_PWM.o
                0x0000000020000066                n
 *fill*         0x0000000020000067        0x1 
 .bss.wt        0x0000000020000068        0x2 Core/Src/MPC_PWM.o
                0x0000000020000068                wt
 *fill*         0x000000002000006a        0x2 
 .bss.Iterm     0x000000002000006c        0x4 Core/Src/MPC_core.o
                0x000000002000006c                Iterm
 .bss.cnts      0x0000000020000070        0x2 Core/Src/MPC_core.o
                0x0000000020000070                cnts
 .bss.iqRef     0x0000000020000072        0x2 Core/Src/MPC_core.o
                0x0000000020000072                iqRef
 .bss.abs_y     0x0000000020000074        0x4 Core/Src/MPC_math.o
                0x0000000020000074                abs_y
 .bss.angle     0x0000000020000078        0x4 Core/Src/MPC_math.o
                0x0000000020000078                angle
 .bss.r         0x000000002000007c        0x4 Core/Src/MPC_math.o
                0x000000002000007c                r
 .bss.tempTheta
                0x0000000020000080        0x2 Core/Src/MPC_math.o
                0x0000000020000080                tempTheta
 *fill*         0x0000000020000082        0x2 
 .bss.HAL_RCC_ADC12_CLK_ENABLED
                0x0000000020000084        0x4 Core/Src/stm32f3xx_hal_msp.o
 *(COMMON)
 COMMON         0x0000000020000088       0x10 Core/Src/MPC_PWM.o
                0x0000000020000088                cos240
                0x000000002000008a                cos120
                0x000000002000008c                iq_pred
                0x000000002000008e                sin240
                0x0000000020000090                sin000
                0x0000000020000092                id_pred
                0x0000000020000094                cos000
                0x0000000020000096                sin120
 COMMON         0x0000000020000098       0xf8 Core/Src/MPC_communication.o
                0x0000000020000098                Ia
                0x000000002000009c                txData
                0x00000000200000a2                dTheta
                0x00000000200000a4                Ec
                0x00000000200000a6                Va
                0x00000000200000a8                Vdq
                0x00000000200000b0                theta
                0x00000000200000b4                Iab
                0x00000000200000bc                Ib
                0x00000000200000be                Vc
                0x00000000200000c0                Valbt
                0x00000000200000c8                Ea
                0x00000000200000cc                Edq
                0x00000000200000d4                thetaOld
                0x00000000200000d6                Ic
                0x00000000200000d8                Vb
                0x00000000200000dc                speed
                0x00000000200000e0                Eab
                0x00000000200000e8                huart2
                0x000000002000016c                Eb
                0x0000000020000170                Idq
                0x0000000020000178                IalbtReq
                0x0000000020000180                Ealbt
                0x0000000020000188                Ialbt
 COMMON         0x0000000020000190       0x34 Core/Src/MPC_core.o
                0x0000000020000190                D
                0x0000000020000194                j
                0x0000000020000198                costTemp
                0x000000002000019c                cost
                0x00000000200001a0                IdPred
                0x00000000200001a4                executionCount
                0x00000000200001a8                i
                0x00000000200001ac                Kterm
                0x00000000200001b0                error
                0x00000000200001b4                IalphaPred
                0x00000000200001b8                IqPred
                0x00000000200001bc                optimalVector
                0x00000000200001bd                optimalDuty
                0x00000000200001c0                IbetaPred
 COMMON         0x00000000200001c4      0x1fc Core/Src/main.o
                0x00000000200001c4                hdma_usart2_rx
                0x0000000020000208                hadc2
                0x0000000020000258                hadc1
                0x00000000200002a8                hdma_usart2_tx
                0x00000000200002ec                hdma_adc1
                0x0000000020000330                htim1
                0x000000002000037c                hdma_adc2
 COMMON         0x00000000200003c0        0x4 Drivers/STM32F3xx_HAL_Driver/Src/stm32f3xx_hal.o
                0x00000000200003c0                uwTick
                0x00000000200003c4                . = ALIGN (0x4)
                0x00000000200003c4                _ebss = .
                0x00000000200003c4                __bss_end__ = _ebss

._user_heap_stack
                0x00000000200003c4      0x604 load address 0x00000000080048b8
                0x00000000200003c8                . = ALIGN (0x8)
 *fill*         0x00000000200003c4        0x4 
                [!provide]                        PROVIDE (end = .)
                0x00000000200003c8                PROVIDE (_end = .)
                0x00000000200005c8                . = (. + _Min_Heap_Size)
 *fill*         0x00000000200003c8      0x200 
                0x00000000200009c8                . = (. + _Min_Stack_Size)
 *fill*         0x00000000200005c8      0x400 
                0x00000000200009c8                . = ALIGN (0x8)

/DISCARD/
 libc.a(*)
 libm.a(*)
 libgcc.a(*)

.ARM.attributes
                0x0000000000000000       0x30
 *(.ARM.attributes)
 .ARM.attributes
                0x0000000000000000       0x1e c:/st/stm32cubeide_1.6.1/stm32cubeide/plugins/com.st.stm32cube.ide.mcu.externaltools.gnu-tools-for-stm32.9-2020-q2-update.win32_1.5.0.202011040924/tools/bin/../lib/gcc/arm-none-eabi/9.3.1/thumb/v7e-m+fp/hard/crti.o
 .ARM.attributes
                0x000000000000001e       0x34 c:/st/stm32cubeide_1.6.1/stm32cubeide/plugins/com.st.stm32cube.ide.mcu.externaltools.gnu-tools-for-stm32.9-2020-q2-update.win32_1.5.0.202011040924/tools/bin/../lib/gcc/arm-none-eabi/9.3.1/thumb/v7e-m+fp/hard/crtbegin.o
 .ARM.attributes
                0x0000000000000052       0x30 Core/Src/MPC_PWM.o
 .ARM.attributes
                0x0000000000000082       0x30 Core/Src/MPC_communication.o
 .ARM.attributes
                0x00000000000000b2       0x30 Core/Src/MPC_core.o
 .ARM.attributes
                0x00000000000000e2       0x30 Core/Src/MPC_feedback.o
 .ARM.attributes
                0x0000000000000112       0x30 Core/Src/MPC_math.o
 .ARM.attributes
                0x0000000000000142       0x30 Core/Src/main.o
 .ARM.attributes
                0x0000000000000172       0x30 Core/Src/stm32f3xx_hal_msp.o
 .ARM.attributes
                0x00000000000001a2       0x30 Core/Src/stm32f3xx_it.o
 .ARM.attributes
                0x00000000000001d2       0x30 Core/Src/system_stm32f3xx.o
 .ARM.attributes
                0x0000000000000202       0x21 Core/Startup/startup_stm32f303retx.o
 .ARM.attributes
                0x0000000000000223       0x30 Drivers/STM32F3xx_HAL_Driver/Src/stm32f3xx_hal.o
 .ARM.attributes
                0x0000000000000253       0x30 Drivers/STM32F3xx_HAL_Driver/Src/stm32f3xx_hal_adc.o
 .ARM.attributes
                0x0000000000000283       0x30 Drivers/STM32F3xx_HAL_Driver/Src/stm32f3xx_hal_adc_ex.o
 .ARM.attributes
                0x00000000000002b3       0x30 Drivers/STM32F3xx_HAL_Driver/Src/stm32f3xx_hal_cortex.o
 .ARM.attributes
                0x00000000000002e3       0x30 Drivers/STM32F3xx_HAL_Driver/Src/stm32f3xx_hal_dma.o
 .ARM.attributes
                0x0000000000000313       0x30 Drivers/STM32F3xx_HAL_Driver/Src/stm32f3xx_hal_gpio.o
 .ARM.attributes
                0x0000000000000343       0x30 Drivers/STM32F3xx_HAL_Driver/Src/stm32f3xx_hal_rcc.o
 .ARM.attributes
                0x0000000000000373       0x30 Drivers/STM32F3xx_HAL_Driver/Src/stm32f3xx_hal_rcc_ex.o
 .ARM.attributes
                0x00000000000003a3       0x30 Drivers/STM32F3xx_HAL_Driver/Src/stm32f3xx_hal_tim.o
 .ARM.attributes
                0x00000000000003d3       0x30 Drivers/STM32F3xx_HAL_Driver/Src/stm32f3xx_hal_tim_ex.o
 .ARM.attributes
                0x0000000000000403       0x30 Drivers/STM32F3xx_HAL_Driver/Src/stm32f3xx_hal_uart.o
 .ARM.attributes
                0x0000000000000433       0x1e c:/st/stm32cubeide_1.6.1/stm32cubeide/plugins/com.st.stm32cube.ide.mcu.externaltools.gnu-tools-for-stm32.9-2020-q2-update.win32_1.5.0.202011040924/tools/bin/../lib/gcc/arm-none-eabi/9.3.1/thumb/v7e-m+fp/hard\libgcc.a(_arm_addsubdf3.o)
 .ARM.attributes
                0x0000000000000451       0x1e c:/st/stm32cubeide_1.6.1/stm32cubeide/plugins/com.st.stm32cube.ide.mcu.externaltools.gnu-tools-for-stm32.9-2020-q2-update.win32_1.5.0.202011040924/tools/bin/../lib/gcc/arm-none-eabi/9.3.1/thumb/v7e-m+fp/hard\libgcc.a(_arm_truncdfsf2.o)
 .ARM.attributes
                0x000000000000046f       0x34 c:/st/stm32cubeide_1.6.1/stm32cubeide/plugins/com.st.stm32cube.ide.mcu.externaltools.gnu-tools-for-stm32.9-2020-q2-update.win32_1.5.0.202011040924/tools/bin/../lib/gcc/arm-none-eabi/9.3.1/../../../../arm-none-eabi/lib/thumb/v7e-m+fp/hard\libc_nano.a(lib_a-init.o)
 .ARM.attributes
                0x00000000000004a3       0x34 c:/st/stm32cubeide_1.6.1/stm32cubeide/plugins/com.st.stm32cube.ide.mcu.externaltools.gnu-tools-for-stm32.9-2020-q2-update.win32_1.5.0.202011040924/tools/bin/../lib/gcc/arm-none-eabi/9.3.1/../../../../arm-none-eabi/lib/thumb/v7e-m+fp/hard\libc_nano.a(lib_a-memset.o)
 .ARM.attributes
                0x00000000000004d7       0x1e c:/st/stm32cubeide_1.6.1/stm32cubeide/plugins/com.st.stm32cube.ide.mcu.externaltools.gnu-tools-for-stm32.9-2020-q2-update.win32_1.5.0.202011040924/tools/bin/../lib/gcc/arm-none-eabi/9.3.1/thumb/v7e-m+fp/hard/crtn.o
OUTPUT(MPC_12_11.elf elf32-littlearm)
LOAD linker stubs
LOAD c:/st/stm32cubeide_1.6.1/stm32cubeide/plugins/com.st.stm32cube.ide.mcu.externaltools.gnu-tools-for-stm32.9-2020-q2-update.win32_1.5.0.202011040924/tools/bin/../lib/gcc/arm-none-eabi/9.3.1/../../../../arm-none-eabi/lib/thumb/v7e-m+fp/hard\libc.a
LOAD c:/st/stm32cubeide_1.6.1/stm32cubeide/plugins/com.st.stm32cube.ide.mcu.externaltools.gnu-tools-for-stm32.9-2020-q2-update.win32_1.5.0.202011040924/tools/bin/../lib/gcc/arm-none-eabi/9.3.1/../../../../arm-none-eabi/lib/thumb/v7e-m+fp/hard\libm.a
LOAD c:/st/stm32cubeide_1.6.1/stm32cubeide/plugins/com.st.stm32cube.ide.mcu.externaltools.gnu-tools-for-stm32.9-2020-q2-update.win32_1.5.0.202011040924/tools/bin/../lib/gcc/arm-none-eabi/9.3.1/thumb/v7e-m+fp/hard\libgcc.a

.debug_info     0x0000000000000000    0x1cf59
 .debug_info    0x0000000000000000      0x48f Core/Src/MPC_PWM.o
 .debug_info    0x000000000000048f      0xe6f Core/Src/MPC_communication.o
 .debug_info    0x00000000000012fe     0x1965 Core/Src/MPC_core.o
 .debug_info    0x0000000000002c63      0xbcf Core/Src/MPC_feedback.o
 .debug_info    0x0000000000003832      0x637 Core/Src/MPC_math.o
 .debug_info    0x0000000000003e69     0x240b Core/Src/main.o
 .debug_info    0x0000000000006274     0x179f Core/Src/stm32f3xx_hal_msp.o
 .debug_info    0x0000000000007a13      0x8f8 Core/Src/stm32f3xx_it.o
 .debug_info    0x000000000000830b      0x4ae Core/Src/system_stm32f3xx.o
 .debug_info    0x00000000000087b9       0x22 Core/Startup/startup_stm32f303retx.o
 .debug_info    0x00000000000087db      0x96c Drivers/STM32F3xx_HAL_Driver/Src/stm32f3xx_hal.o
 .debug_info    0x0000000000009147      0xc37 Drivers/STM32F3xx_HAL_Driver/Src/stm32f3xx_hal_adc.o
 .debug_info    0x0000000000009d7e     0x1e5b Drivers/STM32F3xx_HAL_Driver/Src/stm32f3xx_hal_adc_ex.o
 .debug_info    0x000000000000bbd9     0x10df Drivers/STM32F3xx_HAL_Driver/Src/stm32f3xx_hal_cortex.o
 .debug_info    0x000000000000ccb8      0x9a2 Drivers/STM32F3xx_HAL_Driver/Src/stm32f3xx_hal_dma.o
 .debug_info    0x000000000000d65a      0x879 Drivers/STM32F3xx_HAL_Driver/Src/stm32f3xx_hal_gpio.o
 .debug_info    0x000000000000ded3     0x17de Drivers/STM32F3xx_HAL_Driver/Src/stm32f3xx_hal_rcc.o
 .debug_info    0x000000000000f6b1      0x9db Drivers/STM32F3xx_HAL_Driver/Src/stm32f3xx_hal_rcc_ex.o
 .debug_info    0x000000000001008c     0x50b8 Drivers/STM32F3xx_HAL_Driver/Src/stm32f3xx_hal_tim.o
 .debug_info    0x0000000000015144     0x1daf Drivers/STM32F3xx_HAL_Driver/Src/stm32f3xx_hal_tim_ex.o
 .debug_info    0x0000000000016ef3     0x6066 Drivers/STM32F3xx_HAL_Driver/Src/stm32f3xx_hal_uart.o

.debug_abbrev   0x0000000000000000     0x34da
 .debug_abbrev  0x0000000000000000      0x15e Core/Src/MPC_PWM.o
 .debug_abbrev  0x000000000000015e      0x1bd Core/Src/MPC_communication.o
 .debug_abbrev  0x000000000000031b      0x292 Core/Src/MPC_core.o
 .debug_abbrev  0x00000000000005ad      0x23e Core/Src/MPC_feedback.o
 .debug_abbrev  0x00000000000007eb      0x229 Core/Src/MPC_math.o
 .debug_abbrev  0x0000000000000a14      0x342 Core/Src/main.o
 .debug_abbrev  0x0000000000000d56      0x263 Core/Src/stm32f3xx_hal_msp.o
 .debug_abbrev  0x0000000000000fb9      0x1c4 Core/Src/stm32f3xx_it.o
 .debug_abbrev  0x000000000000117d      0x14b Core/Src/system_stm32f3xx.o
 .debug_abbrev  0x00000000000012c8       0x12 Core/Startup/startup_stm32f303retx.o
 .debug_abbrev  0x00000000000012da      0x27e Drivers/STM32F3xx_HAL_Driver/Src/stm32f3xx_hal.o
 .debug_abbrev  0x0000000000001558      0x21d Drivers/STM32F3xx_HAL_Driver/Src/stm32f3xx_hal_adc.o
 .debug_abbrev  0x0000000000001775      0x366 Drivers/STM32F3xx_HAL_Driver/Src/stm32f3xx_hal_adc_ex.o
 .debug_abbrev  0x0000000000001adb      0x389 Drivers/STM32F3xx_HAL_Driver/Src/stm32f3xx_hal_cortex.o
 .debug_abbrev  0x0000000000001e64      0x283 Drivers/STM32F3xx_HAL_Driver/Src/stm32f3xx_hal_dma.o
 .debug_abbrev  0x00000000000020e7      0x228 Drivers/STM32F3xx_HAL_Driver/Src/stm32f3xx_hal_gpio.o
 .debug_abbrev  0x000000000000230f      0x360 Drivers/STM32F3xx_HAL_Driver/Src/stm32f3xx_hal_rcc.o
 .debug_abbrev  0x000000000000266f      0x2cf Drivers/STM32F3xx_HAL_Driver/Src/stm32f3xx_hal_rcc_ex.o
 .debug_abbrev  0x000000000000293e      0x3c9 Drivers/STM32F3xx_HAL_Driver/Src/stm32f3xx_hal_tim.o
 .debug_abbrev  0x0000000000002d07      0x36d Drivers/STM32F3xx_HAL_Driver/Src/stm32f3xx_hal_tim_ex.o
 .debug_abbrev  0x0000000000003074      0x466 Drivers/STM32F3xx_HAL_Driver/Src/stm32f3xx_hal_uart.o

.debug_aranges  0x0000000000000000      0xc40
 .debug_aranges
                0x0000000000000000       0x20 Core/Src/MPC_PWM.o
 .debug_aranges
                0x0000000000000020       0x20 Core/Src/MPC_communication.o
 .debug_aranges
                0x0000000000000040       0x48 Core/Src/MPC_core.o
 .debug_aranges
                0x0000000000000088       0x38 Core/Src/MPC_feedback.o
 .debug_aranges
                0x00000000000000c0       0x58 Core/Src/MPC_math.o
 .debug_aranges
                0x0000000000000118       0x30 Core/Src/main.o
 .debug_aranges
                0x0000000000000148       0x58 Core/Src/stm32f3xx_hal_msp.o
 .debug_aranges
                0x00000000000001a0       0x28 Core/Src/stm32f3xx_it.o
 .debug_aranges
                0x00000000000001c8       0x28 Core/Src/system_stm32f3xx.o
 .debug_aranges
                0x00000000000001f0       0x28 Core/Startup/startup_stm32f303retx.o
 .debug_aranges
                0x0000000000000218       0xd8 Drivers/STM32F3xx_HAL_Driver/Src/stm32f3xx_hal.o
 .debug_aranges
                0x00000000000002f0       0x60 Drivers/STM32F3xx_HAL_Driver/Src/stm32f3xx_hal_adc.o
 .debug_aranges
                0x0000000000000350      0x150 Drivers/STM32F3xx_HAL_Driver/Src/stm32f3xx_hal_adc_ex.o
 .debug_aranges
                0x00000000000004a0       0xa8 Drivers/STM32F3xx_HAL_Driver/Src/stm32f3xx_hal_cortex.o
 .debug_aranges
                0x0000000000000548       0x78 Drivers/STM32F3xx_HAL_Driver/Src/stm32f3xx_hal_dma.o
 .debug_aranges
                0x00000000000005c0       0x58 Drivers/STM32F3xx_HAL_Driver/Src/stm32f3xx_hal_gpio.o
 .debug_aranges
                0x0000000000000618       0x88 Drivers/STM32F3xx_HAL_Driver/Src/stm32f3xx_hal_rcc.o
 .debug_aranges
                0x00000000000006a0       0x30 Drivers/STM32F3xx_HAL_Driver/Src/stm32f3xx_hal_rcc_ex.o
 .debug_aranges
                0x00000000000006d0      0x288 Drivers/STM32F3xx_HAL_Driver/Src/stm32f3xx_hal_tim.o
 .debug_aranges
                0x0000000000000958      0x118 Drivers/STM32F3xx_HAL_Driver/Src/stm32f3xx_hal_tim_ex.o
 .debug_aranges
                0x0000000000000a70      0x1d0 Drivers/STM32F3xx_HAL_Driver/Src/stm32f3xx_hal_uart.o

.debug_ranges   0x0000000000000000     0x2340
 .debug_ranges  0x0000000000000000       0x10 Core/Src/MPC_PWM.o
 .debug_ranges  0x0000000000000010       0x10 Core/Src/MPC_communication.o
 .debug_ranges  0x0000000000000020       0x38 Core/Src/MPC_core.o
 .debug_ranges  0x0000000000000058       0x50 Core/Src/MPC_feedback.o
 .debug_ranges  0x00000000000000a8       0xe0 Core/Src/MPC_math.o
 .debug_ranges  0x0000000000000188      0x428 Core/Src/main.o
 .debug_ranges  0x00000000000005b0      0x160 Core/Src/stm32f3xx_hal_msp.o
 .debug_ranges  0x0000000000000710       0x18 Core/Src/stm32f3xx_it.o
 .debug_ranges  0x0000000000000728       0x18 Core/Src/system_stm32f3xx.o
 .debug_ranges  0x0000000000000740       0x20 Core/Startup/startup_stm32f303retx.o
 .debug_ranges  0x0000000000000760       0xc8 Drivers/STM32F3xx_HAL_Driver/Src/stm32f3xx_hal.o
 .debug_ranges  0x0000000000000828       0x50 Drivers/STM32F3xx_HAL_Driver/Src/stm32f3xx_hal_adc.o
 .debug_ranges  0x0000000000000878      0x140 Drivers/STM32F3xx_HAL_Driver/Src/stm32f3xx_hal_adc_ex.o
 .debug_ranges  0x00000000000009b8      0x1c0 Drivers/STM32F3xx_HAL_Driver/Src/stm32f3xx_hal_cortex.o
 .debug_ranges  0x0000000000000b78      0x110 Drivers/STM32F3xx_HAL_Driver/Src/stm32f3xx_hal_dma.o
 .debug_ranges  0x0000000000000c88       0x60 Drivers/STM32F3xx_HAL_Driver/Src/stm32f3xx_hal_gpio.o
 .debug_ranges  0x0000000000000ce8      0x438 Drivers/STM32F3xx_HAL_Driver/Src/stm32f3xx_hal_rcc.o
 .debug_ranges  0x0000000000001120       0xe8 Drivers/STM32F3xx_HAL_Driver/Src/stm32f3xx_hal_rcc_ex.o
 .debug_ranges  0x0000000000001208      0x940 Drivers/STM32F3xx_HAL_Driver/Src/stm32f3xx_hal_tim.o
 .debug_ranges  0x0000000000001b48      0x1b8 Drivers/STM32F3xx_HAL_Driver/Src/stm32f3xx_hal_tim_ex.o
 .debug_ranges  0x0000000000001d00      0x640 Drivers/STM32F3xx_HAL_Driver/Src/stm32f3xx_hal_uart.o

.debug_macro    0x0000000000000000    0x2220f
 .debug_macro   0x0000000000000000      0x212 Core/Src/MPC_PWM.o
 .debug_macro   0x0000000000000212      0xaba Core/Src/MPC_PWM.o
 .debug_macro   0x0000000000000ccc      0x15d Core/Src/MPC_PWM.o
 .debug_macro   0x0000000000000e29       0x2e Core/Src/MPC_PWM.o
 .debug_macro   0x0000000000000e57       0x28 Core/Src/MPC_PWM.o
 .debug_macro   0x0000000000000e7f       0x22 Core/Src/MPC_PWM.o
 .debug_macro   0x0000000000000ea1       0x8e Core/Src/MPC_PWM.o
 .debug_macro   0x0000000000000f2f       0x51 Core/Src/MPC_PWM.o
 .debug_macro   0x0000000000000f80      0x103 Core/Src/MPC_PWM.o
 .debug_macro   0x0000000000001083       0x6a Core/Src/MPC_PWM.o
 .debug_macro   0x00000000000010ed      0x1df Core/Src/MPC_PWM.o
 .debug_macro   0x00000000000012cc       0x1c Core/Src/MPC_PWM.o
 .debug_macro   0x00000000000012e8       0x22 Core/Src/MPC_PWM.o
 .debug_macro   0x000000000000130a       0xdf Core/Src/MPC_PWM.o
 .debug_macro   0x00000000000013e9     0x102d Core/Src/MPC_PWM.o
 .debug_macro   0x0000000000002416      0x11f Core/Src/MPC_PWM.o
 .debug_macro   0x0000000000002535    0x1535a Core/Src/MPC_PWM.o
 .debug_macro   0x000000000001788f       0x6d Core/Src/MPC_PWM.o
 .debug_macro   0x00000000000178fc     0x3540 Core/Src/MPC_PWM.o
 .debug_macro   0x000000000001ae3c      0x174 Core/Src/MPC_PWM.o
 .debug_macro   0x000000000001afb0       0x55 Core/Src/MPC_PWM.o
 .debug_macro   0x000000000001b005      0x954 Core/Src/MPC_PWM.o
 .debug_macro   0x000000000001b959      0x84a Core/Src/MPC_PWM.o
 .debug_macro   0x000000000001c1a3      0x1b6 Core/Src/MPC_PWM.o
 .debug_macro   0x000000000001c359      0x23a Core/Src/MPC_PWM.o
 .debug_macro   0x000000000001c593      0x1ea Core/Src/MPC_PWM.o
 .debug_macro   0x000000000001c77d      0x1bc Core/Src/MPC_PWM.o
 .debug_macro   0x000000000001c939       0x30 Core/Src/MPC_PWM.o
 .debug_macro   0x000000000001c969       0x3c Core/Src/MPC_PWM.o
 .debug_macro   0x000000000001c9a5      0x236 Core/Src/MPC_PWM.o
 .debug_macro   0x000000000001cbdb      0x9fe Core/Src/MPC_PWM.o
 .debug_macro   0x000000000001d5d9       0x77 Core/Src/MPC_PWM.o
 .debug_macro   0x000000000001d650       0xc5 Core/Src/MPC_PWM.o
 .debug_macro   0x000000000001d715      0x21d Core/Src/MPC_PWM.o
 .debug_macro   0x000000000001d932      0x22c Core/Src/MPC_PWM.o
 .debug_macro   0x000000000001db5e       0x5b Core/Src/MPC_PWM.o
 .debug_macro   0x000000000001dbb9       0xa5 Core/Src/MPC_PWM.o
 .debug_macro   0x000000000001dc5e       0x81 Core/Src/MPC_PWM.o
 .debug_macro   0x000000000001dcdf       0xd3 Core/Src/MPC_PWM.o
 .debug_macro   0x000000000001ddb2      0xa3d Core/Src/MPC_PWM.o
 .debug_macro   0x000000000001e7ef       0xbb Core/Src/MPC_PWM.o
 .debug_macro   0x000000000001e8aa      0x5a5 Core/Src/MPC_PWM.o
 .debug_macro   0x000000000001ee4f       0x44 Core/Src/MPC_PWM.o
 .debug_macro   0x000000000001ee93      0x347 Core/Src/MPC_PWM.o
 .debug_macro   0x000000000001f1da       0xb2 Core/Src/MPC_PWM.o
 .debug_macro   0x000000000001f28c       0x22 Core/Src/MPC_PWM.o
 .debug_macro   0x000000000001f2ae      0x226 Core/Src/MPC_communication.o
 .debug_macro   0x000000000001f4d4      0x2e0 Core/Src/MPC_core.o
 .debug_macro   0x000000000001f7b4       0x52 Core/Src/MPC_core.o
 .debug_macro   0x000000000001f806       0x18 Core/Src/MPC_core.o
 .debug_macro   0x000000000001f81e       0x3c Core/Src/MPC_core.o
 .debug_macro   0x000000000001f85a       0x34 Core/Src/MPC_core.o
 .debug_macro   0x000000000001f88e       0x16 Core/Src/MPC_core.o
 .debug_macro   0x000000000001f8a4       0x43 Core/Src/MPC_core.o
 .debug_macro   0x000000000001f8e7       0x34 Core/Src/MPC_core.o
 .debug_macro   0x000000000001f91b       0x10 Core/Src/MPC_core.o
 .debug_macro   0x000000000001f92b       0x58 Core/Src/MPC_core.o
 .debug_macro   0x000000000001f983       0x71 Core/Src/MPC_core.o
 .debug_macro   0x000000000001f9f4       0x1c Core/Src/MPC_core.o
 .debug_macro   0x000000000001fa10      0x12a Core/Src/MPC_core.o
 .debug_macro   0x000000000001fb3a      0x333 Core/Src/MPC_core.o
 .debug_macro   0x000000000001fe6d      0x1a9 Core/Src/MPC_core.o
 .debug_macro   0x0000000000020016      0x212 Core/Src/MPC_feedback.o
 .debug_macro   0x0000000000020228      0x208 Core/Src/MPC_math.o
 .debug_macro   0x0000000000020430      0x1ff Core/Src/main.o
 .debug_macro   0x000000000002062f      0x1ff Core/Src/stm32f3xx_hal_msp.o
 .debug_macro   0x000000000002082e      0x209 Core/Src/stm32f3xx_it.o
 .debug_macro   0x0000000000020a37      0x1f0 Core/Src/system_stm32f3xx.o
 .debug_macro   0x0000000000020c27      0x214 Drivers/STM32F3xx_HAL_Driver/Src/stm32f3xx_hal.o
 .debug_macro   0x0000000000020e3b      0x1f1 Drivers/STM32F3xx_HAL_Driver/Src/stm32f3xx_hal_adc.o
 .debug_macro   0x000000000002102c      0x21a Drivers/STM32F3xx_HAL_Driver/Src/stm32f3xx_hal_adc_ex.o
 .debug_macro   0x0000000000021246      0x1f0 Drivers/STM32F3xx_HAL_Driver/Src/stm32f3xx_hal_cortex.o
 .debug_macro   0x0000000000021436      0x1f0 Drivers/STM32F3xx_HAL_Driver/Src/stm32f3xx_hal_dma.o
 .debug_macro   0x0000000000021626      0x1f7 Drivers/STM32F3xx_HAL_Driver/Src/stm32f3xx_hal_gpio.o
 .debug_macro   0x000000000002181d      0x214 Drivers/STM32F3xx_HAL_Driver/Src/stm32f3xx_hal_rcc.o
 .debug_macro   0x0000000000021a31      0x1f0 Drivers/STM32F3xx_HAL_Driver/Src/stm32f3xx_hal_rcc_ex.o
 .debug_macro   0x0000000000021c21      0x1f1 Drivers/STM32F3xx_HAL_Driver/Src/stm32f3xx_hal_tim.o
 .debug_macro   0x0000000000021e12      0x1f0 Drivers/STM32F3xx_HAL_Driver/Src/stm32f3xx_hal_tim_ex.o
 .debug_macro   0x0000000000022002      0x20d Drivers/STM32F3xx_HAL_Driver/Src/stm32f3xx_hal_uart.o

.debug_line     0x0000000000000000    0x1da94
 .debug_line    0x0000000000000000      0x93f Core/Src/MPC_PWM.o
 .debug_line    0x000000000000093f      0x7ab Core/Src/MPC_communication.o
 .debug_line    0x00000000000010ea      0xbd8 Core/Src/MPC_core.o
 .debug_line    0x0000000000001cc2      0x994 Core/Src/MPC_feedback.o
 .debug_line    0x0000000000002656      0xa23 Core/Src/MPC_math.o
 .debug_line    0x0000000000003079      0xffc Core/Src/main.o
 .debug_line    0x0000000000004075      0xd26 Core/Src/stm32f3xx_hal_msp.o
 .debug_line    0x0000000000004d9b      0x763 Core/Src/stm32f3xx_it.o
 .debug_line    0x00000000000054fe      0x7a0 Core/Src/system_stm32f3xx.o
 .debug_line    0x0000000000005c9e       0x88 Core/Startup/startup_stm32f303retx.o
 .debug_line    0x0000000000005d26      0xa77 Drivers/STM32F3xx_HAL_Driver/Src/stm32f3xx_hal.o
 .debug_line    0x000000000000679d      0x816 Drivers/STM32F3xx_HAL_Driver/Src/stm32f3xx_hal_adc.o
 .debug_line    0x0000000000006fb3     0x32f4 Drivers/STM32F3xx_HAL_Driver/Src/stm32f3xx_hal_adc_ex.o
 .debug_line    0x000000000000a2a7      0xd1f Drivers/STM32F3xx_HAL_Driver/Src/stm32f3xx_hal_cortex.o
 .debug_line    0x000000000000afc6     0x10ce Drivers/STM32F3xx_HAL_Driver/Src/stm32f3xx_hal_dma.o
 .debug_line    0x000000000000c094      0xc66 Drivers/STM32F3xx_HAL_Driver/Src/stm32f3xx_hal_gpio.o
 .debug_line    0x000000000000ccfa     0x1a2a Drivers/STM32F3xx_HAL_Driver/Src/stm32f3xx_hal_rcc.o
 .debug_line    0x000000000000e724     0x10b6 Drivers/STM32F3xx_HAL_Driver/Src/stm32f3xx_hal_rcc_ex.o
 .debug_line    0x000000000000f7da     0x69f8 Drivers/STM32F3xx_HAL_Driver/Src/stm32f3xx_hal_tim.o
 .debug_line    0x00000000000161d2     0x209c Drivers/STM32F3xx_HAL_Driver/Src/stm32f3xx_hal_tim_ex.o
 .debug_line    0x000000000001826e     0x5826 Drivers/STM32F3xx_HAL_Driver/Src/stm32f3xx_hal_uart.o

.debug_str      0x0000000000000000    0xd32d3
 .debug_str     0x0000000000000000    0xcb0bc Core/Src/MPC_PWM.o
                                      0xcb7b5 (size before relaxing)
 .debug_str     0x00000000000cb0bc      0x660 Core/Src/MPC_communication.o
                                      0xcbe56 (size before relaxing)
 .debug_str     0x00000000000cb71c     0x3a40 Core/Src/MPC_core.o
                                      0xcf923 (size before relaxing)
 .debug_str     0x00000000000cf15c       0x72 Core/Src/MPC_feedback.o
                                      0xcbc7f (size before relaxing)
 .debug_str     0x00000000000cf1ce       0x63 Core/Src/MPC_math.o
                                      0xcb804 (size before relaxing)
 .debug_str     0x00000000000cf231      0xe9f Core/Src/main.o
                                      0xccd89 (size before relaxing)
 .debug_str     0x00000000000d00d0      0x12f Core/Src/stm32f3xx_hal_msp.o
                                      0xcc6d8 (size before relaxing)
 .debug_str     0x00000000000d01ff       0x6e Core/Src/stm32f3xx_it.o
                                      0xcbc42 (size before relaxing)
 .debug_str     0x00000000000d026d       0xb3 Core/Src/system_stm32f3xx.o
                                      0xcb46c (size before relaxing)
 .debug_str     0x00000000000d0320       0x36 Core/Startup/startup_stm32f303retx.o
                                         0x74 (size before relaxing)
 .debug_str     0x00000000000d0356      0x321 Drivers/STM32F3xx_HAL_Driver/Src/stm32f3xx_hal.o
                                      0xcbcb8 (size before relaxing)
 .debug_str     0x00000000000d0677      0x1f5 Drivers/STM32F3xx_HAL_Driver/Src/stm32f3xx_hal_adc.o
                                      0xcba97 (size before relaxing)
 .debug_str     0x00000000000d086c      0x69c Drivers/STM32F3xx_HAL_Driver/Src/stm32f3xx_hal_adc_ex.o
                                      0xcc196 (size before relaxing)
 .debug_str     0x00000000000d0f08      0x320 Drivers/STM32F3xx_HAL_Driver/Src/stm32f3xx_hal_cortex.o
                                      0xcbd81 (size before relaxing)
 .debug_str     0x00000000000d1228      0x20d Drivers/STM32F3xx_HAL_Driver/Src/stm32f3xx_hal_dma.o
                                      0xcb7f2 (size before relaxing)
 .debug_str     0x00000000000d1435      0x152 Drivers/STM32F3xx_HAL_Driver/Src/stm32f3xx_hal_gpio.o
                                      0xcb68f (size before relaxing)
 .debug_str     0x00000000000d1587      0x2d6 Drivers/STM32F3xx_HAL_Driver/Src/stm32f3xx_hal_rcc.o
                                      0xcb905 (size before relaxing)
 .debug_str     0x00000000000d185d       0xbe Drivers/STM32F3xx_HAL_Driver/Src/stm32f3xx_hal_rcc_ex.o
                                      0xcb776 (size before relaxing)
 .debug_str     0x00000000000d191b      0xd3c Drivers/STM32F3xx_HAL_Driver/Src/stm32f3xx_hal_tim.o
                                      0xcc89b (size before relaxing)
 .debug_str     0x00000000000d2657      0x41f Drivers/STM32F3xx_HAL_Driver/Src/stm32f3xx_hal_tim_ex.o
                                      0xcc0d6 (size before relaxing)
 .debug_str     0x00000000000d2a76      0x85d Drivers/STM32F3xx_HAL_Driver/Src/stm32f3xx_hal_uart.o
                                      0xcc193 (size before relaxing)

.comment        0x0000000000000000       0x53
 .comment       0x0000000000000000       0x53 Core/Src/MPC_PWM.o
                                         0x54 (size before relaxing)
 .comment       0x0000000000000053       0x54 Core/Src/MPC_communication.o
 .comment       0x0000000000000053       0x54 Core/Src/MPC_core.o
 .comment       0x0000000000000053       0x54 Core/Src/MPC_feedback.o
 .comment       0x0000000000000053       0x54 Core/Src/MPC_math.o
 .comment       0x0000000000000053       0x54 Core/Src/main.o
 .comment       0x0000000000000053       0x54 Core/Src/stm32f3xx_hal_msp.o
 .comment       0x0000000000000053       0x54 Core/Src/stm32f3xx_it.o
 .comment       0x0000000000000053       0x54 Core/Src/system_stm32f3xx.o
 .comment       0x0000000000000053       0x54 Drivers/STM32F3xx_HAL_Driver/Src/stm32f3xx_hal.o
 .comment       0x0000000000000053       0x54 Drivers/STM32F3xx_HAL_Driver/Src/stm32f3xx_hal_adc.o
 .comment       0x0000000000000053       0x54 Drivers/STM32F3xx_HAL_Driver/Src/stm32f3xx_hal_adc_ex.o
 .comment       0x0000000000000053       0x54 Drivers/STM32F3xx_HAL_Driver/Src/stm32f3xx_hal_cortex.o
 .comment       0x0000000000000053       0x54 Drivers/STM32F3xx_HAL_Driver/Src/stm32f3xx_hal_dma.o
 .comment       0x0000000000000053       0x54 Drivers/STM32F3xx_HAL_Driver/Src/stm32f3xx_hal_gpio.o
 .comment       0x0000000000000053       0x54 Drivers/STM32F3xx_HAL_Driver/Src/stm32f3xx_hal_rcc.o
 .comment       0x0000000000000053       0x54 Drivers/STM32F3xx_HAL_Driver/Src/stm32f3xx_hal_rcc_ex.o
 .comment       0x0000000000000053       0x54 Drivers/STM32F3xx_HAL_Driver/Src/stm32f3xx_hal_tim.o
 .comment       0x0000000000000053       0x54 Drivers/STM32F3xx_HAL_Driver/Src/stm32f3xx_hal_tim_ex.o
 .comment       0x0000000000000053       0x54 Drivers/STM32F3xx_HAL_Driver/Src/stm32f3xx_hal_uart.o

.debug_frame    0x0000000000000000     0x2d24
 .debug_frame   0x0000000000000000       0x34 Core/Src/MPC_PWM.o
 .debug_frame   0x0000000000000034       0x2c Core/Src/MPC_communication.o
 .debug_frame   0x0000000000000060       0xe0 Core/Src/MPC_core.o
 .debug_frame   0x0000000000000140       0x80 Core/Src/MPC_feedback.o
 .debug_frame   0x00000000000001c0       0xc0 Core/Src/MPC_math.o
 .debug_frame   0x0000000000000280       0x60 Core/Src/main.o
 .debug_frame   0x00000000000002e0      0x128 Core/Src/stm32f3xx_hal_msp.o
 .debug_frame   0x0000000000000408       0x48 Core/Src/stm32f3xx_it.o
 .debug_frame   0x0000000000000450       0x30 Core/Src/system_stm32f3xx.o
 .debug_frame   0x0000000000000480      0x1d4 Drivers/STM32F3xx_HAL_Driver/Src/stm32f3xx_hal.o
 .debug_frame   0x0000000000000654      0x170 Drivers/STM32F3xx_HAL_Driver/Src/stm32f3xx_hal_adc.o
 .debug_frame   0x00000000000007c4      0x514 Drivers/STM32F3xx_HAL_Driver/Src/stm32f3xx_hal_adc_ex.o
 .debug_frame   0x0000000000000cd8      0x184 Drivers/STM32F3xx_HAL_Driver/Src/stm32f3xx_hal_cortex.o
 .debug_frame   0x0000000000000e5c      0x180 Drivers/STM32F3xx_HAL_Driver/Src/stm32f3xx_hal_dma.o
 .debug_frame   0x0000000000000fdc       0xec Drivers/STM32F3xx_HAL_Driver/Src/stm32f3xx_hal_gpio.o
 .debug_frame   0x00000000000010c8      0x1a0 Drivers/STM32F3xx_HAL_Driver/Src/stm32f3xx_hal_rcc.o
 .debug_frame   0x0000000000001268       0xb4 Drivers/STM32F3xx_HAL_Driver/Src/stm32f3xx_hal_rcc_ex.o
 .debug_frame   0x000000000000131c      0xd1c Drivers/STM32F3xx_HAL_Driver/Src/stm32f3xx_hal_tim.o
 .debug_frame   0x0000000000002038      0x4cc Drivers/STM32F3xx_HAL_Driver/Src/stm32f3xx_hal_tim_ex.o
 .debug_frame   0x0000000000002504      0x704 Drivers/STM32F3xx_HAL_Driver/Src/stm32f3xx_hal_uart.o
 .debug_frame   0x0000000000002c08       0xac c:/st/stm32cubeide_1.6.1/stm32cubeide/plugins/com.st.stm32cube.ide.mcu.externaltools.gnu-tools-for-stm32.9-2020-q2-update.win32_1.5.0.202011040924/tools/bin/../lib/gcc/arm-none-eabi/9.3.1/thumb/v7e-m+fp/hard\libgcc.a(_arm_addsubdf3.o)
 .debug_frame   0x0000000000002cb4       0x24 c:/st/stm32cubeide_1.6.1/stm32cubeide/plugins/com.st.stm32cube.ide.mcu.externaltools.gnu-tools-for-stm32.9-2020-q2-update.win32_1.5.0.202011040924/tools/bin/../lib/gcc/arm-none-eabi/9.3.1/thumb/v7e-m+fp/hard\libgcc.a(_arm_truncdfsf2.o)
 .debug_frame   0x0000000000002cd8       0x2c c:/st/stm32cubeide_1.6.1/stm32cubeide/plugins/com.st.stm32cube.ide.mcu.externaltools.gnu-tools-for-stm32.9-2020-q2-update.win32_1.5.0.202011040924/tools/bin/../lib/gcc/arm-none-eabi/9.3.1/../../../../arm-none-eabi/lib/thumb/v7e-m+fp/hard\libc_nano.a(lib_a-init.o)
 .debug_frame   0x0000000000002d04       0x20 c:/st/stm32cubeide_1.6.1/stm32cubeide/plugins/com.st.stm32cube.ide.mcu.externaltools.gnu-tools-for-stm32.9-2020-q2-update.win32_1.5.0.202011040924/tools/bin/../lib/gcc/arm-none-eabi/9.3.1/../../../../arm-none-eabi/lib/thumb/v7e-m+fp/hard\libc_nano.a(lib_a-memset.o)

.debug_loc      0x0000000000000000    0x14a43
 .debug_loc     0x0000000000000000      0x385 Core/Src/MPC_math.o
 .debug_loc     0x0000000000000385      0x172 Core/Src/stm32f3xx_hal_msp.o
 .debug_loc     0x00000000000004f7      0x113 Core/Src/system_stm32f3xx.o
 .debug_loc     0x000000000000060a      0x168 Drivers/STM32F3xx_HAL_Driver/Src/stm32f3xx_hal.o
 .debug_loc     0x0000000000000772      0x128 Drivers/STM32F3xx_HAL_Driver/Src/stm32f3xx_hal_adc.o
 .debug_loc     0x000000000000089a     0x2303 Drivers/STM32F3xx_HAL_Driver/Src/stm32f3xx_hal_adc_ex.o
 .debug_loc     0x0000000000002b9d      0x7a7 Drivers/STM32F3xx_HAL_Driver/Src/stm32f3xx_hal_cortex.o
 .debug_loc     0x0000000000003344      0x898 Drivers/STM32F3xx_HAL_Driver/Src/stm32f3xx_hal_dma.o
 .debug_loc     0x0000000000003bdc      0x447 Drivers/STM32F3xx_HAL_Driver/Src/stm32f3xx_hal_gpio.o
 .debug_loc     0x0000000000004023     0x101a Drivers/STM32F3xx_HAL_Driver/Src/stm32f3xx_hal_rcc.o
 .debug_loc     0x000000000000503d      0xa71 Drivers/STM32F3xx_HAL_Driver/Src/stm32f3xx_hal_rcc_ex.o
 .debug_loc     0x0000000000005aae     0x7a1e Drivers/STM32F3xx_HAL_Driver/Src/stm32f3xx_hal_tim.o
 .debug_loc     0x000000000000d4cc     0x19fb Drivers/STM32F3xx_HAL_Driver/Src/stm32f3xx_hal_tim_ex.o
 .debug_loc     0x000000000000eec7     0x5b7c Drivers/STM32F3xx_HAL_Driver/Src/stm32f3xx_hal_uart.o
