Archive member included to satisfy reference by file (symbol)

c:/st/stm32cubeide_1.6.1/stm32cubeide/plugins/com.st.stm32cube.ide.mcu.externaltools.gnu-tools-for-stm32.9-2020-q2-update.win32_1.5.0.202011040924/tools/bin/../lib/gcc/arm-none-eabi/9.3.1/thumb/v7e-m+fp/hard\libgcc.a(_arm_muldf3.o)
                              Core/Src/svpwm.o (__aeabi_dmul)
c:/st/stm32cubeide_1.6.1/stm32cubeide/plugins/com.st.stm32cube.ide.mcu.externaltools.gnu-tools-for-stm32.9-2020-q2-update.win32_1.5.0.202011040924/tools/bin/../lib/gcc/arm-none-eabi/9.3.1/thumb/v7e-m+fp/hard\libgcc.a(_arm_addsubdf3.o)
                              Core/Src/svpwm.o (__aeabi_dadd)
c:/st/stm32cubeide_1.6.1/stm32cubeide/plugins/com.st.stm32cube.ide.mcu.externaltools.gnu-tools-for-stm32.9-2020-q2-update.win32_1.5.0.202011040924/tools/bin/../lib/gcc/arm-none-eabi/9.3.1/thumb/v7e-m+fp/hard\libgcc.a(_arm_fixunsdfsi.o)
                              Core/Src/svpwm.o (__aeabi_d2uiz)
c:/st/stm32cubeide_1.6.1/stm32cubeide/plugins/com.st.stm32cube.ide.mcu.externaltools.gnu-tools-for-stm32.9-2020-q2-update.win32_1.5.0.202011040924/tools/bin/../lib/gcc/arm-none-eabi/9.3.1/thumb/v7e-m+fp/hard\libgcc.a(_arm_truncdfsf2.o)
                              Core/Src/svpwm.o (__aeabi_d2f)
c:/st/stm32cubeide_1.6.1/stm32cubeide/plugins/com.st.stm32cube.ide.mcu.externaltools.gnu-tools-for-stm32.9-2020-q2-update.win32_1.5.0.202011040924/tools/bin/../lib/gcc/arm-none-eabi/9.3.1/../../../../arm-none-eabi/lib/thumb/v7e-m+fp/hard\libc_nano.a(lib_a-errno.o)
                              Core/Src/syscalls.o (__errno)
c:/st/stm32cubeide_1.6.1/stm32cubeide/plugins/com.st.stm32cube.ide.mcu.externaltools.gnu-tools-for-stm32.9-2020-q2-update.win32_1.5.0.202011040924/tools/bin/../lib/gcc/arm-none-eabi/9.3.1/../../../../arm-none-eabi/lib/thumb/v7e-m+fp/hard\libc_nano.a(lib_a-exit.o)
                              c:/st/stm32cubeide_1.6.1/stm32cubeide/plugins/com.st.stm32cube.ide.mcu.externaltools.gnu-tools-for-stm32.9-2020-q2-update.win32_1.5.0.202011040924/tools/bin/../lib/gcc/arm-none-eabi/9.3.1/../../../../arm-none-eabi/lib/thumb/v7e-m+fp/hard/crt0.o (exit)
c:/st/stm32cubeide_1.6.1/stm32cubeide/plugins/com.st.stm32cube.ide.mcu.externaltools.gnu-tools-for-stm32.9-2020-q2-update.win32_1.5.0.202011040924/tools/bin/../lib/gcc/arm-none-eabi/9.3.1/../../../../arm-none-eabi/lib/thumb/v7e-m+fp/hard\libc_nano.a(lib_a-impure.o)
                              c:/st/stm32cubeide_1.6.1/stm32cubeide/plugins/com.st.stm32cube.ide.mcu.externaltools.gnu-tools-for-stm32.9-2020-q2-update.win32_1.5.0.202011040924/tools/bin/../lib/gcc/arm-none-eabi/9.3.1/../../../../arm-none-eabi/lib/thumb/v7e-m+fp/hard\libc_nano.a(lib_a-exit.o) (_global_impure_ptr)
c:/st/stm32cubeide_1.6.1/stm32cubeide/plugins/com.st.stm32cube.ide.mcu.externaltools.gnu-tools-for-stm32.9-2020-q2-update.win32_1.5.0.202011040924/tools/bin/../lib/gcc/arm-none-eabi/9.3.1/../../../../arm-none-eabi/lib/thumb/v7e-m+fp/hard\libc_nano.a(lib_a-init.o)
                              c:/st/stm32cubeide_1.6.1/stm32cubeide/plugins/com.st.stm32cube.ide.mcu.externaltools.gnu-tools-for-stm32.9-2020-q2-update.win32_1.5.0.202011040924/tools/bin/../lib/gcc/arm-none-eabi/9.3.1/../../../../arm-none-eabi/lib/thumb/v7e-m+fp/hard/crt0.o (__libc_init_array)
c:/st/stm32cubeide_1.6.1/stm32cubeide/plugins/com.st.stm32cube.ide.mcu.externaltools.gnu-tools-for-stm32.9-2020-q2-update.win32_1.5.0.202011040924/tools/bin/../lib/gcc/arm-none-eabi/9.3.1/../../../../arm-none-eabi/lib/thumb/v7e-m+fp/hard\libc_nano.a(lib_a-memset.o)
                              c:/st/stm32cubeide_1.6.1/stm32cubeide/plugins/com.st.stm32cube.ide.mcu.externaltools.gnu-tools-for-stm32.9-2020-q2-update.win32_1.5.0.202011040924/tools/bin/../lib/gcc/arm-none-eabi/9.3.1/../../../../arm-none-eabi/lib/thumb/v7e-m+fp/hard/crt0.o (memset)

Allocating common symbols
Common symbol       size              file

hdma_usart2_rx      0x44              Core/Src/main.o
cos240              0x2               Core/Src/svpwm.o
j                   0x1               Core/Src/svpwm.o
Ia                  0x4               Core/Src/svpwm.o
costTemp            0x1c              Core/Src/svpwm.o
txData              0x7               Core/Src/svpwm.o
dTheta              0x4               Core/Src/svpwm.o
hadc2               0x50              Core/Src/main.o
cos120              0x2               Core/Src/svpwm.o
cost                0x4               Core/Src/svpwm.o
uwTick              0x4               Drivers/STM32F3xx_HAL_Driver/Src/stm32f3xx_hal.o
hdma_adc3           0x44              Core/Src/main.o
pFlash              0x20              Drivers/STM32F3xx_HAL_Driver/Src/stm32f3xx_hal_flash.o
iq_pred             0x2               Core/Src/svpwm.o
E2                  0x2               Core/Src/svpwm.o
htim3               0x4c              Core/Src/main.o
theta               0x2               Core/Src/svpwm.o
sin240              0x2               Core/Src/svpwm.o
hadc1               0x50              Core/Src/main.o
[...]
Memory Configuration

Name             Origin             Length             Attributes
CCMRAM           0x0000000010000000 0x0000000000004000 xrw
RAM              0x0000000020000000 0x0000000000010000 xrw
FLASH            0x0000000008000000 0x0000000000080000 xr
*default*        0x0000000000000000 0xffffffffffffffff

Linker script and memory map

LOAD c:/st/stm32cubeide_1.6.1/stm32cubeide/plugins/com.st.stm32cube.ide.mcu.externaltools.gnu-tools-for-stm32.9-2020-q2-update.win32_1.5.0.202011040924/tools/bin/../lib/gcc/arm-none-eabi/9.3.1/thumb/v7e-m+fp/hard/crti.o
LOAD c:/st/stm32cubeide_1.6.1/stm32cubeide/plugins/com.st.stm32cube.ide.mcu.externaltools.gnu-tools-for-stm32.9-2020-q2-update.win32_1.5.0.202011040924/tools/bin/../lib/gcc/arm-none-eabi/9.3.1/thumb/v7e-m+fp/hard/crtbegin.o
LOAD c:/st/stm32cubeide_1.6.1/stm32cubeide/plugins/com.st.stm32cube.ide.mcu.externaltools.gnu-tools-for-stm32.9-2020-q2-update.win32_1.5.0.202011040924/tools/bin/../lib/gcc/arm-none-eabi/9.3.1/../../../../arm-none-eabi/lib/thumb/v7e-m+fp/hard/crt0.o
LOAD Core/Src/main.o
LOAD Core/Src/stm32f3xx_hal_msp.o
LOAD Core/Src/stm32f3xx_it.o
LOAD Core/Src/svpwm.o
LOAD Core/Src/syscalls.o
LOAD Core/Src/sysmem.o
LOAD Core/Src/system_stm32f3xx.o
LOAD Core/Startup/startup_stm32f303retx.o
LOAD Drivers/STM32F3xx_HAL_Driver/Src/stm32f3xx_hal.o
LOAD Drivers/STM32F3xx_HAL_Driver/Src/stm32f3xx_hal_adc.o
LOAD Drivers/STM32F3xx_HAL_Driver/Src/stm32f3xx_hal_adc_ex.o
LOAD Drivers/STM32F3xx_HAL_Driver/Src/stm32f3xx_hal_cortex.o
LOAD Drivers/STM32F3xx_HAL_Driver/Src/stm32f3xx_hal_dma.o
LOAD Drivers/STM32F3xx_HAL_Driver/Src/stm32f3xx_hal_exti.o
LOAD Drivers/STM32F3xx_HAL_Driver/Src/stm32f3xx_hal_flash.o
LOAD Drivers/STM32F3xx_HAL_Driver/Src/stm32f3xx_hal_flash_ex.o
LOAD Drivers/STM32F3xx_HAL_Driver/Src/stm32f3xx_hal_gpio.o
LOAD Drivers/STM32F3xx_HAL_Driver/Src/stm32f3xx_hal_i2c.o
LOAD Drivers/STM32F3xx_HAL_Driver/Src/stm32f3xx_hal_i2c_ex.o
LOAD Drivers/STM32F3xx_HAL_Driver/Src/stm32f3xx_hal_pwr.o
LOAD Drivers/STM32F3xx_HAL_Driver/Src/stm32f3xx_hal_pwr_ex.o
LOAD Drivers/STM32F3xx_HAL_Driver/Src/stm32f3xx_hal_rcc.o
LOAD Drivers/STM32F3xx_HAL_Driver/Src/stm32f3xx_hal_rcc_ex.o
LOAD Drivers/STM32F3xx_HAL_Driver/Src/stm32f3xx_hal_tim.o
LOAD Drivers/STM32F3xx_HAL_Driver/Src/stm32f3xx_hal_tim_ex.o
LOAD Drivers/STM32F3xx_HAL_Driver/Src/stm32f3xx_hal_uart.o
LOAD Drivers/STM32F3xx_HAL_Driver/Src/stm32f3xx_hal_uart_ex.o
LOAD C:\Users\zero\Desktop\Python\stm32\STM32_Code\MPC_12_11\Libs\libarm_cortexM4lf_math.a
START GROUP
LOAD C:\Users\zero\Desktop\Python\stm32\STM32_Code\MPC_12_11\Libs\libarm_cortexM4lf_math.a
END GROUP
START GROUP
LOAD c:/st/stm32cubeide_1.6.1/stm32cubeide/plugins/com.st.stm32cube.ide.mcu.externaltools.gnu-tools-for-stm32.9-2020-q2-update.win32_1.5.0.202011040924/tools/bin/../lib/gcc/arm-none-eabi/9.3.1/thumb/v7e-m+fp/hard\libgcc.a
LOAD c:/st/stm32cubeide_1.6.1/stm32cubeide/plugins/com.st.stm32cube.ide.mcu.externaltools.gnu-tools-for-stm32.9-2020-q2-update.win32_1.5.0.202011040924/tools/bin/../lib/gcc/arm-none-eabi/9.3.1/../../../../arm-none-eabi/lib/thumb/v7e-m+fp/hard\libc_nano.a
END GROUP
START GROUP
LOAD c:/st/stm32cubeide_1.6.1/stm32cubeide/plugins/com.st.stm32cube.ide.mcu.externaltools.gnu-tools-for-stm32.9-2020-q2-update.win32_1.5.0.202011040924/tools/bin/../lib/gcc/arm-none-eabi/9.3.1/thumb/v7e-m+fp/hard\libgcc.a
LOAD c:/st/stm32cubeide_1.6.1/stm32cubeide/plugins/com.st.stm32cube.ide.mcu.externaltools.gnu-tools-for-stm32.9-2020-q2-update.win32_1.5.0.202011040924/tools/bin/../lib/gcc/arm-none-eabi/9.3.1/../../../../arm-none-eabi/lib/thumb/v7e-m+fp/hard\libc_nano.a
LOAD c:/st/stm32cubeide_1.6.1/stm32cubeide/plugins/com.st.stm32cube.ide.mcu.externaltools.gnu-tools-for-stm32.9-2020-q2-update.win32_1.5.0.202011040924/tools/bin/../lib/gcc/arm-none-eabi/9.3.1/../../../../arm-none-eabi/lib/thumb/v7e-m+fp/hard\libnosys.a
END GROUP
START GROUP
LOAD c:/st/stm32cubeide_1.6.1/stm32cubeide/plugins/com.st.stm32cube.ide.mcu.externaltools.gnu-tools-for-stm32.9-2020-q2-update.win32_1.5.0.202011040924/tools/bin/../lib/gcc/arm-none-eabi/9.3.1/thumb/v7e-m+fp/hard\libgcc.a
LOAD c:/st/stm32cubeide_1.6.1/stm32cubeide/plugins/com.st.stm32cube.ide.mcu.externaltools.gnu-tools-for-stm32.9-2020-q2-update.win32_1.5.0.202011040924/tools/bin/../lib/gcc/arm-none-eabi/9.3.1/../../../../arm-none-eabi/lib/thumb/v7e-m+fp/hard\libc_nano.a
LOAD c:/st/stm32cubeide_1.6.1/stm32cubeide/plugins/com.st.stm32cube.ide.mcu.externaltools.gnu-tools-for-stm32.9-2020-q2-update.win32_1.5.0.202011040924/tools/bin/../lib/gcc/arm-none-eabi/9.3.1/../../../../arm-none-eabi/lib/thumb/v7e-m+fp/hard\libnosys.a
END GROUP
LOAD c:/st/stm32cubeide_1.6.1/stm32cubeide/plugins/com.st.stm32cube.ide.mcu.externaltools.gnu-tools-for-stm32.9-2020-q2-update.win32_1.5.0.202011040924/tools/bin/../lib/gcc/arm-none-eabi/9.3.1/thumb/v7e-m+fp/hard/crtend.o
LOAD c:/st/stm32cubeide_1.6.1/stm32cubeide/plugins/com.st.stm32cube.ide.mcu.externaltools.gnu-tools-for-stm32.9-2020-q2-update.win32_1.5.0.202011040924/tools/bin/../lib/gcc/arm-none-eabi/9.3.1/thumb/v7e-m+fp/hard/crtn.o
                0x0000000020010000                _estack = (ORIGIN (RAM) + LENGTH (RAM))
                0x0000000000000200                _Min_Heap_Size = 0x200
                0x0000000000000400                _Min_Stack_Size = 0x400

.isr_vector     0x0000000008000000      0x194
                0x0000000008000000                . = ALIGN (0x4)
 *(.isr_vector)
 .isr_vector    0x0000000008000000      0x194 Core/Startup/startup_stm32f303retx.o
                0x0000000008000000                g_pfnVectors
                0x0000000008000194                . = ALIGN (0x4)

.text           0x0000000008000198     0x4bb4
                0x0000000008000198                . = ALIGN (0x4)
 *(.text)
 .text          0x0000000008000198       0x40 c:/st/stm32cubeide_1.6.1/stm32cubeide/plugins/com.st.stm32cube.ide.mcu.externaltools.gnu-tools-for-stm32.9-2020-q2-update.win32_1.5.0.202011040924/tools/bin/../lib/gcc/arm-none-eabi/9.3.1/thumb/v7e-m+fp/hard/crtbegin.o
 .text          0x00000000080001d8      0x254 c:/st/stm32cubeide_1.6.1/stm32cubeide/plugins/com.st.stm32cube.ide.mcu.externaltools.gnu-tools-for-stm32.9-2020-q2-update.win32_1.5.0.202011040924/tools/bin/../lib/gcc/arm-none-eabi/9.3.1/thumb/v7e-m+fp/hard\libgcc.a(_arm_muldf3.o)
                0x00000000080001d8                __muldf3
                0x00000000080001d8                __aeabi_dmul
 .text          0x000000000800042c      0x378 c:/st/stm32cubeide_1.6.1/stm32cubeide/plugins/com.st.stm32cube.ide.mcu.externaltools.gnu-tools-for-stm32.9-2020-q2-update.win32_1.5.0.202011040924/tools/bin/../lib/gcc/arm-none-eabi/9.3.1/thumb/v7e-m+fp/hard\libgcc.a(_arm_addsubdf3.o)
                0x000000000800042c                __aeabi_drsub
                0x0000000008000434                __aeabi_dsub
                0x0000000008000434                __subdf3
                0x0000000008000438                __aeabi_dadd
                0x0000000008000438                __adddf3
                0x00000000080006b0                __floatunsidf
                0x00000000080006b0                __aeabi_ui2d
                0x00000000080006d0                __floatsidf
                0x00000000080006d0                __aeabi_i2d
                0x00000000080006f4                __aeabi_f2d
                0x00000000080006f4                __extendsfdf2
                0x0000000008000738                __floatundidf
                0x0000000008000738                __aeabi_ul2d
                0x0000000008000748                __floatdidf
                0x0000000008000748                __aeabi_l2d
 .text          0x00000000080007a4       0x40 c:/st/stm32cubeide_1.6.1/stm32cubeide/plugins/com.st.stm32cube.ide.mcu.externaltools.gnu-tools-for-stm32.9-2020-q2-update.win32_1.5.0.202011040924/tools/bin/../lib/gcc/arm-none-eabi/9.3.1/thumb/v7e-m+fp/hard\libgcc.a(_arm_fixunsdfsi.o)
                0x00000000080007a4                __aeabi_d2uiz
                0x00000000080007a4                __fixunsdfsi
 .text          0x00000000080007e4       0xa0 c:/st/stm32cubeide_1.6.1/stm32cubeide/plugins/com.st.stm32cube.ide.mcu.externaltools.gnu-tools-for-stm32.9-2020-q2-update.win32_1.5.0.202011040924/tools/bin/../lib/gcc/arm-none-eabi/9.3.1/thumb/v7e-m+fp/hard\libgcc.a(_arm_truncdfsf2.o)
                0x00000000080007e4                __truncdfsf2
                0x00000000080007e4                __aeabi_d2f
 *(.text*)
 .text.SystemClock_Config
                0x0000000008000884       0xac Core/Src/main.o
                0x0000000008000884                SystemClock_Config
 .text.startup.main
                0x0000000008000930      0x500 Core/Src/main.o
                0x0000000008000930                main
 .text.Error_Handler
                0x0000000008000e30        0x4 Core/Src/main.o
                0x0000000008000e30                Error_Handler
 .text.HAL_MspInit
                0x0000000008000e34       0x34 Core/Src/stm32f3xx_hal_msp.o
                0x0000000008000e34                HAL_MspInit
 .text.HAL_ADC_MspInit
                0x0000000008000e68      0x164 Core/Src/stm32f3xx_hal_msp.o
                0x0000000008000e68                HAL_ADC_MspInit
 .text.HAL_TIM_Base_MspInit
                0x0000000008000fcc       0xb8 Core/Src/stm32f3xx_hal_msp.o
                0x0000000008000fcc                HAL_TIM_Base_MspInit
 .text.HAL_TIM_MspPostInit
                0x0000000008001084       0x60 Core/Src/stm32f3xx_hal_msp.o
                0x0000000008001084                HAL_TIM_MspPostInit
 .text.HAL_UART_MspInit
                0x00000000080010e4       0xd4 Core/Src/stm32f3xx_hal_msp.o
                0x00000000080010e4                HAL_UART_MspInit
 .text.TIM1_CC_IRQHandler
                0x00000000080011b8       0x30 Core/Src/stm32f3xx_it.o
                0x00000000080011b8                TIM1_CC_IRQHandler
 .text.TIM2_IRQHandler
                0x00000000080011e8       0x14 Core/Src/stm32f3xx_it.o
                0x00000000080011e8                TIM2_IRQHandler
 .text.TIM3_IRQHandler
                0x00000000080011fc        0xc Core/Src/stm32f3xx_it.o
                0x00000000080011fc                TIM3_IRQHandler
 .text.EXTI15_10_IRQHandler
                0x0000000008001208       0x14 Core/Src/stm32f3xx_it.o
                0x0000000008001208                EXTI15_10_IRQHandler
 *fill*         0x000000000800121c        0x4 
 .text.computePosition
                0x0000000008001220      0x234 Core/Src/svpwm.o
                0x0000000008001220                computePosition
 .text.measureADC
                0x0000000008001454       0x30 Core/Src/svpwm.o
                0x0000000008001454                measureADC
 .text.SVPWM    0x0000000008001484      0x2f8 Core/Src/svpwm.o
                0x0000000008001484                SVPWM
 .text.modelPredictiveControl
                0x000000000800177c      0x84c Core/Src/svpwm.o
                0x000000000800177c                modelPredictiveControl
 .text.executeSetAlgorithm
                0x0000000008001fc8       0x54 Core/Src/svpwm.o
                0x0000000008001fc8                executeSetAlgorithm
 .text.startStop
                0x000000000800201c       0x14 Core/Src/svpwm.o
                0x000000000800201c                startStop
 .text.SystemInit
                0x0000000008002030       0x14 Core/Src/system_stm32f3xx.o
                0x0000000008002030                SystemInit
 .text.Reset_Handler
                0x0000000008002044       0x50 Core/Startup/startup_stm32f303retx.o
                0x0000000008002044                Reset_Handler
 .text.Default_Handler
                0x0000000008002094        0x2 Core/Startup/startup_stm32f303retx.o
                0x0000000008002094                RTC_Alarm_IRQHandler
                0x0000000008002094                TIM8_TRG_COM_IRQHandler
                0x0000000008002094                TIM8_CC_IRQHandler
                0x0000000008002094                DebugMon_Handler
                0x0000000008002094                SPI4_IRQHandler
                0x0000000008002094                HardFault_Handler
                0x0000000008002094                USB_HP_IRQHandler
                0x0000000008002094                SysTick_Handler
                0x0000000008002094                PVD_IRQHandler
                0x0000000008002094                TAMP_STAMP_IRQHandler
                0x0000000008002094                PendSV_Handler
                0x0000000008002094                NMI_Handler
                0x0000000008002094                EXTI3_IRQHandler
                0x0000000008002094                I2C3_ER_IRQHandler
                0x0000000008002094                USB_HP_CAN_TX_IRQHandler
                0x0000000008002094                EXTI0_IRQHandler
                0x0000000008002094                I2C2_EV_IRQHandler
                0x0000000008002094                FPU_IRQHandler
                0x0000000008002094                TIM1_UP_TIM16_IRQHandler
                0x0000000008002094                UsageFault_Handler
                0x0000000008002094                ADC1_2_IRQHandler
                0x0000000008002094                SPI1_IRQHandler
                0x0000000008002094                CAN_SCE_IRQHandler
                0x0000000008002094                TIM6_DAC_IRQHandler
                0x0000000008002094                TIM8_UP_IRQHandler
                0x0000000008002094                DMA2_Channel2_IRQHandler
                0x0000000008002094                DMA1_Channel4_IRQHandler
                0x0000000008002094                TIM20_TRG_COM_IRQHandler
                0x0000000008002094                USART3_IRQHandler
                0x0000000008002094                DMA1_Channel7_IRQHandler
                0x0000000008002094                UART5_IRQHandler
                0x0000000008002094                ADC3_IRQHandler
                0x0000000008002094                TIM4_IRQHandler
                0x0000000008002094                CAN_RX1_IRQHandler
                0x0000000008002094                DMA2_Channel1_IRQHandler
                0x0000000008002094                I2C1_EV_IRQHandler
                0x0000000008002094                DMA1_Channel6_IRQHandler
                0x0000000008002094                UART4_IRQHandler
                0x0000000008002094                DMA2_Channel4_IRQHandler
                0x0000000008002094                RCC_IRQHandler
                0x0000000008002094                TIM20_UP_IRQHandler
                0x0000000008002094                DMA1_Channel1_IRQHandler
                0x0000000008002094                Default_Handler
                0x0000000008002094                USBWakeUp_RMP_IRQHandler
                0x0000000008002094                TIM7_IRQHandler
                0x0000000008002094                I2C3_EV_IRQHandler
                0x0000000008002094                EXTI9_5_IRQHandler
                0x0000000008002094                RTC_WKUP_IRQHandler
                0x0000000008002094                SPI2_IRQHandler
                0x0000000008002094                USB_LP_CAN_RX0_IRQHandler
                0x0000000008002094                MemManage_Handler
                0x0000000008002094                SVC_Handler
                0x0000000008002094                DMA2_Channel5_IRQHandler
                0x0000000008002094                DMA1_Channel5_IRQHandler
                0x0000000008002094                USB_LP_IRQHandler
                0x0000000008002094                EXTI4_IRQHandler
                0x0000000008002094                TIM1_TRG_COM_TIM17_IRQHandler
                0x0000000008002094                DMA1_Channel3_IRQHandler
                0x0000000008002094                ADC4_IRQHandler
                0x0000000008002094                WWDG_IRQHandler
                0x0000000008002094                COMP7_IRQHandler
                0x0000000008002094                COMP1_2_3_IRQHandler
                0x0000000008002094                EXTI1_IRQHandler
                0x0000000008002094                USART2_IRQHandler
                0x0000000008002094                COMP4_5_6_IRQHandler
                0x0000000008002094                TIM20_BRK_IRQHandler
                0x0000000008002094                I2C2_ER_IRQHandler
                0x0000000008002094                DMA1_Channel2_IRQHandler
                0x0000000008002094                TIM8_BRK_IRQHandler
                0x0000000008002094                FLASH_IRQHandler
                0x0000000008002094                TIM20_CC_IRQHandler
                0x0000000008002094                BusFault_Handler
                0x0000000008002094                USART1_IRQHandler
                0x0000000008002094                SPI3_IRQHandler
                0x0000000008002094                I2C1_ER_IRQHandler
                0x0000000008002094                FMC_IRQHandler
                0x0000000008002094                USBWakeUp_IRQHandler
                0x0000000008002094                DMA2_Channel3_IRQHandler
                0x0000000008002094                EXTI2_TSC_IRQHandler
                0x0000000008002094                TIM1_BRK_TIM15_IRQHandler
 *fill*         0x0000000008002096        0x2 
 .text.HAL_InitTick
                0x0000000008002098       0x48 Drivers/STM32F3xx_HAL_Driver/Src/stm32f3xx_hal.o
                0x0000000008002098                HAL_InitTick
 .text.HAL_Init
                0x00000000080020e0       0x24 Drivers/STM32F3xx_HAL_Driver/Src/stm32f3xx_hal.o
                0x00000000080020e0                HAL_Init
 .text.HAL_GetTick
                0x0000000008002104        0xc Drivers/STM32F3xx_HAL_Driver/Src/stm32f3xx_hal.o
                0x0000000008002104                HAL_GetTick
 .text.HAL_ADC_ConvCpltCallback
                0x0000000008002110        0x4 Drivers/STM32F3xx_HAL_Driver/Src/stm32f3xx_hal_adc.o
                0x0000000008002110                HAL_ADC_ConvCpltCallback
 .text.HAL_ADC_ConvHalfCpltCallback
                0x0000000008002114        0x4 Drivers/STM32F3xx_HAL_Driver/Src/stm32f3xx_hal_adc.o
                0x0000000008002114                HAL_ADC_ConvHalfCpltCallback
 .text.HAL_ADC_ErrorCallback
                0x0000000008002118        0x4 Drivers/STM32F3xx_HAL_Driver/Src/stm32f3xx_hal_adc.o
                0x0000000008002118                HAL_ADC_ErrorCallback
 .text.ADC_DMAError
                0x000000000800211c       0x18 Drivers/STM32F3xx_HAL_Driver/Src/stm32f3xx_hal_adc_ex.o
 .text.ADC_DMAHalfConvCplt
                0x0000000008002134        0x8 Drivers/STM32F3xx_HAL_Driver/Src/stm32f3xx_hal_adc_ex.o
 .text.ADC_DMAConvCplt
                0x000000000800213c       0x44 Drivers/STM32F3xx_HAL_Driver/Src/stm32f3xx_hal_adc_ex.o
 .text.ADC_Disable
                0x0000000008002180       0x70 Drivers/STM32F3xx_HAL_Driver/Src/stm32f3xx_hal_adc_ex.o
 .text.ADC_Enable
                0x00000000080021f0       0x60 Drivers/STM32F3xx_HAL_Driver/Src/stm32f3xx_hal_adc_ex.o
 .text.HAL_ADC_Init
                0x0000000008002250      0x2ac Drivers/STM32F3xx_HAL_Driver/Src/stm32f3xx_hal_adc_ex.o
                0x0000000008002250                HAL_ADC_Init
 .text.HAL_ADC_Start_DMA
                0x00000000080024fc      0x158 Drivers/STM32F3xx_HAL_Driver/Src/stm32f3xx_hal_adc_ex.o
                0x00000000080024fc                HAL_ADC_Start_DMA
 .text.HAL_ADCEx_Calibration_Start
                0x0000000008002654       0x8c Drivers/STM32F3xx_HAL_Driver/Src/stm32f3xx_hal_adc_ex.o
                0x0000000008002654                HAL_ADCEx_Calibration_Start
 .text.HAL_ADC_ConfigChannel
                0x00000000080026e0      0x380 Drivers/STM32F3xx_HAL_Driver/Src/stm32f3xx_hal_adc_ex.o
                0x00000000080026e0                HAL_ADC_ConfigChannel
 .text.HAL_ADCEx_MultiModeConfigChannel
                0x0000000008002a60      0x120 Drivers/STM32F3xx_HAL_Driver/Src/stm32f3xx_hal_adc_ex.o
                0x0000000008002a60                HAL_ADCEx_MultiModeConfigChannel
 .text.HAL_NVIC_SetPriorityGrouping
                0x0000000008002b80       0x28 Drivers/STM32F3xx_HAL_Driver/Src/stm32f3xx_hal_cortex.o
                0x0000000008002b80                HAL_NVIC_SetPriorityGrouping
 .text.HAL_NVIC_SetPriority
                0x0000000008002ba8       0x70 Drivers/STM32F3xx_HAL_Driver/Src/stm32f3xx_hal_cortex.o
                0x0000000008002ba8                HAL_NVIC_SetPriority
 .text.HAL_NVIC_EnableIRQ
                0x0000000008002c18       0x1c Drivers/STM32F3xx_HAL_Driver/Src/stm32f3xx_hal_cortex.o
                0x0000000008002c18                HAL_NVIC_EnableIRQ
 .text.HAL_SYSTICK_Config
                0x0000000008002c34       0x34 Drivers/STM32F3xx_HAL_Driver/Src/stm32f3xx_hal_cortex.o
                0x0000000008002c34                HAL_SYSTICK_Config
 .text.HAL_DMA_Init
                0x0000000008002c68       0x88 Drivers/STM32F3xx_HAL_Driver/Src/stm32f3xx_hal_dma.o
                0x0000000008002c68                HAL_DMA_Init
 .text.HAL_DMA_Start_IT
                0x0000000008002cf0       0x84 Drivers/STM32F3xx_HAL_Driver/Src/stm32f3xx_hal_dma.o
                0x0000000008002cf0                HAL_DMA_Start_IT
 .text.HAL_GPIO_Init
                0x0000000008002d74      0x204 Drivers/STM32F3xx_HAL_Driver/Src/stm32f3xx_hal_gpio.o
                0x0000000008002d74                HAL_GPIO_Init
 .text.HAL_GPIO_WritePin
                0x0000000008002f78        0xc Drivers/STM32F3xx_HAL_Driver/Src/stm32f3xx_hal_gpio.o
                0x0000000008002f78                HAL_GPIO_WritePin
 .text.HAL_GPIO_EXTI_Callback
                0x0000000008002f84        0x4 Drivers/STM32F3xx_HAL_Driver/Src/stm32f3xx_hal_gpio.o
                0x0000000008002f84                HAL_GPIO_EXTI_Callback
 .text.HAL_GPIO_EXTI_IRQHandler
                0x0000000008002f88       0x18 Drivers/STM32F3xx_HAL_Driver/Src/stm32f3xx_hal_gpio.o
                0x0000000008002f88                HAL_GPIO_EXTI_IRQHandler
 .text.HAL_RCC_OscConfig
                0x0000000008002fa0      0x5dc Drivers/STM32F3xx_HAL_Driver/Src/stm32f3xx_hal_rcc.o
                0x0000000008002fa0                HAL_RCC_OscConfig
 .text.HAL_RCC_ClockConfig
                0x000000000800357c      0x1dc Drivers/STM32F3xx_HAL_Driver/Src/stm32f3xx_hal_rcc.o
                0x000000000800357c                HAL_RCC_ClockConfig
 .text.HAL_RCC_GetSysClockFreq
                0x0000000008003758       0x5c Drivers/STM32F3xx_HAL_Driver/Src/stm32f3xx_hal_rcc.o
                0x0000000008003758                HAL_RCC_GetSysClockFreq
 .text.HAL_RCC_GetPCLK1Freq
                0x00000000080037b4       0x30 Drivers/STM32F3xx_HAL_Driver/Src/stm32f3xx_hal_rcc.o
                0x00000000080037b4                HAL_RCC_GetPCLK1Freq
 .text.HAL_RCC_GetPCLK2Freq
                0x00000000080037e4       0x30 Drivers/STM32F3xx_HAL_Driver/Src/stm32f3xx_hal_rcc.o
                0x00000000080037e4                HAL_RCC_GetPCLK2Freq
 .text.HAL_RCCEx_PeriphCLKConfig
                0x0000000008003814      0x2a0 Drivers/STM32F3xx_HAL_Driver/Src/stm32f3xx_hal_rcc_ex.o
                0x0000000008003814                HAL_RCCEx_PeriphCLKConfig
 .text.TIM_OC1_SetConfig
                0x0000000008003ab4       0x84 Drivers/STM32F3xx_HAL_Driver/Src/stm32f3xx_hal_tim.o
 .text.TIM_OC3_SetConfig
                0x0000000008003b38       0xa4 Drivers/STM32F3xx_HAL_Driver/Src/stm32f3xx_hal_tim.o
 .text.HAL_TIM_Base_Init
                0x0000000008003bdc      0x128 Drivers/STM32F3xx_HAL_Driver/Src/stm32f3xx_hal_tim.o
                0x0000000008003bdc                HAL_TIM_Base_Init
 .text.HAL_TIM_Base_Start_IT
                0x0000000008003d04       0x7c Drivers/STM32F3xx_HAL_Driver/Src/stm32f3xx_hal_tim.o
                0x0000000008003d04                HAL_TIM_Base_Start_IT
 .text.HAL_TIM_PWM_MspInit
                0x0000000008003d80        0x4 Drivers/STM32F3xx_HAL_Driver/Src/stm32f3xx_hal_tim.o
                0x0000000008003d80                HAL_TIM_PWM_MspInit
 .text.HAL_TIM_PWM_Init
                0x0000000008003d84      0x128 Drivers/STM32F3xx_HAL_Driver/Src/stm32f3xx_hal_tim.o
                0x0000000008003d84                HAL_TIM_PWM_Init
 .text.HAL_TIM_PWM_Start
                0x0000000008003eac      0x134 Drivers/STM32F3xx_HAL_Driver/Src/stm32f3xx_hal_tim.o
                0x0000000008003eac                HAL_TIM_PWM_Start
 .text.HAL_TIM_PWM_Start_IT
                0x0000000008003fe0      0x1a0 Drivers/STM32F3xx_HAL_Driver/Src/stm32f3xx_hal_tim.o
                0x0000000008003fe0                HAL_TIM_PWM_Start_IT
 .text.HAL_TIM_ConfigClockSource
                0x0000000008004180      0x14c Drivers/STM32F3xx_HAL_Driver/Src/stm32f3xx_hal_tim.o
                0x0000000008004180                HAL_TIM_ConfigClockSource
 .text.HAL_TIM_PeriodElapsedCallback
                0x00000000080042cc        0x4 Drivers/STM32F3xx_HAL_Driver/Src/stm32f3xx_hal_tim.o
                0x00000000080042cc                HAL_TIM_PeriodElapsedCallback
 .text.HAL_TIM_OC_DelayElapsedCallback
                0x00000000080042d0        0x4 Drivers/STM32F3xx_HAL_Driver/Src/stm32f3xx_hal_tim.o
                0x00000000080042d0                HAL_TIM_OC_DelayElapsedCallback
 .text.HAL_TIM_IC_CaptureCallback
                0x00000000080042d4        0x4 Drivers/STM32F3xx_HAL_Driver/Src/stm32f3xx_hal_tim.o
                0x00000000080042d4                HAL_TIM_IC_CaptureCallback
 .text.HAL_TIM_PWM_PulseFinishedCallback
                0x00000000080042d8        0x4 Drivers/STM32F3xx_HAL_Driver/Src/stm32f3xx_hal_tim.o
                0x00000000080042d8                HAL_TIM_PWM_PulseFinishedCallback
 .text.HAL_TIM_TriggerCallback
                0x00000000080042dc        0x4 Drivers/STM32F3xx_HAL_Driver/Src/stm32f3xx_hal_tim.o
                0x00000000080042dc                HAL_TIM_TriggerCallback
 .text.HAL_TIM_IRQHandler
                0x00000000080042e0      0x170 Drivers/STM32F3xx_HAL_Driver/Src/stm32f3xx_hal_tim.o
                0x00000000080042e0                HAL_TIM_IRQHandler
 .text.TIM_OC2_SetConfig
                0x0000000008004450       0xa4 Drivers/STM32F3xx_HAL_Driver/Src/stm32f3xx_hal_tim.o
                0x0000000008004450                TIM_OC2_SetConfig
 .text.HAL_TIM_PWM_ConfigChannel
                0x00000000080044f4      0x27c Drivers/STM32F3xx_HAL_Driver/Src/stm32f3xx_hal_tim.o
                0x00000000080044f4                HAL_TIM_PWM_ConfigChannel
 .text.HAL_TIMEx_MasterConfigSynchronization
                0x0000000008004770       0xb4 Drivers/STM32F3xx_HAL_Driver/Src/stm32f3xx_hal_tim_ex.o
                0x0000000008004770                HAL_TIMEx_MasterConfigSynchronization
 .text.HAL_TIMEx_ConfigBreakDeadTime
                0x0000000008004824       0x90 Drivers/STM32F3xx_HAL_Driver/Src/stm32f3xx_hal_tim_ex.o
                0x0000000008004824                HAL_TIMEx_ConfigBreakDeadTime
 .text.HAL_TIMEx_CommutCallback
                0x00000000080048b4        0x4 Drivers/STM32F3xx_HAL_Driver/Src/stm32f3xx_hal_tim_ex.o
                0x00000000080048b4                HAL_TIMEx_CommutCallback
 .text.HAL_TIMEx_BreakCallback
                0x00000000080048b8        0x4 Drivers/STM32F3xx_HAL_Driver/Src/stm32f3xx_hal_tim_ex.o
                0x00000000080048b8                HAL_TIMEx_BreakCallback
 .text.HAL_TIMEx_Break2Callback
                0x00000000080048bc        0x4 Drivers/STM32F3xx_HAL_Driver/Src/stm32f3xx_hal_tim_ex.o
                0x00000000080048bc                HAL_TIMEx_Break2Callback
 .text.UART_AdvFeatureConfig
                0x00000000080048c0       0xb0 Drivers/STM32F3xx_HAL_Driver/Src/stm32f3xx_hal_uart.o
                0x00000000080048c0                UART_AdvFeatureConfig
 .text.UART_CheckIdleState
                0x0000000008004970       0xbc Drivers/STM32F3xx_HAL_Driver/Src/stm32f3xx_hal_uart.o
                0x0000000008004970                UART_CheckIdleState
 .text.HAL_UART_Init
                0x0000000008004a2c      0x2b0 Drivers/STM32F3xx_HAL_Driver/Src/stm32f3xx_hal_uart.o
                0x0000000008004a2c                HAL_UART_Init
 .text.__libc_init_array
                0x0000000008004cdc       0x48 c:/st/stm32cubeide_1.6.1/stm32cubeide/plugins/com.st.stm32cube.ide.mcu.externaltools.gnu-tools-for-stm32.9-2020-q2-update.win32_1.5.0.202011040924/tools/bin/../lib/gcc/arm-none-eabi/9.3.1/../../../../arm-none-eabi/lib/thumb/v7e-m+fp/hard\libc_nano.a(lib_a-init.o)
                0x0000000008004cdc                __libc_init_array
 .text.memset   0x0000000008004d24       0x10 c:/st/stm32cubeide_1.6.1/stm32cubeide/plugins/com.st.stm32cube.ide.mcu.externaltools.gnu-tools-for-stm32.9-2020-q2-update.win32_1.5.0.202011040924/tools/bin/../lib/gcc/arm-none-eabi/9.3.1/../../../../arm-none-eabi/lib/thumb/v7e-m+fp/hard\libc_nano.a(lib_a-memset.o)
                0x0000000008004d24                memset
 *(.glue_7)
 .glue_7        0x0000000008004d34        0x0 linker stubs
 *(.glue_7t)
 .glue_7t       0x0000000008004d34        0x0 linker stubs
 *(.eh_frame)
 .eh_frame      0x0000000008004d34        0x0 c:/st/stm32cubeide_1.6.1/stm32cubeide/plugins/com.st.stm32cube.ide.mcu.externaltools.gnu-tools-for-stm32.9-2020-q2-update.win32_1.5.0.202011040924/tools/bin/../lib/gcc/arm-none-eabi/9.3.1/thumb/v7e-m+fp/hard/crtbegin.o
 *(.init)
 .init          0x0000000008004d34        0x4 c:/st/stm32cubeide_1.6.1/stm32cubeide/plugins/com.st.stm32cube.ide.mcu.externaltools.gnu-tools-for-stm32.9-2020-q2-update.win32_1.5.0.202011040924/tools/bin/../lib/gcc/arm-none-eabi/9.3.1/thumb/v7e-m+fp/hard/crti.o
                0x0000000008004d34                _init
 .init          0x0000000008004d38        0x8 c:/st/stm32cubeide_1.6.1/stm32cubeide/plugins/com.st.stm32cube.ide.mcu.externaltools.gnu-tools-for-stm32.9-2020-q2-update.win32_1.5.0.202011040924/tools/bin/../lib/gcc/arm-none-eabi/9.3.1/thumb/v7e-m+fp/hard/crtn.o
 *(.fini)
 .fini          0x0000000008004d40        0x4 c:/st/stm32cubeide_1.6.1/stm32cubeide/plugins/com.st.stm32cube.ide.mcu.externaltools.gnu-tools-for-stm32.9-2020-q2-update.win32_1.5.0.202011040924/tools/bin/../lib/gcc/arm-none-eabi/9.3.1/thumb/v7e-m+fp/hard/crti.o
                0x0000000008004d40                _fini
 .fini          0x0000000008004d44        0x8 c:/st/stm32cubeide_1.6.1/stm32cubeide/plugins/com.st.stm32cube.ide.mcu.externaltools.gnu-tools-for-stm32.9-2020-q2-update.win32_1.5.0.202011040924/tools/bin/../lib/gcc/arm-none-eabi/9.3.1/thumb/v7e-m+fp/hard/crtn.o
                0x0000000008004d4c                . = ALIGN (0x4)
                0x0000000008004d4c                _etext = .

.vfp11_veneer   0x0000000008004d4c        0x0
 .vfp11_veneer  0x0000000008004d4c        0x0 linker stubs

.v4_bx          0x0000000008004d4c        0x0
 .v4_bx         0x0000000008004d4c        0x0 linker stubs

.iplt           0x0000000008004d4c        0x0
 .iplt          0x0000000008004d4c        0x0 c:/st/stm32cubeide_1.6.1/stm32cubeide/plugins/com.st.stm32cube.ide.mcu.externaltools.gnu-tools-for-stm32.9-2020-q2-update.win32_1.5.0.202011040924/tools/bin/../lib/gcc/arm-none-eabi/9.3.1/thumb/v7e-m+fp/hard/crtbegin.o

.rodata         0x0000000008004d4c       0x3c
                0x0000000008004d4c                . = ALIGN (0x4)
 *(.rodata)
 *(.rodata*)
 .rodata.AHBPrescTable
                0x0000000008004d4c       0x10 Core/Src/system_stm32f3xx.o
                0x0000000008004d4c                AHBPrescTable
 .rodata.APBPrescTable
                0x0000000008004d5c        0x8 Core/Src/system_stm32f3xx.o
                0x0000000008004d5c                APBPrescTable
 .rodata.aPLLMULFactorTable
                0x0000000008004d64       0x10 Drivers/STM32F3xx_HAL_Driver/Src/stm32f3xx_hal_rcc.o
                0x0000000008004d64                aPLLMULFactorTable
 .rodata.aPredivFactorTable
                0x0000000008004d74       0x10 Drivers/STM32F3xx_HAL_Driver/Src/stm32f3xx_hal_rcc.o
                0x0000000008004d74                aPredivFactorTable
 .rodata.CSWTCH.51
                0x0000000008004d84        0x3 Drivers/STM32F3xx_HAL_Driver/Src/stm32f3xx_hal_uart.o
                0x0000000008004d88                . = ALIGN (0x4)
 *fill*         0x0000000008004d87        0x1 

.rel.dyn        0x0000000008004d88        0x0
 .rel.iplt      0x0000000008004d88        0x0 c:/st/stm32cubeide_1.6.1/stm32cubeide/plugins/com.st.stm32cube.ide.mcu.externaltools.gnu-tools-for-stm32.9-2020-q2-update.win32_1.5.0.202011040924/tools/bin/../lib/gcc/arm-none-eabi/9.3.1/thumb/v7e-m+fp/hard/crtbegin.o

.ARM.extab      0x0000000008004d88        0x0
                0x0000000008004d88                . = ALIGN (0x4)
 *(.ARM.extab* .gnu.linkonce.armextab.*)
                0x0000000008004d88                . = ALIGN (0x4)

.ARM            0x0000000008004d88        0x0
                0x0000000008004d88                . = ALIGN (0x4)
                0x0000000008004d88                __exidx_start = .
 *(.ARM.exidx*)
                0x0000000008004d88                __exidx_end = .
                0x0000000008004d88                . = ALIGN (0x4)

.preinit_array  0x0000000008004d88        0x0
                0x0000000008004d88                . = ALIGN (0x4)
                0x0000000008004d88                PROVIDE (__preinit_array_start = .)
 *(.preinit_array*)
                0x0000000008004d88                PROVIDE (__preinit_array_end = .)
                0x0000000008004d88                . = ALIGN (0x4)

.init_array     0x0000000008004d88        0x4
                0x0000000008004d88                . = ALIGN (0x4)
                0x0000000008004d88                PROVIDE (__init_array_start = .)
 *(SORT_BY_NAME(.init_array.*))
 *(.init_array*)
 .init_array    0x0000000008004d88        0x4 c:/st/stm32cubeide_1.6.1/stm32cubeide/plugins/com.st.stm32cube.ide.mcu.externaltools.gnu-tools-for-stm32.9-2020-q2-update.win32_1.5.0.202011040924/tools/bin/../lib/gcc/arm-none-eabi/9.3.1/thumb/v7e-m+fp/hard/crtbegin.o
                0x0000000008004d8c                PROVIDE (__init_array_end = .)
                0x0000000008004d8c                . = ALIGN (0x4)

.fini_array     0x0000000008004d8c        0x4
                0x0000000008004d8c                . = ALIGN (0x4)
                [!provide]                        PROVIDE (__fini_array_start = .)
 *(SORT_BY_NAME(.fini_array.*))
 *(.fini_array*)
 .fini_array    0x0000000008004d8c        0x4 c:/st/stm32cubeide_1.6.1/stm32cubeide/plugins/com.st.stm32cube.ide.mcu.externaltools.gnu-tools-for-stm32.9-2020-q2-update.win32_1.5.0.202011040924/tools/bin/../lib/gcc/arm-none-eabi/9.3.1/thumb/v7e-m+fp/hard/crtbegin.o
                [!provide]                        PROVIDE (__fini_array_end = .)
                0x0000000008004d90                . = ALIGN (0x4)
                0x0000000008004d90                _sidata = LOADADDR (.data)

.data           0x0000000020000000       0xec load address 0x0000000008004d90
                0x0000000020000000                . = ALIGN (0x4)
                0x0000000020000000                _sdata = .
 *(.data)
 *(.data*)
 .data.Ts       0x0000000020000000        0x2 Core/Src/svpwm.o
                0x0000000020000000                Ts
 *fill*         0x0000000020000002        0x2 
 .data.V        0x0000000020000004        0x4 Core/Src/svpwm.o
                0x0000000020000004                V
 .data.c1       0x0000000020000008        0x4 Core/Src/svpwm.o
                0x0000000020000008                c1
 .data.c2       0x000000002000000c        0x4 Core/Src/svpwm.o
                0x000000002000000c                c2
 .data.run      0x0000000020000010        0x1 Core/Src/svpwm.o
                0x0000000020000010                run
 *fill*         0x0000000020000011        0x3 
 .data.sinTable
                0x0000000020000014       0xb4 Core/Src/svpwm.o
                0x0000000020000014                sinTable
 .data.states   0x00000000200000c8       0x18 Core/Src/svpwm.o
                0x00000000200000c8                states
 .data.SystemCoreClock
                0x00000000200000e0        0x4 Core/Src/system_stm32f3xx.o
                0x00000000200000e0                SystemCoreClock
 .data.uwTickFreq
                0x00000000200000e4        0x1 Drivers/STM32F3xx_HAL_Driver/Src/stm32f3xx_hal.o
                0x00000000200000e4                uwTickFreq
 *fill*         0x00000000200000e5        0x3 
 .data.uwTickPrio
                0x00000000200000e8        0x4 Drivers/STM32F3xx_HAL_Driver/Src/stm32f3xx_hal.o
                0x00000000200000e8                uwTickPrio
 *(.RamFunc)
 *(.RamFunc*)
                0x00000000200000ec                . = ALIGN (0x4)
                0x00000000200000ec                _edata = .

.igot.plt       0x00000000200000ec        0x0 load address 0x0000000008004e7c
 .igot.plt      0x00000000200000ec        0x0 c:/st/stm32cubeide_1.6.1/stm32cubeide/plugins/com.st.stm32cube.ide.mcu.externaltools.gnu-tools-for-stm32.9-2020-q2-update.win32_1.5.0.202011040924/tools/bin/../lib/gcc/arm-none-eabi/9.3.1/thumb/v7e-m+fp/hard/crtbegin.o
                0x00000000200000ec                . = ALIGN (0x4)

.bss            0x00000000200000ec      0x490 load address 0x0000000008004e7c
                0x00000000200000ec                _sbss = .
                0x00000000200000ec                __bss_start__ = _sbss
 *(.bss)
 .bss           0x00000000200000ec       0x1c c:/st/stm32cubeide_1.6.1/stm32cubeide/plugins/com.st.stm32cube.ide.mcu.externaltools.gnu-tools-for-stm32.9-2020-q2-update.win32_1.5.0.202011040924/tools/bin/../lib/gcc/arm-none-eabi/9.3.1/thumb/v7e-m+fp/hard/crtbegin.o
 *(.bss*)
 .bss.HAL_RCC_ADC12_CLK_ENABLED
                0x0000000020000108        0x4 Core/Src/stm32f3xx_hal_msp.o
 .bss.T0        0x000000002000010c        0x4 Core/Src/svpwm.o
                0x000000002000010c                T0
 .bss.T1        0x0000000020000110        0x4 Core/Src/svpwm.o
                0x0000000020000110                T1
 .bss.T2        0x0000000020000114        0x4 Core/Src/svpwm.o
                0x0000000020000114                T2
 .bss.Ta        0x0000000020000118        0x2 Core/Src/svpwm.o
                0x0000000020000118                Ta
 .bss.Tb        0x000000002000011a        0x2 Core/Src/svpwm.o
                0x000000002000011a                Tb
 .bss.Tc        0x000000002000011c        0x2 Core/Src/svpwm.o
                0x000000002000011c                Tc
 *fill*         0x000000002000011e        0x2 
 .bss.abs_y     0x0000000020000120        0x4 Core/Src/svpwm.o
                0x0000000020000120                abs_y
 .bss.angle     0x0000000020000124        0x4 Core/Src/svpwm.o
                0x0000000020000124                angle
 .bss.isOpenLoopComplete
                0x0000000020000128        0x1 Core/Src/svpwm.o
                0x0000000020000128                isOpenLoopComplete
 .bss.n         0x0000000020000129        0x1 Core/Src/svpwm.o
                0x0000000020000129                n
 .bss.optimalVector
                0x000000002000012a        0x1 Core/Src/svpwm.o
                0x000000002000012a                optimalVector
 *fill*         0x000000002000012b        0x1 
 .bss.r         0x000000002000012c        0x4 Core/Src/svpwm.o
                0x000000002000012c                r
 .bss.wt        0x0000000020000130        0x2 Core/Src/svpwm.o
                0x0000000020000130                wt
 *(COMMON)
 *fill*         0x0000000020000132        0x2 
 COMMON         0x0000000020000134      0x3ac Core/Src/main.o
                0x0000000020000134                hdma_usart2_rx
                0x0000000020000178                hadc2
                0x00000000200001c8                hdma_adc3
                0x000000002000020c                htim3
                0x0000000020000258                hadc1
                0x00000000200002a8                hadc3
                0x00000000200002f8                hdma_usart2_tx
                0x000000002000033c                hdma_adc1
                0x0000000020000380                htim1
                0x00000000200003cc                htim2
                0x0000000020000418                huart2
                0x000000002000049c                hdma_adc2
 COMMON         0x00000000200004e0       0x98 Core/Src/svpwm.o
                0x00000000200004e0                cos240
                0x00000000200004e2                j
                0x00000000200004e4                Ia
                0x00000000200004e8                costTemp
                0x0000000020000504                txData
                0x000000002000050c                dTheta
                0x0000000020000510                cos120
                0x0000000020000514                cost
                0x0000000020000518                iq_pred
                0x000000002000051a                E2
                0x000000002000051c                theta
                0x000000002000051e                sin240
                0x0000000020000520                asd
                0x0000000020000524                i
                0x0000000020000528                Iab
                0x0000000020000530                Ib
                0x0000000020000534                sin000
                0x0000000020000538                Kterm
                0x000000002000053c                Valbt
                0x0000000020000540                E1
                0x0000000020000542                id_pred
                0x0000000020000544                thetaOld
                0x0000000020000548                Ic
                0x000000002000054c                cos000
                0x000000002000054e                error
                0x0000000020000550                speed
                0x0000000020000554                Eab
                0x000000002000055c                IalphaPred
                0x000000002000055e                sin120
                0x0000000020000560                Idq
                0x0000000020000564                IalbtReq
                0x0000000020000568                IbetaPred
                0x000000002000056c                Ealbt
                0x0000000020000570                E3
                0x0000000020000574                Ialbt
 COMMON         0x0000000020000578        0x4 Drivers/STM32F3xx_HAL_Driver/Src/stm32f3xx_hal.o
                0x0000000020000578                uwTick
                0x000000002000057c                . = ALIGN (0x4)
                0x000000002000057c                _ebss = .
                0x000000002000057c                __bss_end__ = _ebss

._user_heap_stack
                0x000000002000057c      0x604 load address 0x0000000008004e7c
                0x0000000020000580                . = ALIGN (0x8)
 *fill*         0x000000002000057c        0x4 
                [!provide]                        PROVIDE (end = .)
                0x0000000020000580                PROVIDE (_end = .)
                0x0000000020000780                . = (. + _Min_Heap_Size)
 *fill*         0x0000000020000580      0x200 
                0x0000000020000b80                . = (. + _Min_Stack_Size)
 *fill*         0x0000000020000780      0x400 
                0x0000000020000b80                . = ALIGN (0x8)

/DISCARD/
 libc.a(*)
 libm.a(*)
 libgcc.a(*)

.ARM.attributes
                0x0000000000000000       0x30
 *(.ARM.attributes)
 .ARM.attributes
                0x0000000000000000       0x1e c:/st/stm32cubeide_1.6.1/stm32cubeide/plugins/com.st.stm32cube.ide.mcu.externaltools.gnu-tools-for-stm32.9-2020-q2-update.win32_1.5.0.202011040924/tools/bin/../lib/gcc/arm-none-eabi/9.3.1/thumb/v7e-m+fp/hard/crti.o
 .ARM.attributes
                0x000000000000001e       0x34 c:/st/stm32cubeide_1.6.1/stm32cubeide/plugins/com.st.stm32cube.ide.mcu.externaltools.gnu-tools-for-stm32.9-2020-q2-update.win32_1.5.0.202011040924/tools/bin/../lib/gcc/arm-none-eabi/9.3.1/thumb/v7e-m+fp/hard/crtbegin.o
 .ARM.attributes
                0x0000000000000052       0x30 Core/Src/main.o
 .ARM.attributes
                0x0000000000000082       0x30 Core/Src/stm32f3xx_hal_msp.o
 .ARM.attributes
                0x00000000000000b2       0x30 Core/Src/stm32f3xx_it.o
 .ARM.attributes
                0x00000000000000e2       0x30 Core/Src/svpwm.o
 .ARM.attributes
                0x0000000000000112       0x30 Core/Src/system_stm32f3xx.o
 .ARM.attributes
                0x0000000000000142       0x21 Core/Startup/startup_stm32f303retx.o
 .ARM.attributes
                0x0000000000000163       0x30 Drivers/STM32F3xx_HAL_Driver/Src/stm32f3xx_hal.o
 .ARM.attributes
                0x0000000000000193       0x30 Drivers/STM32F3xx_HAL_Driver/Src/stm32f3xx_hal_adc.o
 .ARM.attributes
                0x00000000000001c3       0x30 Drivers/STM32F3xx_HAL_Driver/Src/stm32f3xx_hal_adc_ex.o
 .ARM.attributes
                0x00000000000001f3       0x30 Drivers/STM32F3xx_HAL_Driver/Src/stm32f3xx_hal_cortex.o
 .ARM.attributes
                0x0000000000000223       0x30 Drivers/STM32F3xx_HAL_Driver/Src/stm32f3xx_hal_dma.o
 .ARM.attributes
                0x0000000000000253       0x30 Drivers/STM32F3xx_HAL_Driver/Src/stm32f3xx_hal_gpio.o
 .ARM.attributes
                0x0000000000000283       0x30 Drivers/STM32F3xx_HAL_Driver/Src/stm32f3xx_hal_rcc.o
 .ARM.attributes
                0x00000000000002b3       0x30 Drivers/STM32F3xx_HAL_Driver/Src/stm32f3xx_hal_rcc_ex.o
 .ARM.attributes
                0x00000000000002e3       0x30 Drivers/STM32F3xx_HAL_Driver/Src/stm32f3xx_hal_tim.o
 .ARM.attributes
                0x0000000000000313       0x30 Drivers/STM32F3xx_HAL_Driver/Src/stm32f3xx_hal_tim_ex.o
 .ARM.attributes
                0x0000000000000343       0x30 Drivers/STM32F3xx_HAL_Driver/Src/stm32f3xx_hal_uart.o
 .ARM.attributes
                0x0000000000000373       0x1e c:/st/stm32cubeide_1.6.1/stm32cubeide/plugins/com.st.stm32cube.ide.mcu.externaltools.gnu-tools-for-stm32.9-2020-q2-update.win32_1.5.0.202011040924/tools/bin/../lib/gcc/arm-none-eabi/9.3.1/thumb/v7e-m+fp/hard\libgcc.a(_arm_muldf3.o)
 .ARM.attributes
                0x0000000000000391       0x1e c:/st/stm32cubeide_1.6.1/stm32cubeide/plugins/com.st.stm32cube.ide.mcu.externaltools.gnu-tools-for-stm32.9-2020-q2-update.win32_1.5.0.202011040924/tools/bin/../lib/gcc/arm-none-eabi/9.3.1/thumb/v7e-m+fp/hard\libgcc.a(_arm_addsubdf3.o)
 .ARM.attributes
                0x00000000000003af       0x1e c:/st/stm32cubeide_1.6.1/stm32cubeide/plugins/com.st.stm32cube.ide.mcu.externaltools.gnu-tools-for-stm32.9-2020-q2-update.win32_1.5.0.202011040924/tools/bin/../lib/gcc/arm-none-eabi/9.3.1/thumb/v7e-m+fp/hard\libgcc.a(_arm_fixunsdfsi.o)
 .ARM.attributes
                0x00000000000003cd       0x1e c:/st/stm32cubeide_1.6.1/stm32cubeide/plugins/com.st.stm32cube.ide.mcu.externaltools.gnu-tools-for-stm32.9-2020-q2-update.win32_1.5.0.202011040924/tools/bin/../lib/gcc/arm-none-eabi/9.3.1/thumb/v7e-m+fp/hard\libgcc.a(_arm_truncdfsf2.o)
 .ARM.attributes
                0x00000000000003eb       0x34 c:/st/stm32cubeide_1.6.1/stm32cubeide/plugins/com.st.stm32cube.ide.mcu.externaltools.gnu-tools-for-stm32.9-2020-q2-update.win32_1.5.0.202011040924/tools/bin/../lib/gcc/arm-none-eabi/9.3.1/../../../../arm-none-eabi/lib/thumb/v7e-m+fp/hard\libc_nano.a(lib_a-init.o)
 .ARM.attributes
                0x000000000000041f       0x34 c:/st/stm32cubeide_1.6.1/stm32cubeide/plugins/com.st.stm32cube.ide.mcu.externaltools.gnu-tools-for-stm32.9-2020-q2-update.win32_1.5.0.202011040924/tools/bin/../lib/gcc/arm-none-eabi/9.3.1/../../../../arm-none-eabi/lib/thumb/v7e-m+fp/hard\libc_nano.a(lib_a-memset.o)
 .ARM.attributes
                0x0000000000000453       0x1e c:/st/stm32cubeide_1.6.1/stm32cubeide/plugins/com.st.stm32cube.ide.mcu.externaltools.gnu-tools-for-stm32.9-2020-q2-update.win32_1.5.0.202011040924/tools/bin/../lib/gcc/arm-none-eabi/9.3.1/thumb/v7e-m+fp/hard/crtn.o
OUTPUT(MPC_12_11.elf elf32-littlearm)
LOAD linker stubs
LOAD c:/st/stm32cubeide_1.6.1/stm32cubeide/plugins/com.st.stm32cube.ide.mcu.externaltools.gnu-tools-for-stm32.9-2020-q2-update.win32_1.5.0.202011040924/tools/bin/../lib/gcc/arm-none-eabi/9.3.1/../../../../arm-none-eabi/lib/thumb/v7e-m+fp/hard\libc.a
LOAD c:/st/stm32cubeide_1.6.1/stm32cubeide/plugins/com.st.stm32cube.ide.mcu.externaltools.gnu-tools-for-stm32.9-2020-q2-update.win32_1.5.0.202011040924/tools/bin/../lib/gcc/arm-none-eabi/9.3.1/../../../../arm-none-eabi/lib/thumb/v7e-m+fp/hard\libm.a
LOAD c:/st/stm32cubeide_1.6.1/stm32cubeide/plugins/com.st.stm32cube.ide.mcu.externaltools.gnu-tools-for-stm32.9-2020-q2-update.win32_1.5.0.202011040924/tools/bin/../lib/gcc/arm-none-eabi/9.3.1/thumb/v7e-m+fp/hard\libgcc.a

.debug_info     0x0000000000000000    0x18647
 .debug_info    0x0000000000000000     0x3033 Core/Src/main.o
 .debug_info    0x0000000000003033     0x1800 Core/Src/stm32f3xx_hal_msp.o
 .debug_info    0x0000000000004833      0x9c2 Core/Src/stm32f3xx_it.o
 .debug_info    0x00000000000051f5     0x2620 Core/Src/svpwm.o
 .debug_info    0x0000000000007815      0x4ae Core/Src/system_stm32f3xx.o
 .debug_info    0x0000000000007cc3       0x22 Core/Startup/startup_stm32f303retx.o
 .debug_info    0x0000000000007ce5      0x96c Drivers/STM32F3xx_HAL_Driver/Src/stm32f3xx_hal.o
 .debug_info    0x0000000000008651      0xc37 Drivers/STM32F3xx_HAL_Driver/Src/stm32f3xx_hal_adc.o
 .debug_info    0x0000000000009288     0x1ee1 Drivers/STM32F3xx_HAL_Driver/Src/stm32f3xx_hal_adc_ex.o
 .debug_info    0x000000000000b169     0x10df Drivers/STM32F3xx_HAL_Driver/Src/stm32f3xx_hal_cortex.o
 .debug_info    0x000000000000c248      0x9a2 Drivers/STM32F3xx_HAL_Driver/Src/stm32f3xx_hal_dma.o
 .debug_info    0x000000000000cbea      0x873 Drivers/STM32F3xx_HAL_Driver/Src/stm32f3xx_hal_gpio.o
 .debug_info    0x000000000000d45d     0x17dd Drivers/STM32F3xx_HAL_Driver/Src/stm32f3xx_hal_rcc.o
 .debug_info    0x000000000000ec3a      0x9db Drivers/STM32F3xx_HAL_Driver/Src/stm32f3xx_hal_rcc_ex.o
 .debug_info    0x000000000000f615     0x4e47 Drivers/STM32F3xx_HAL_Driver/Src/stm32f3xx_hal_tim.o
 .debug_info    0x000000000001445c     0x1caf Drivers/STM32F3xx_HAL_Driver/Src/stm32f3xx_hal_tim_ex.o
 .debug_info    0x000000000001610b     0x253c Drivers/STM32F3xx_HAL_Driver/Src/stm32f3xx_hal_uart.o

.debug_abbrev   0x0000000000000000     0x301c
 .debug_abbrev  0x0000000000000000      0x3c3 Core/Src/main.o
 .debug_abbrev  0x00000000000003c3      0x273 Core/Src/stm32f3xx_hal_msp.o
 .debug_abbrev  0x0000000000000636      0x1de Core/Src/stm32f3xx_it.o
 .debug_abbrev  0x0000000000000814      0x4d4 Core/Src/svpwm.o
 .debug_abbrev  0x0000000000000ce8      0x14b Core/Src/system_stm32f3xx.o
 .debug_abbrev  0x0000000000000e33       0x12 Core/Startup/startup_stm32f303retx.o
 .debug_abbrev  0x0000000000000e45      0x27e Drivers/STM32F3xx_HAL_Driver/Src/stm32f3xx_hal.o
 .debug_abbrev  0x00000000000010c3      0x21d Drivers/STM32F3xx_HAL_Driver/Src/stm32f3xx_hal_adc.o
 .debug_abbrev  0x00000000000012e0      0x3b2 Drivers/STM32F3xx_HAL_Driver/Src/stm32f3xx_hal_adc_ex.o
 .debug_abbrev  0x0000000000001692      0x389 Drivers/STM32F3xx_HAL_Driver/Src/stm32f3xx_hal_cortex.o
 .debug_abbrev  0x0000000000001a1b      0x283 Drivers/STM32F3xx_HAL_Driver/Src/stm32f3xx_hal_dma.o
 .debug_abbrev  0x0000000000001c9e      0x214 Drivers/STM32F3xx_HAL_Driver/Src/stm32f3xx_hal_gpio.o
 .debug_abbrev  0x0000000000001eb2      0x373 Drivers/STM32F3xx_HAL_Driver/Src/stm32f3xx_hal_rcc.o
 .debug_abbrev  0x0000000000002225      0x2cf Drivers/STM32F3xx_HAL_Driver/Src/stm32f3xx_hal_rcc_ex.o
 .debug_abbrev  0x00000000000024f4      0x3c9 Drivers/STM32F3xx_HAL_Driver/Src/stm32f3xx_hal_tim.o
 .debug_abbrev  0x00000000000028bd      0x383 Drivers/STM32F3xx_HAL_Driver/Src/stm32f3xx_hal_tim_ex.o
 .debug_abbrev  0x0000000000002c40      0x3dc Drivers/STM32F3xx_HAL_Driver/Src/stm32f3xx_hal_uart.o

.debug_aranges  0x0000000000000000      0xbf0
 .debug_aranges
                0x0000000000000000       0x30 Core/Src/main.o
 .debug_aranges
                0x0000000000000030       0x58 Core/Src/stm32f3xx_hal_msp.o
 .debug_aranges
                0x0000000000000088       0x38 Core/Src/stm32f3xx_it.o
 .debug_aranges
                0x00000000000000c0       0xc0 Core/Src/svpwm.o
 .debug_aranges
                0x0000000000000180       0x28 Core/Src/system_stm32f3xx.o
 .debug_aranges
                0x00000000000001a8       0x28 Core/Startup/startup_stm32f303retx.o
 .debug_aranges
                0x00000000000001d0       0xd8 Drivers/STM32F3xx_HAL_Driver/Src/stm32f3xx_hal.o
 .debug_aranges
                0x00000000000002a8       0x60 Drivers/STM32F3xx_HAL_Driver/Src/stm32f3xx_hal_adc.o
 .debug_aranges
                0x0000000000000308      0x150 Drivers/STM32F3xx_HAL_Driver/Src/stm32f3xx_hal_adc_ex.o
 .debug_aranges
                0x0000000000000458       0xa8 Drivers/STM32F3xx_HAL_Driver/Src/stm32f3xx_hal_cortex.o
 .debug_aranges
                0x0000000000000500       0x78 Drivers/STM32F3xx_HAL_Driver/Src/stm32f3xx_hal_dma.o
 .debug_aranges
                0x0000000000000578       0x58 Drivers/STM32F3xx_HAL_Driver/Src/stm32f3xx_hal_gpio.o
 .debug_aranges
                0x00000000000005d0       0x88 Drivers/STM32F3xx_HAL_Driver/Src/stm32f3xx_hal_rcc.o
 .debug_aranges
                0x0000000000000658       0x30 Drivers/STM32F3xx_HAL_Driver/Src/stm32f3xx_hal_rcc_ex.o
 .debug_aranges
                0x0000000000000688      0x288 Drivers/STM32F3xx_HAL_Driver/Src/stm32f3xx_hal_tim.o
 .debug_aranges
                0x0000000000000910      0x118 Drivers/STM32F3xx_HAL_Driver/Src/stm32f3xx_hal_tim_ex.o
 .debug_aranges
                0x0000000000000a28      0x1c8 Drivers/STM32F3xx_HAL_Driver/Src/stm32f3xx_hal_uart.o

.debug_ranges   0x0000000000000000     0x2710
 .debug_ranges  0x0000000000000000      0x538 Core/Src/main.o
 .debug_ranges  0x0000000000000538      0x160 Core/Src/stm32f3xx_hal_msp.o
 .debug_ranges  0x0000000000000698       0x28 Core/Src/stm32f3xx_it.o
 .debug_ranges  0x00000000000006c0      0x7c0 Core/Src/svpwm.o
 .debug_ranges  0x0000000000000e80       0x18 Core/Src/system_stm32f3xx.o
 .debug_ranges  0x0000000000000e98       0x20 Core/Startup/startup_stm32f303retx.o
 .debug_ranges  0x0000000000000eb8       0xc8 Drivers/STM32F3xx_HAL_Driver/Src/stm32f3xx_hal.o
 .debug_ranges  0x0000000000000f80       0x50 Drivers/STM32F3xx_HAL_Driver/Src/stm32f3xx_hal_adc.o
 .debug_ranges  0x0000000000000fd0      0x140 Drivers/STM32F3xx_HAL_Driver/Src/stm32f3xx_hal_adc_ex.o
 .debug_ranges  0x0000000000001110      0x1c0 Drivers/STM32F3xx_HAL_Driver/Src/stm32f3xx_hal_cortex.o
 .debug_ranges  0x00000000000012d0      0x110 Drivers/STM32F3xx_HAL_Driver/Src/stm32f3xx_hal_dma.o
 .debug_ranges  0x00000000000013e0       0x60 Drivers/STM32F3xx_HAL_Driver/Src/stm32f3xx_hal_gpio.o
 .debug_ranges  0x0000000000001440      0x438 Drivers/STM32F3xx_HAL_Driver/Src/stm32f3xx_hal_rcc.o
 .debug_ranges  0x0000000000001878       0xe8 Drivers/STM32F3xx_HAL_Driver/Src/stm32f3xx_hal_rcc_ex.o
 .debug_ranges  0x0000000000001960      0x838 Drivers/STM32F3xx_HAL_Driver/Src/stm32f3xx_hal_tim.o
 .debug_ranges  0x0000000000002198      0x1a0 Drivers/STM32F3xx_HAL_Driver/Src/stm32f3xx_hal_tim_ex.o
 .debug_ranges  0x0000000000002338      0x3d8 Drivers/STM32F3xx_HAL_Driver/Src/stm32f3xx_hal_uart.o

.debug_macro    0x0000000000000000    0x21c45
 .debug_macro   0x0000000000000000      0x301 Core/Src/main.o
 .debug_macro   0x0000000000000301      0xaba Core/Src/main.o
 .debug_macro   0x0000000000000dbb      0x15d Core/Src/main.o
 .debug_macro   0x0000000000000f18       0x2e Core/Src/main.o
 .debug_macro   0x0000000000000f46       0x28 Core/Src/main.o
 .debug_macro   0x0000000000000f6e       0x22 Core/Src/main.o
 .debug_macro   0x0000000000000f90       0x8e Core/Src/main.o
 .debug_macro   0x000000000000101e       0x51 Core/Src/main.o
 .debug_macro   0x000000000000106f      0x103 Core/Src/main.o
 .debug_macro   0x0000000000001172       0x6a Core/Src/main.o
 .debug_macro   0x00000000000011dc      0x1df Core/Src/main.o
 .debug_macro   0x00000000000013bb       0x1c Core/Src/main.o
 .debug_macro   0x00000000000013d7       0x22 Core/Src/main.o
 .debug_macro   0x00000000000013f9       0xdf Core/Src/main.o
 .debug_macro   0x00000000000014d8     0x102d Core/Src/main.o
 .debug_macro   0x0000000000002505      0x11f Core/Src/main.o
 .debug_macro   0x0000000000002624    0x15353 Core/Src/main.o
 .debug_macro   0x0000000000017977       0x43 Core/Src/main.o
 .debug_macro   0x00000000000179ba     0x35e9 Core/Src/main.o
 .debug_macro   0x000000000001afa3      0x174 Core/Src/main.o
 .debug_macro   0x000000000001b117       0x55 Core/Src/main.o
 .debug_macro   0x000000000001b16c      0x954 Core/Src/main.o
 .debug_macro   0x000000000001bac0      0x84a Core/Src/main.o
 .debug_macro   0x000000000001c30a      0x12f Core/Src/main.o
 .debug_macro   0x000000000001c439      0x23a Core/Src/main.o
 .debug_macro   0x000000000001c673      0x1ea Core/Src/main.o
 .debug_macro   0x000000000001c85d      0x1bc Core/Src/main.o
 .debug_macro   0x000000000001ca19       0x30 Core/Src/main.o
 .debug_macro   0x000000000001ca49       0x3c Core/Src/main.o
 .debug_macro   0x000000000001ca85      0x236 Core/Src/main.o
 .debug_macro   0x000000000001ccbb      0x9fe Core/Src/main.o
 .debug_macro   0x000000000001d6b9       0x77 Core/Src/main.o
 .debug_macro   0x000000000001d730       0xc5 Core/Src/main.o
 .debug_macro   0x000000000001d7f5      0x21d Core/Src/main.o
 .debug_macro   0x000000000001da12      0x22c Core/Src/main.o
 .debug_macro   0x000000000001dc3e       0x5b Core/Src/main.o
 .debug_macro   0x000000000001dc99       0xa5 Core/Src/main.o
 .debug_macro   0x000000000001dd3e       0x81 Core/Src/main.o
 .debug_macro   0x000000000001ddbf       0xd3 Core/Src/main.o
 .debug_macro   0x000000000001de92      0xa3d Core/Src/main.o
 .debug_macro   0x000000000001e8cf       0xbb Core/Src/main.o
 .debug_macro   0x000000000001e98a      0x5a5 Core/Src/main.o
 .debug_macro   0x000000000001ef2f       0x44 Core/Src/main.o
 .debug_macro   0x000000000001ef73      0x347 Core/Src/main.o
 .debug_macro   0x000000000001f2ba       0xb2 Core/Src/main.o
 .debug_macro   0x000000000001f36c       0x12 Core/Src/main.o
 .debug_macro   0x000000000001f37e       0x52 Core/Src/main.o
 .debug_macro   0x000000000001f3d0       0x18 Core/Src/main.o
 .debug_macro   0x000000000001f3e8       0x3c Core/Src/main.o
 .debug_macro   0x000000000001f424       0x34 Core/Src/main.o
 .debug_macro   0x000000000001f458       0x16 Core/Src/main.o
 .debug_macro   0x000000000001f46e       0x43 Core/Src/main.o
 .debug_macro   0x000000000001f4b1       0x34 Core/Src/main.o
 .debug_macro   0x000000000001f4e5       0x10 Core/Src/main.o
 .debug_macro   0x000000000001f4f5       0x58 Core/Src/main.o
 .debug_macro   0x000000000001f54d       0x71 Core/Src/main.o
 .debug_macro   0x000000000001f5be       0x1c Core/Src/main.o
 .debug_macro   0x000000000001f5da      0x12a Core/Src/main.o
 .debug_macro   0x000000000001f704      0x333 Core/Src/main.o
 .debug_macro   0x000000000001fa37       0x10 Core/Src/main.o
 .debug_macro   0x000000000001fa47       0x35 Core/Src/main.o
 .debug_macro   0x000000000001fa7c       0x20 Core/Src/main.o
 .debug_macro   0x000000000001fa9c      0x1a9 Core/Src/main.o
 .debug_macro   0x000000000001fc45       0xd6 Core/Src/main.o
 .debug_macro   0x000000000001fd1b      0x1ff Core/Src/stm32f3xx_hal_msp.o
 .debug_macro   0x000000000001ff1a      0x209 Core/Src/stm32f3xx_it.o
 .debug_macro   0x0000000000020123      0x319 Core/Src/svpwm.o
 .debug_macro   0x000000000002043c      0x1f0 Core/Src/system_stm32f3xx.o
 .debug_macro   0x000000000002062c      0x214 Drivers/STM32F3xx_HAL_Driver/Src/stm32f3xx_hal.o
 .debug_macro   0x0000000000020840      0x1f1 Drivers/STM32F3xx_HAL_Driver/Src/stm32f3xx_hal_adc.o
 .debug_macro   0x0000000000020a31      0x21a Drivers/STM32F3xx_HAL_Driver/Src/stm32f3xx_hal_adc_ex.o
 .debug_macro   0x0000000000020c4b      0x1f0 Drivers/STM32F3xx_HAL_Driver/Src/stm32f3xx_hal_cortex.o
 .debug_macro   0x0000000000020e3b      0x1f0 Drivers/STM32F3xx_HAL_Driver/Src/stm32f3xx_hal_dma.o
 .debug_macro   0x000000000002102b      0x228 Drivers/STM32F3xx_HAL_Driver/Src/stm32f3xx_hal_gpio.o
 .debug_macro   0x0000000000021253      0x214 Drivers/STM32F3xx_HAL_Driver/Src/stm32f3xx_hal_rcc.o
 .debug_macro   0x0000000000021467      0x1f0 Drivers/STM32F3xx_HAL_Driver/Src/stm32f3xx_hal_rcc_ex.o
 .debug_macro   0x0000000000021657      0x1f1 Drivers/STM32F3xx_HAL_Driver/Src/stm32f3xx_hal_tim.o
 .debug_macro   0x0000000000021848      0x1f0 Drivers/STM32F3xx_HAL_Driver/Src/stm32f3xx_hal_tim_ex.o
 .debug_macro   0x0000000000021a38      0x20d Drivers/STM32F3xx_HAL_Driver/Src/stm32f3xx_hal_uart.o

.debug_line     0x0000000000000000    0x1a6b4
 .debug_line    0x0000000000000000     0x13b9 Core/Src/main.o
 .debug_line    0x00000000000013b9      0xda0 Core/Src/stm32f3xx_hal_msp.o
 .debug_line    0x0000000000002159      0x7a4 Core/Src/stm32f3xx_it.o
 .debug_line    0x00000000000028fd     0x1d92 Core/Src/svpwm.o
 .debug_line    0x000000000000468f      0x7a0 Core/Src/system_stm32f3xx.o
 .debug_line    0x0000000000004e2f       0x88 Core/Startup/startup_stm32f303retx.o
 .debug_line    0x0000000000004eb7      0xa77 Drivers/STM32F3xx_HAL_Driver/Src/stm32f3xx_hal.o
 .debug_line    0x000000000000592e      0x816 Drivers/STM32F3xx_HAL_Driver/Src/stm32f3xx_hal_adc.o
 .debug_line    0x0000000000006144     0x3254 Drivers/STM32F3xx_HAL_Driver/Src/stm32f3xx_hal_adc_ex.o
 .debug_line    0x0000000000009398      0xd1f Drivers/STM32F3xx_HAL_Driver/Src/stm32f3xx_hal_cortex.o
 .debug_line    0x000000000000a0b7     0x10ce Drivers/STM32F3xx_HAL_Driver/Src/stm32f3xx_hal_dma.o
 .debug_line    0x000000000000b185      0xcd2 Drivers/STM32F3xx_HAL_Driver/Src/stm32f3xx_hal_gpio.o
 .debug_line    0x000000000000be57     0x1a2a Drivers/STM32F3xx_HAL_Driver/Src/stm32f3xx_hal_rcc.o
 .debug_line    0x000000000000d881     0x10b6 Drivers/STM32F3xx_HAL_Driver/Src/stm32f3xx_hal_rcc_ex.o
 .debug_line    0x000000000000e937     0x6633 Drivers/STM32F3xx_HAL_Driver/Src/stm32f3xx_hal_tim.o
 .debug_line    0x0000000000014f6a     0x219e Drivers/STM32F3xx_HAL_Driver/Src/stm32f3xx_hal_tim_ex.o
 .debug_line    0x0000000000017108     0x35ac Drivers/STM32F3xx_HAL_Driver/Src/stm32f3xx_hal_uart.o

.debug_str      0x0000000000000000    0xd37e3
 .debug_str     0x0000000000000000    0xd0249 Core/Src/main.o
                                      0xd0cac (size before relaxing)
 .debug_str     0x00000000000d0249      0x12f Core/Src/stm32f3xx_hal_msp.o
                                      0xcc5cf (size before relaxing)
 .debug_str     0x00000000000d0378       0xbd Core/Src/stm32f3xx_it.o
                                      0xcbb7f (size before relaxing)
 .debug_str     0x00000000000d0435      0x290 Core/Src/svpwm.o
                                      0xd0190 (size before relaxing)
 .debug_str     0x00000000000d06c5       0xb3 Core/Src/system_stm32f3xx.o
                                      0xcb363 (size before relaxing)
 .debug_str     0x00000000000d0778       0x36 Core/Startup/startup_stm32f303retx.o
                                         0x74 (size before relaxing)
 .debug_str     0x00000000000d07ae      0x321 Drivers/STM32F3xx_HAL_Driver/Src/stm32f3xx_hal.o
                                      0xcbbaf (size before relaxing)
 .debug_str     0x00000000000d0acf      0x1f5 Drivers/STM32F3xx_HAL_Driver/Src/stm32f3xx_hal_adc.o
                                      0xcb98e (size before relaxing)
 .debug_str     0x00000000000d0cc4      0x69c Drivers/STM32F3xx_HAL_Driver/Src/stm32f3xx_hal_adc_ex.o
                                      0xcc08d (size before relaxing)
 .debug_str     0x00000000000d1360      0x320 Drivers/STM32F3xx_HAL_Driver/Src/stm32f3xx_hal_cortex.o
                                      0xcbc78 (size before relaxing)
 .debug_str     0x00000000000d1680      0x20d Drivers/STM32F3xx_HAL_Driver/Src/stm32f3xx_hal_dma.o
                                      0xcb6e9 (size before relaxing)
 .debug_str     0x00000000000d188d      0x20d Drivers/STM32F3xx_HAL_Driver/Src/stm32f3xx_hal_gpio.o
                                      0xcb641 (size before relaxing)
 .debug_str     0x00000000000d1a9a      0x2d6 Drivers/STM32F3xx_HAL_Driver/Src/stm32f3xx_hal_rcc.o
                                      0xcb7fc (size before relaxing)
 .debug_str     0x00000000000d1d70       0xbe Drivers/STM32F3xx_HAL_Driver/Src/stm32f3xx_hal_rcc_ex.o
                                      0xcb66d (size before relaxing)
 .debug_str     0x00000000000d1e2e      0xd26 Drivers/STM32F3xx_HAL_Driver/Src/stm32f3xx_hal_tim.o
                                      0xcc78b (size before relaxing)
 .debug_str     0x00000000000d2b54      0x448 Drivers/STM32F3xx_HAL_Driver/Src/stm32f3xx_hal_tim_ex.o
                                      0xcbfef (size before relaxing)
 .debug_str     0x00000000000d2f9c      0x847 Drivers/STM32F3xx_HAL_Driver/Src/stm32f3xx_hal_uart.o
                                      0xcc067 (size before relaxing)

.comment        0x0000000000000000       0x53
 .comment       0x0000000000000000       0x53 Core/Src/main.o
                                         0x54 (size before relaxing)
 .comment       0x0000000000000053       0x54 Core/Src/stm32f3xx_hal_msp.o
 .comment       0x0000000000000053       0x54 Core/Src/stm32f3xx_it.o
 .comment       0x0000000000000053       0x54 Core/Src/svpwm.o
 .comment       0x0000000000000053       0x54 Core/Src/system_stm32f3xx.o
 .comment       0x0000000000000053       0x54 Drivers/STM32F3xx_HAL_Driver/Src/stm32f3xx_hal.o
 .comment       0x0000000000000053       0x54 Drivers/STM32F3xx_HAL_Driver/Src/stm32f3xx_hal_adc.o
 .comment       0x0000000000000053       0x54 Drivers/STM32F3xx_HAL_Driver/Src/stm32f3xx_hal_adc_ex.o
 .comment       0x0000000000000053       0x54 Drivers/STM32F3xx_HAL_Driver/Src/stm32f3xx_hal_cortex.o
 .comment       0x0000000000000053       0x54 Drivers/STM32F3xx_HAL_Driver/Src/stm32f3xx_hal_dma.o
 .comment       0x0000000000000053       0x54 Drivers/STM32F3xx_HAL_Driver/Src/stm32f3xx_hal_gpio.o
 .comment       0x0000000000000053       0x54 Drivers/STM32F3xx_HAL_Driver/Src/stm32f3xx_hal_rcc.o
 .comment       0x0000000000000053       0x54 Drivers/STM32F3xx_HAL_Driver/Src/stm32f3xx_hal_rcc_ex.o
 .comment       0x0000000000000053       0x54 Drivers/STM32F3xx_HAL_Driver/Src/stm32f3xx_hal_tim.o
 .comment       0x0000000000000053       0x54 Drivers/STM32F3xx_HAL_Driver/Src/stm32f3xx_hal_tim_ex.o
 .comment       0x0000000000000053       0x54 Drivers/STM32F3xx_HAL_Driver/Src/stm32f3xx_hal_uart.o

.debug_frame    0x0000000000000000     0x2d78
 .debug_frame   0x0000000000000000       0x60 Core/Src/main.o
 .debug_frame   0x0000000000000060      0x144 Core/Src/stm32f3xx_hal_msp.o
 .debug_frame   0x00000000000001a4       0x74 Core/Src/stm32f3xx_it.o
 .debug_frame   0x0000000000000218      0x230 Core/Src/svpwm.o
 .debug_frame   0x0000000000000448       0x30 Core/Src/system_stm32f3xx.o
 .debug_frame   0x0000000000000478      0x1d4 Drivers/STM32F3xx_HAL_Driver/Src/stm32f3xx_hal.o
 .debug_frame   0x000000000000064c      0x170 Drivers/STM32F3xx_HAL_Driver/Src/stm32f3xx_hal_adc.o
 .debug_frame   0x00000000000007bc      0x514 Drivers/STM32F3xx_HAL_Driver/Src/stm32f3xx_hal_adc_ex.o
 .debug_frame   0x0000000000000cd0      0x184 Drivers/STM32F3xx_HAL_Driver/Src/stm32f3xx_hal_cortex.o
 .debug_frame   0x0000000000000e54      0x180 Drivers/STM32F3xx_HAL_Driver/Src/stm32f3xx_hal_dma.o
 .debug_frame   0x0000000000000fd4       0xec Drivers/STM32F3xx_HAL_Driver/Src/stm32f3xx_hal_gpio.o
 .debug_frame   0x00000000000010c0      0x1a0 Drivers/STM32F3xx_HAL_Driver/Src/stm32f3xx_hal_rcc.o
 .debug_frame   0x0000000000001260       0xb4 Drivers/STM32F3xx_HAL_Driver/Src/stm32f3xx_hal_rcc_ex.o
 .debug_frame   0x0000000000001314      0xd2c Drivers/STM32F3xx_HAL_Driver/Src/stm32f3xx_hal_tim.o
 .debug_frame   0x0000000000002040      0x4c4 Drivers/STM32F3xx_HAL_Driver/Src/stm32f3xx_hal_tim_ex.o
 .debug_frame   0x0000000000002504      0x704 Drivers/STM32F3xx_HAL_Driver/Src/stm32f3xx_hal_uart.o
 .debug_frame   0x0000000000002c08       0x30 c:/st/stm32cubeide_1.6.1/stm32cubeide/plugins/com.st.stm32cube.ide.mcu.externaltools.gnu-tools-for-stm32.9-2020-q2-update.win32_1.5.0.202011040924/tools/bin/../lib/gcc/arm-none-eabi/9.3.1/thumb/v7e-m+fp/hard\libgcc.a(_arm_muldf3.o)
 .debug_frame   0x0000000000002c38       0xac c:/st/stm32cubeide_1.6.1/stm32cubeide/plugins/com.st.stm32cube.ide.mcu.externaltools.gnu-tools-for-stm32.9-2020-q2-update.win32_1.5.0.202011040924/tools/bin/../lib/gcc/arm-none-eabi/9.3.1/thumb/v7e-m+fp/hard\libgcc.a(_arm_addsubdf3.o)
 .debug_frame   0x0000000000002ce4       0x24 c:/st/stm32cubeide_1.6.1/stm32cubeide/plugins/com.st.stm32cube.ide.mcu.externaltools.gnu-tools-for-stm32.9-2020-q2-update.win32_1.5.0.202011040924/tools/bin/../lib/gcc/arm-none-eabi/9.3.1/thumb/v7e-m+fp/hard\libgcc.a(_arm_fixunsdfsi.o)
 .debug_frame   0x0000000000002d08       0x24 c:/st/stm32cubeide_1.6.1/stm32cubeide/plugins/com.st.stm32cube.ide.mcu.externaltools.gnu-tools-for-stm32.9-2020-q2-update.win32_1.5.0.202011040924/tools/bin/../lib/gcc/arm-none-eabi/9.3.1/thumb/v7e-m+fp/hard\libgcc.a(_arm_truncdfsf2.o)
 .debug_frame   0x0000000000002d2c       0x2c c:/st/stm32cubeide_1.6.1/stm32cubeide/plugins/com.st.stm32cube.ide.mcu.externaltools.gnu-tools-for-stm32.9-2020-q2-update.win32_1.5.0.202011040924/tools/bin/../lib/gcc/arm-none-eabi/9.3.1/../../../../arm-none-eabi/lib/thumb/v7e-m+fp/hard\libc_nano.a(lib_a-init.o)
 .debug_frame   0x0000000000002d58       0x20 c:/st/stm32cubeide_1.6.1/stm32cubeide/plugins/com.st.stm32cube.ide.mcu.externaltools.gnu-tools-for-stm32.9-2020-q2-update.win32_1.5.0.202011040924/tools/bin/../lib/gcc/arm-none-eabi/9.3.1/../../../../arm-none-eabi/lib/thumb/v7e-m+fp/hard\libc_nano.a(lib_a-memset.o)

.debug_loc      0x0000000000000000    0x119dc
 .debug_loc     0x0000000000000000      0x1ac Core/Src/stm32f3xx_hal_msp.o
 .debug_loc     0x00000000000001ac      0xdd5 Core/Src/svpwm.o
 .debug_loc     0x0000000000000f81      0x113 Core/Src/system_stm32f3xx.o
 .debug_loc     0x0000000000001094      0x168 Drivers/STM32F3xx_HAL_Driver/Src/stm32f3xx_hal.o
 .debug_loc     0x00000000000011fc      0x128 Drivers/STM32F3xx_HAL_Driver/Src/stm32f3xx_hal_adc.o
 .debug_loc     0x0000000000001324     0x22a8 Drivers/STM32F3xx_HAL_Driver/Src/stm32f3xx_hal_adc_ex.o
 .debug_loc     0x00000000000035cc      0x7a7 Drivers/STM32F3xx_HAL_Driver/Src/stm32f3xx_hal_cortex.o
 .debug_loc     0x0000000000003d73      0x898 Drivers/STM32F3xx_HAL_Driver/Src/stm32f3xx_hal_dma.o
 .debug_loc     0x000000000000460b      0x3f2 Drivers/STM32F3xx_HAL_Driver/Src/stm32f3xx_hal_gpio.o
 .debug_loc     0x00000000000049fd     0x101a Drivers/STM32F3xx_HAL_Driver/Src/stm32f3xx_hal_rcc.o
 .debug_loc     0x0000000000005a17      0xa71 Drivers/STM32F3xx_HAL_Driver/Src/stm32f3xx_hal_rcc_ex.o
 .debug_loc     0x0000000000006488     0x71ae Drivers/STM32F3xx_HAL_Driver/Src/stm32f3xx_hal_tim.o
 .debug_loc     0x000000000000d636     0x18b2 Drivers/STM32F3xx_HAL_Driver/Src/stm32f3xx_hal_tim_ex.o
 .debug_loc     0x000000000000eee8     0x2af4 Drivers/STM32F3xx_HAL_Driver/Src/stm32f3xx_hal_uart.o
