MPC_core.c:321:6:SVPWM.part.0	16	static
MPC_core.c:92:7:limitTheta	0	static
MPC_core.c:107:7:sin2	0	static
MPC_core.c:128:7:cos2	0	static
MPC_core.c:139:9:asin2	0	static
MPC_core.c:151:10:arctan2	16	static
MPC_core.c:175:6:computeSinCos	8	static
MPC_core.c:189:6:parkTransform	16	static
MPC_core.c:198:6:inverseParkTransform	0	static
MPC_core.c:208:6:clarkeTransform	0	static
MPC_core.c:218:6:transferUART	16	static
MPC_core.c:235:6:computeSpeed	24	static
MPC_core.c:255:6:computePosition	40	static
MPC_core.c:287:6:measureADC	8	static
MPC_core.c:304:6:PIController	0	static
MPC_core.c:321:6:SVPWM	0	static
MPC_core.c:375:6:openLoopControl	0	static
MPC_core.c:387:6:sixStepControl	8	static
MPC_core.c:393:6:predictCurrent	16	static
MPC_core.c:405:6:modelPredictiveControl	40	static
MPC_core.c:445:6:startStop	0	static
MPC_core.c:458:6:executeAll	16	static
