stm32f3xx_hal_msp.c:75:6:HAL_MspInit	8	static
stm32f3xx_hal_msp.c:101:6:HAL_ADC_MspInit	72	static
stm32f3xx_hal_msp.c:248:6:HAL_ADC_MspDeInit	8	static
stm32f3xx_hal_msp.c:329:6:HAL_DAC_MspInit	40	static
stm32f3xx_hal_msp.c:362:6:HAL_DAC_MspDeInit	0	static
stm32f3xx_hal_msp.c:390:6:HAL_TIM_Base_MspInit	56	static
stm32f3xx_hal_msp.c:441:6:HAL_TIM_MspPostInit	48	static
stm32f3xx_hal_msp.c:475:6:HAL_TIM_Base_MspDeInit	8	static
stm32f3xx_hal_msp.c:537:6:HAL_UART_MspInit	48	static
stm32f3xx_hal_msp.c:606:6:HAL_UART_MspDeInit	8	static
