svpwm.c:93:7:limitTheta	0	static
svpwm.c:108:7:sin2	0	static
svpwm.c:129:7:cos2	0	static
svpwm.c:140:9:asin2	0	static
svpwm.c:152:10:arctan2	16	static
svpwm.c:176:6:computeSinCos	8	static
svpwm.c:190:6:parkTransform	20	static
svpwm.c:199:6:inverseParkTransform	0	static
svpwm.c:209:6:clarkeTransform	0	static
svpwm.c:219:6:transferUART	16	static
svpwm.c:233:6:computeSpeed	24	static
svpwm.c:253:6:computePosition	40	static
svpwm.c:285:6:measureADC	16	static
svpwm.c:302:6:PIController	0	static
svpwm.c:319:6:SVPWM	16	static
svpwm.c:373:6:checkTimer	0	static
svpwm.c:384:6:openLoopControl	0	static
svpwm.c:402:6:sixStepControl	8	static
svpwm.c:411:6:getPrediction	16	static
svpwm.c:422:6:modelPredictiveControl	40	static
svpwm.c:451:6:executeSetAlgorithm	8	static
svpwm.c:464:6:startStop	0	static
