svpwm.c:94:7:limitTheta	0	static
svpwm.c:109:7:sin2	0	static
svpwm.c:130:7:cos2	0	static
svpwm.c:141:9:asin2	0	static
svpwm.c:153:10:arctan2	16	static
svpwm.c:177:6:computeSinCos	8	static
svpwm.c:191:6:parkTransform	24	static
svpwm.c:200:6:inverseParkTransform	0	static
svpwm.c:210:6:clarkeTransform	0	static
svpwm.c:220:6:transferUART	8	static
svpwm.c:234:6:computeSpeed	24	static
svpwm.c:254:6:computePosition	32	static
svpwm.c:286:6:measureADC	8	static
svpwm.c:302:6:PIController	0	static
svpwm.c:319:6:SVPWM	24	static
svpwm.c:373:6:checkTimer	0	static
svpwm.c:384:6:openLoopControl	0	static
svpwm.c:402:6:sixStepControl	8	static
svpwm.c:415:6:modelPredictiveControl	36	static
svpwm.c:455:6:executeSetAlgorithm	0	static
svpwm.c:469:6:startStop	0	static
