Archive member included to satisfy reference by file (symbol)

c:/st/stm32cubeide_1.6.1/stm32cubeide/plugins/com.st.stm32cube.ide.mcu.externaltools.gnu-tools-for-stm32.9-2020-q2-update.win32_1.5.0.202011040924/tools/bin/../lib/gcc/arm-none-eabi/9.3.1/../../../../arm-none-eabi/lib/thumb/v7e-m+fp/hard\libc_nano.a(lib_a-errno.o)
                              Core/Src/syscalls.o (__errno)
c:/st/stm32cubeide_1.6.1/stm32cubeide/plugins/com.st.stm32cube.ide.mcu.externaltools.gnu-tools-for-stm32.9-2020-q2-update.win32_1.5.0.202011040924/tools/bin/../lib/gcc/arm-none-eabi/9.3.1/../../../../arm-none-eabi/lib/thumb/v7e-m+fp/hard\libc_nano.a(lib_a-exit.o)
                              c:/st/stm32cubeide_1.6.1/stm32cubeide/plugins/com.st.stm32cube.ide.mcu.externaltools.gnu-tools-for-stm32.9-2020-q2-update.win32_1.5.0.202011040924/tools/bin/../lib/gcc/arm-none-eabi/9.3.1/../../../../arm-none-eabi/lib/thumb/v7e-m+fp/hard/crt0.o (exit)
c:/st/stm32cubeide_1.6.1/stm32cubeide/plugins/com.st.stm32cube.ide.mcu.externaltools.gnu-tools-for-stm32.9-2020-q2-update.win32_1.5.0.202011040924/tools/bin/../lib/gcc/arm-none-eabi/9.3.1/../../../../arm-none-eabi/lib/thumb/v7e-m+fp/hard\libc_nano.a(lib_a-impure.o)
                              c:/st/stm32cubeide_1.6.1/stm32cubeide/plugins/com.st.stm32cube.ide.mcu.externaltools.gnu-tools-for-stm32.9-2020-q2-update.win32_1.5.0.202011040924/tools/bin/../lib/gcc/arm-none-eabi/9.3.1/../../../../arm-none-eabi/lib/thumb/v7e-m+fp/hard\libc_nano.a(lib_a-exit.o) (_global_impure_ptr)
c:/st/stm32cubeide_1.6.1/stm32cubeide/plugins/com.st.stm32cube.ide.mcu.externaltools.gnu-tools-for-stm32.9-2020-q2-update.win32_1.5.0.202011040924/tools/bin/../lib/gcc/arm-none-eabi/9.3.1/../../../../arm-none-eabi/lib/thumb/v7e-m+fp/hard\libc_nano.a(lib_a-init.o)
                              c:/st/stm32cubeide_1.6.1/stm32cubeide/plugins/com.st.stm32cube.ide.mcu.externaltools.gnu-tools-for-stm32.9-2020-q2-update.win32_1.5.0.202011040924/tools/bin/../lib/gcc/arm-none-eabi/9.3.1/../../../../arm-none-eabi/lib/thumb/v7e-m+fp/hard/crt0.o (__libc_init_array)
c:/st/stm32cubeide_1.6.1/stm32cubeide/plugins/com.st.stm32cube.ide.mcu.externaltools.gnu-tools-for-stm32.9-2020-q2-update.win32_1.5.0.202011040924/tools/bin/../lib/gcc/arm-none-eabi/9.3.1/../../../../arm-none-eabi/lib/thumb/v7e-m+fp/hard\libc_nano.a(lib_a-memset.o)
                              c:/st/stm32cubeide_1.6.1/stm32cubeide/plugins/com.st.stm32cube.ide.mcu.externaltools.gnu-tools-for-stm32.9-2020-q2-update.win32_1.5.0.202011040924/tools/bin/../lib/gcc/arm-none-eabi/9.3.1/../../../../arm-none-eabi/lib/thumb/v7e-m+fp/hard/crt0.o (memset)
c:/st/stm32cubeide_1.6.1/stm32cubeide/plugins/com.st.stm32cube.ide.mcu.externaltools.gnu-tools-for-stm32.9-2020-q2-update.win32_1.5.0.202011040924/tools/bin/../lib/gcc/arm-none-eabi/9.3.1/thumb/v7e-m+fp/hard\libgcc.a(_arm_addsubdf3.o)
                              Core/Src/MPC_math.o (__aeabi_dadd)
c:/st/stm32cubeide_1.6.1/stm32cubeide/plugins/com.st.stm32cube.ide.mcu.externaltools.gnu-tools-for-stm32.9-2020-q2-update.win32_1.5.0.202011040924/tools/bin/../lib/gcc/arm-none-eabi/9.3.1/thumb/v7e-m+fp/hard\libgcc.a(_arm_truncdfsf2.o)
                              Core/Src/MPC_math.o (__aeabi_d2f)

Allocating common symbols
Common symbol       size              file

thetaElecOld        0x2               Core/Src/MPC_Algo.o
speedReq            0x2               Core/Src/MPC_Algo.o
hdma_usart2_rx      0x44              Core/Src/main.o
cos240              0x2               Core/Src/MPC_Algo.o
j                   0x4               Core/Src/MPC_Algo.o
thetaElec           0x2               Core/Src/MPC_Algo.o
speedArr            0x28              Core/Src/MPC_feedback.o
Ia                  0x2               Core/Src/MPC_Algo.o
costTemp            0x4               Core/Src/MPC_Algo.o
txData              0x6               Core/Src/MPC_communication.o
speedTemp           0x2               Core/Src/MPC_feedback.o
Sb                  0x1               Core/Src/MPC_Algo.o
dTheta              0x2               Core/Src/MPC_Algo.o
hadc2               0x50              Core/Src/main.o
dT                  0x2               Core/Src/MPC_Algo.o
cos120              0x2               Core/Src/MPC_Algo.o
Iabc                0x10              Core/Src/MPC_Algo.o
thetaElecTemp       0x2               Core/Src/MPC_Algo.o
startTx             0x1               Core/Src/MPC_communication.o
IqPredTemp          0x4               Core/Src/MPC_Algo.o
cost                0x4               Core/Src/MPC_Algo.o
comCode             0x7               Core/Src/MPC_communication.o
sum                 0x2               Core/Src/MPC_feedback.o
IdPredTemp          0x4               Core/Src/MPC_Algo.o
ex                  0x2               Core/Src/MPC_core.o
IdPred              0x4               Core/Src/MPC_Algo.o
Ec                  0x2               Core/Src/MPC_Algo.o
Va                  0x2               Core/Src/MPC_Algo.o
[...]
Memory Configuration

Name             Origin             Length             Attributes
CCMRAM           0x0000000010000000 0x0000000000004000 xrw
RAM              0x0000000020000000 0x0000000000010000 xrw
FLASH            0x0000000008000000 0x0000000000080000 xr
*default*        0x0000000000000000 0xffffffffffffffff

Linker script and memory map

LOAD c:/st/stm32cubeide_1.6.1/stm32cubeide/plugins/com.st.stm32cube.ide.mcu.externaltools.gnu-tools-for-stm32.9-2020-q2-update.win32_1.5.0.202011040924/tools/bin/../lib/gcc/arm-none-eabi/9.3.1/thumb/v7e-m+fp/hard/crti.o
LOAD c:/st/stm32cubeide_1.6.1/stm32cubeide/plugins/com.st.stm32cube.ide.mcu.externaltools.gnu-tools-for-stm32.9-2020-q2-update.win32_1.5.0.202011040924/tools/bin/../lib/gcc/arm-none-eabi/9.3.1/thumb/v7e-m+fp/hard/crtbegin.o
LOAD c:/st/stm32cubeide_1.6.1/stm32cubeide/plugins/com.st.stm32cube.ide.mcu.externaltools.gnu-tools-for-stm32.9-2020-q2-update.win32_1.5.0.202011040924/tools/bin/../lib/gcc/arm-none-eabi/9.3.1/../../../../arm-none-eabi/lib/thumb/v7e-m+fp/hard/crt0.o
LOAD Core/Src/MPC_Algo.o
LOAD Core/Src/MPC_PWM.o
LOAD Core/Src/MPC_communication.o
LOAD Core/Src/MPC_core.o
LOAD Core/Src/MPC_feedback.o
LOAD Core/Src/MPC_math.o
LOAD Core/Src/OpenLoop_Algo.o
LOAD Core/Src/PID_Algo.o
LOAD Core/Src/SixStep_Algo.o
LOAD Core/Src/main.o
LOAD Core/Src/stm32f3xx_hal_msp.o
LOAD Core/Src/stm32f3xx_it.o
LOAD Core/Src/syscalls.o
LOAD Core/Src/sysmem.o
LOAD Core/Src/system_stm32f3xx.o
LOAD Core/Startup/startup_stm32f303retx.o
LOAD Drivers/STM32F3xx_HAL_Driver/Src/stm32f3xx_hal.o
LOAD Drivers/STM32F3xx_HAL_Driver/Src/stm32f3xx_hal_adc.o
LOAD Drivers/STM32F3xx_HAL_Driver/Src/stm32f3xx_hal_adc_ex.o
LOAD Drivers/STM32F3xx_HAL_Driver/Src/stm32f3xx_hal_cortex.o
LOAD Drivers/STM32F3xx_HAL_Driver/Src/stm32f3xx_hal_dma.o
LOAD Drivers/STM32F3xx_HAL_Driver/Src/stm32f3xx_hal_exti.o
LOAD Drivers/STM32F3xx_HAL_Driver/Src/stm32f3xx_hal_flash.o
LOAD Drivers/STM32F3xx_HAL_Driver/Src/stm32f3xx_hal_flash_ex.o
LOAD Drivers/STM32F3xx_HAL_Driver/Src/stm32f3xx_hal_gpio.o
LOAD Drivers/STM32F3xx_HAL_Driver/Src/stm32f3xx_hal_i2c.o
LOAD Drivers/STM32F3xx_HAL_Driver/Src/stm32f3xx_hal_i2c_ex.o
LOAD Drivers/STM32F3xx_HAL_Driver/Src/stm32f3xx_hal_pwr.o
LOAD Drivers/STM32F3xx_HAL_Driver/Src/stm32f3xx_hal_pwr_ex.o
LOAD Drivers/STM32F3xx_HAL_Driver/Src/stm32f3xx_hal_rcc.o
LOAD Drivers/STM32F3xx_HAL_Driver/Src/stm32f3xx_hal_rcc_ex.o
LOAD Drivers/STM32F3xx_HAL_Driver/Src/stm32f3xx_hal_tim.o
LOAD Drivers/STM32F3xx_HAL_Driver/Src/stm32f3xx_hal_tim_ex.o
LOAD Drivers/STM32F3xx_HAL_Driver/Src/stm32f3xx_hal_uart.o
LOAD Drivers/STM32F3xx_HAL_Driver/Src/stm32f3xx_hal_uart_ex.o
START GROUP
LOAD c:/st/stm32cubeide_1.6.1/stm32cubeide/plugins/com.st.stm32cube.ide.mcu.externaltools.gnu-tools-for-stm32.9-2020-q2-update.win32_1.5.0.202011040924/tools/bin/../lib/gcc/arm-none-eabi/9.3.1/../../../../arm-none-eabi/lib/thumb/v7e-m+fp/hard\libc_nano.a
LOAD c:/st/stm32cubeide_1.6.1/stm32cubeide/plugins/com.st.stm32cube.ide.mcu.externaltools.gnu-tools-for-stm32.9-2020-q2-update.win32_1.5.0.202011040924/tools/bin/../lib/gcc/arm-none-eabi/9.3.1/../../../../arm-none-eabi/lib/thumb/v7e-m+fp/hard\libm.a
END GROUP
START GROUP
LOAD c:/st/stm32cubeide_1.6.1/stm32cubeide/plugins/com.st.stm32cube.ide.mcu.externaltools.gnu-tools-for-stm32.9-2020-q2-update.win32_1.5.0.202011040924/tools/bin/../lib/gcc/arm-none-eabi/9.3.1/thumb/v7e-m+fp/hard\libgcc.a
LOAD c:/st/stm32cubeide_1.6.1/stm32cubeide/plugins/com.st.stm32cube.ide.mcu.externaltools.gnu-tools-for-stm32.9-2020-q2-update.win32_1.5.0.202011040924/tools/bin/../lib/gcc/arm-none-eabi/9.3.1/../../../../arm-none-eabi/lib/thumb/v7e-m+fp/hard\libc_nano.a
END GROUP
START GROUP
LOAD c:/st/stm32cubeide_1.6.1/stm32cubeide/plugins/com.st.stm32cube.ide.mcu.externaltools.gnu-tools-for-stm32.9-2020-q2-update.win32_1.5.0.202011040924/tools/bin/../lib/gcc/arm-none-eabi/9.3.1/thumb/v7e-m+fp/hard\libgcc.a
LOAD c:/st/stm32cubeide_1.6.1/stm32cubeide/plugins/com.st.stm32cube.ide.mcu.externaltools.gnu-tools-for-stm32.9-2020-q2-update.win32_1.5.0.202011040924/tools/bin/../lib/gcc/arm-none-eabi/9.3.1/../../../../arm-none-eabi/lib/thumb/v7e-m+fp/hard\libc_nano.a
LOAD c:/st/stm32cubeide_1.6.1/stm32cubeide/plugins/com.st.stm32cube.ide.mcu.externaltools.gnu-tools-for-stm32.9-2020-q2-update.win32_1.5.0.202011040924/tools/bin/../lib/gcc/arm-none-eabi/9.3.1/../../../../arm-none-eabi/lib/thumb/v7e-m+fp/hard\libnosys.a
END GROUP
START GROUP
LOAD c:/st/stm32cubeide_1.6.1/stm32cubeide/plugins/com.st.stm32cube.ide.mcu.externaltools.gnu-tools-for-stm32.9-2020-q2-update.win32_1.5.0.202011040924/tools/bin/../lib/gcc/arm-none-eabi/9.3.1/thumb/v7e-m+fp/hard\libgcc.a
LOAD c:/st/stm32cubeide_1.6.1/stm32cubeide/plugins/com.st.stm32cube.ide.mcu.externaltools.gnu-tools-for-stm32.9-2020-q2-update.win32_1.5.0.202011040924/tools/bin/../lib/gcc/arm-none-eabi/9.3.1/../../../../arm-none-eabi/lib/thumb/v7e-m+fp/hard\libc_nano.a
LOAD c:/st/stm32cubeide_1.6.1/stm32cubeide/plugins/com.st.stm32cube.ide.mcu.externaltools.gnu-tools-for-stm32.9-2020-q2-update.win32_1.5.0.202011040924/tools/bin/../lib/gcc/arm-none-eabi/9.3.1/../../../../arm-none-eabi/lib/thumb/v7e-m+fp/hard\libnosys.a
END GROUP
LOAD c:/st/stm32cubeide_1.6.1/stm32cubeide/plugins/com.st.stm32cube.ide.mcu.externaltools.gnu-tools-for-stm32.9-2020-q2-update.win32_1.5.0.202011040924/tools/bin/../lib/gcc/arm-none-eabi/9.3.1/thumb/v7e-m+fp/hard/crtend.o
LOAD c:/st/stm32cubeide_1.6.1/stm32cubeide/plugins/com.st.stm32cube.ide.mcu.externaltools.gnu-tools-for-stm32.9-2020-q2-update.win32_1.5.0.202011040924/tools/bin/../lib/gcc/arm-none-eabi/9.3.1/thumb/v7e-m+fp/hard/crtn.o
                0x0000000020010000                _estack = (ORIGIN (RAM) + LENGTH (RAM))
                0x0000000000000200                _Min_Heap_Size = 0x200
                0x0000000000000400                _Min_Stack_Size = 0x400

.isr_vector     0x0000000008000000      0x194
                0x0000000008000000                . = ALIGN (0x4)
 *(.isr_vector)
 .isr_vector    0x0000000008000000      0x194 Core/Startup/startup_stm32f303retx.o
                0x0000000008000000                g_pfnVectors
                0x0000000008000194                . = ALIGN (0x4)

.text           0x0000000008000194     0x46c8
                0x0000000008000194                . = ALIGN (0x4)
 *(.text)
 .text          0x0000000008000194       0x40 c:/st/stm32cubeide_1.6.1/stm32cubeide/plugins/com.st.stm32cube.ide.mcu.externaltools.gnu-tools-for-stm32.9-2020-q2-update.win32_1.5.0.202011040924/tools/bin/../lib/gcc/arm-none-eabi/9.3.1/thumb/v7e-m+fp/hard/crtbegin.o
 *(.text*)
 .text.modelPredictiveControl
                0x00000000080001d4      0x25c Core/Src/MPC_Algo.o
                0x00000000080001d4                modelPredictiveControl
 .text.SVPWM    0x0000000008000430      0x1d4 Core/Src/MPC_PWM.o
                0x0000000008000430                SVPWM
 .text.transferUART
                0x0000000008000604       0x5c Core/Src/MPC_communication.o
                0x0000000008000604                transferUART
 .text.receiveUART
                0x0000000008000660       0x14 Core/Src/MPC_communication.o
                0x0000000008000660                receiveUART
 .text.handleRxCommands
                0x0000000008000674       0xb0 Core/Src/MPC_communication.o
                0x0000000008000674                handleRxCommands
 .text.executeAll
                0x0000000008000724       0xb0 Core/Src/MPC_core.o
                0x0000000008000724                executeAll
 .text.computePositionWithEncoder
                0x00000000080007d4      0x154 Core/Src/MPC_feedback.o
                0x00000000080007d4                computePositionWithEncoder
 .text.measureADC
                0x0000000008000928       0x74 Core/Src/MPC_feedback.o
                0x0000000008000928                measureADC
 .text.sinLowRes
                0x000000000800099c       0x7c Core/Src/MPC_math.o
                0x000000000800099c                sinLowRes
 .text.parkTransform
                0x0000000008000a18       0x78 Core/Src/MPC_math.o
                0x0000000008000a18                parkTransform
 .text.computeSinCos
                0x0000000008000a90      0x338 Core/Src/MPC_math.o
                0x0000000008000a90                computeSinCos
 .text.SpeedPIController
                0x0000000008000dc8       0xc8 Core/Src/PID_Algo.o
                0x0000000008000dc8                SpeedPIController
 .text.SystemClock_Config
                0x0000000008000e90       0x9c Core/Src/main.o
                0x0000000008000e90                SystemClock_Config
 .text.startup.main
                0x0000000008000f2c      0x478 Core/Src/main.o
                0x0000000008000f2c                main
 .text.Error_Handler
                0x00000000080013a4        0x4 Core/Src/main.o
                0x00000000080013a4                Error_Handler
 .text.HAL_MspInit
                0x00000000080013a8       0x34 Core/Src/stm32f3xx_hal_msp.o
                0x00000000080013a8                HAL_MspInit
 .text.HAL_ADC_MspInit
                0x00000000080013dc      0x194 Core/Src/stm32f3xx_hal_msp.o
                0x00000000080013dc                HAL_ADC_MspInit
 .text.HAL_TIM_Base_MspInit
                0x0000000008001570       0x7c Core/Src/stm32f3xx_hal_msp.o
                0x0000000008001570                HAL_TIM_Base_MspInit
 .text.HAL_TIM_Encoder_MspInit
                0x00000000080015ec       0x9c Core/Src/stm32f3xx_hal_msp.o
                0x00000000080015ec                HAL_TIM_Encoder_MspInit
 .text.HAL_TIM_MspPostInit
                0x0000000008001688       0x60 Core/Src/stm32f3xx_hal_msp.o
                0x0000000008001688                HAL_TIM_MspPostInit
 .text.HAL_UART_MspInit
                0x00000000080016e8       0xd4 Core/Src/stm32f3xx_hal_msp.o
                0x00000000080016e8                HAL_UART_MspInit
 .text.SysTick_Handler
                0x00000000080017bc        0x4 Core/Src/stm32f3xx_it.o
                0x00000000080017bc                SysTick_Handler
 .text.DMA1_Channel6_IRQHandler
                0x00000000080017c0       0x14 Core/Src/stm32f3xx_it.o
                0x00000000080017c0                DMA1_Channel6_IRQHandler
 .text.TIM1_BRK_TIM15_IRQHandler
                0x00000000080017d4        0xc Core/Src/stm32f3xx_it.o
                0x00000000080017d4                TIM1_BRK_TIM15_IRQHandler
 .text.TIM1_CC_IRQHandler
                0x00000000080017e0       0x14 Core/Src/stm32f3xx_it.o
                0x00000000080017e0                TIM1_CC_IRQHandler
 .text.SystemInit
                0x00000000080017f4       0x1c Core/Src/system_stm32f3xx.o
                0x00000000080017f4                SystemInit
 .text.Reset_Handler
                0x0000000008001810       0x50 Core/Startup/startup_stm32f303retx.o
                0x0000000008001810                Reset_Handler
 .text.Default_Handler
                0x0000000008001860        0x2 Core/Startup/startup_stm32f303retx.o
                0x0000000008001860                RTC_Alarm_IRQHandler
                0x0000000008001860                TIM8_TRG_COM_IRQHandler
                0x0000000008001860                TIM8_CC_IRQHandler
                0x0000000008001860                DebugMon_Handler
                0x0000000008001860                SPI4_IRQHandler
                0x0000000008001860                HardFault_Handler
                0x0000000008001860                USB_HP_IRQHandler
                0x0000000008001860                PVD_IRQHandler
                0x0000000008001860                TAMP_STAMP_IRQHandler
                0x0000000008001860                PendSV_Handler
                0x0000000008001860                NMI_Handler
                0x0000000008001860                EXTI3_IRQHandler
                0x0000000008001860                I2C3_ER_IRQHandler
                0x0000000008001860                USB_HP_CAN_TX_IRQHandler
                0x0000000008001860                EXTI0_IRQHandler
                0x0000000008001860                I2C2_EV_IRQHandler
                0x0000000008001860                FPU_IRQHandler
                0x0000000008001860                TIM1_UP_TIM16_IRQHandler
                0x0000000008001860                UsageFault_Handler
                0x0000000008001860                ADC1_2_IRQHandler
                0x0000000008001860                SPI1_IRQHandler
                0x0000000008001860                CAN_SCE_IRQHandler
                0x0000000008001860                TIM6_DAC_IRQHandler
                0x0000000008001860                TIM8_UP_IRQHandler
                0x0000000008001860                DMA2_Channel2_IRQHandler
                0x0000000008001860                DMA1_Channel4_IRQHandler
                0x0000000008001860                TIM20_TRG_COM_IRQHandler
                0x0000000008001860                USART3_IRQHandler
                0x0000000008001860                DMA1_Channel7_IRQHandler
                0x0000000008001860                UART5_IRQHandler
                0x0000000008001860                ADC3_IRQHandler
                0x0000000008001860                TIM4_IRQHandler
                0x0000000008001860                CAN_RX1_IRQHandler
                0x0000000008001860                DMA2_Channel1_IRQHandler
                0x0000000008001860                I2C1_EV_IRQHandler
                0x0000000008001860                UART4_IRQHandler
                0x0000000008001860                DMA2_Channel4_IRQHandler
                0x0000000008001860                TIM3_IRQHandler
                0x0000000008001860                RCC_IRQHandler
                0x0000000008001860                TIM20_UP_IRQHandler
                0x0000000008001860                DMA1_Channel1_IRQHandler
                0x0000000008001860                Default_Handler
                0x0000000008001860                USBWakeUp_RMP_IRQHandler
                0x0000000008001860                EXTI15_10_IRQHandler
                0x0000000008001860                TIM7_IRQHandler
                0x0000000008001860                I2C3_EV_IRQHandler
                0x0000000008001860                EXTI9_5_IRQHandler
                0x0000000008001860                RTC_WKUP_IRQHandler
                0x0000000008001860                SPI2_IRQHandler
                0x0000000008001860                USB_LP_CAN_RX0_IRQHandler
                0x0000000008001860                MemManage_Handler
                0x0000000008001860                SVC_Handler
                0x0000000008001860                DMA2_Channel5_IRQHandler
                0x0000000008001860                DMA1_Channel5_IRQHandler
                0x0000000008001860                USB_LP_IRQHandler
                0x0000000008001860                EXTI4_IRQHandler
                0x0000000008001860                TIM1_TRG_COM_TIM17_IRQHandler
                0x0000000008001860                DMA1_Channel3_IRQHandler
                0x0000000008001860                ADC4_IRQHandler
                0x0000000008001860                WWDG_IRQHandler
                0x0000000008001860                TIM2_IRQHandler
                0x0000000008001860                COMP7_IRQHandler
                0x0000000008001860                COMP1_2_3_IRQHandler
                0x0000000008001860                EXTI1_IRQHandler
                0x0000000008001860                USART2_IRQHandler
                0x0000000008001860                COMP4_5_6_IRQHandler
                0x0000000008001860                TIM20_BRK_IRQHandler
                0x0000000008001860                I2C2_ER_IRQHandler
                0x0000000008001860                DMA1_Channel2_IRQHandler
                0x0000000008001860                TIM8_BRK_IRQHandler
                0x0000000008001860                FLASH_IRQHandler
                0x0000000008001860                TIM20_CC_IRQHandler
                0x0000000008001860                BusFault_Handler
                0x0000000008001860                USART1_IRQHandler
                0x0000000008001860                SPI3_IRQHandler
                0x0000000008001860                I2C1_ER_IRQHandler
                0x0000000008001860                FMC_IRQHandler
                0x0000000008001860                USBWakeUp_IRQHandler
                0x0000000008001860                DMA2_Channel3_IRQHandler
                0x0000000008001860                EXTI2_TSC_IRQHandler
 *fill*         0x0000000008001862        0x2 
 .text.HAL_InitTick
                0x0000000008001864       0x48 Drivers/STM32F3xx_HAL_Driver/Src/stm32f3xx_hal.o
                0x0000000008001864                HAL_InitTick
 .text.HAL_Init
                0x00000000080018ac       0x24 Drivers/STM32F3xx_HAL_Driver/Src/stm32f3xx_hal.o
                0x00000000080018ac                HAL_Init
 .text.HAL_IncTick
                0x00000000080018d0       0x18 Drivers/STM32F3xx_HAL_Driver/Src/stm32f3xx_hal.o
                0x00000000080018d0                HAL_IncTick
 .text.HAL_GetTick
                0x00000000080018e8        0xc Drivers/STM32F3xx_HAL_Driver/Src/stm32f3xx_hal.o
                0x00000000080018e8                HAL_GetTick
 .text.HAL_ADC_ConvCpltCallback
                0x00000000080018f4        0x4 Drivers/STM32F3xx_HAL_Driver/Src/stm32f3xx_hal_adc.o
                0x00000000080018f4                HAL_ADC_ConvCpltCallback
 .text.HAL_ADC_ConvHalfCpltCallback
                0x00000000080018f8        0x4 Drivers/STM32F3xx_HAL_Driver/Src/stm32f3xx_hal_adc.o
                0x00000000080018f8                HAL_ADC_ConvHalfCpltCallback
 .text.HAL_ADC_ErrorCallback
                0x00000000080018fc        0x4 Drivers/STM32F3xx_HAL_Driver/Src/stm32f3xx_hal_adc.o
                0x00000000080018fc                HAL_ADC_ErrorCallback
 .text.ADC_DMAError
                0x0000000008001900       0x18 Drivers/STM32F3xx_HAL_Driver/Src/stm32f3xx_hal_adc_ex.o
 .text.ADC_DMAHalfConvCplt
                0x0000000008001918        0x8 Drivers/STM32F3xx_HAL_Driver/Src/stm32f3xx_hal_adc_ex.o
 .text.ADC_DMAConvCplt
                0x0000000008001920       0x44 Drivers/STM32F3xx_HAL_Driver/Src/stm32f3xx_hal_adc_ex.o
 .text.ADC_Disable
                0x0000000008001964       0x70 Drivers/STM32F3xx_HAL_Driver/Src/stm32f3xx_hal_adc_ex.o
 .text.ADC_Enable
                0x00000000080019d4       0x60 Drivers/STM32F3xx_HAL_Driver/Src/stm32f3xx_hal_adc_ex.o
 .text.HAL_ADC_Init
                0x0000000008001a34      0x2ac Drivers/STM32F3xx_HAL_Driver/Src/stm32f3xx_hal_adc_ex.o
                0x0000000008001a34                HAL_ADC_Init
 .text.HAL_ADC_Start_DMA
                0x0000000008001ce0      0x158 Drivers/STM32F3xx_HAL_Driver/Src/stm32f3xx_hal_adc_ex.o
                0x0000000008001ce0                HAL_ADC_Start_DMA
 .text.HAL_ADCEx_Calibration_Start
                0x0000000008001e38       0x8c Drivers/STM32F3xx_HAL_Driver/Src/stm32f3xx_hal_adc_ex.o
                0x0000000008001e38                HAL_ADCEx_Calibration_Start
 .text.HAL_ADC_ConfigChannel
                0x0000000008001ec4      0x380 Drivers/STM32F3xx_HAL_Driver/Src/stm32f3xx_hal_adc_ex.o
                0x0000000008001ec4                HAL_ADC_ConfigChannel
 .text.HAL_ADCEx_MultiModeConfigChannel
                0x0000000008002244      0x120 Drivers/STM32F3xx_HAL_Driver/Src/stm32f3xx_hal_adc_ex.o
                0x0000000008002244                HAL_ADCEx_MultiModeConfigChannel
 .text.HAL_NVIC_SetPriorityGrouping
                0x0000000008002364       0x28 Drivers/STM32F3xx_HAL_Driver/Src/stm32f3xx_hal_cortex.o
                0x0000000008002364                HAL_NVIC_SetPriorityGrouping
 .text.HAL_NVIC_SetPriority
                0x000000000800238c       0x70 Drivers/STM32F3xx_HAL_Driver/Src/stm32f3xx_hal_cortex.o
                0x000000000800238c                HAL_NVIC_SetPriority
 .text.HAL_NVIC_EnableIRQ
                0x00000000080023fc       0x1c Drivers/STM32F3xx_HAL_Driver/Src/stm32f3xx_hal_cortex.o
                0x00000000080023fc                HAL_NVIC_EnableIRQ
 .text.HAL_SYSTICK_Config
                0x0000000008002418       0x34 Drivers/STM32F3xx_HAL_Driver/Src/stm32f3xx_hal_cortex.o
                0x0000000008002418                HAL_SYSTICK_Config
 .text.HAL_DMA_Init
                0x000000000800244c       0x88 Drivers/STM32F3xx_HAL_Driver/Src/stm32f3xx_hal_dma.o
                0x000000000800244c                HAL_DMA_Init
 .text.HAL_DMA_Start_IT
                0x00000000080024d4       0x84 Drivers/STM32F3xx_HAL_Driver/Src/stm32f3xx_hal_dma.o
                0x00000000080024d4                HAL_DMA_Start_IT
 .text.HAL_DMA_IRQHandler
                0x0000000008002558       0x94 Drivers/STM32F3xx_HAL_Driver/Src/stm32f3xx_hal_dma.o
                0x0000000008002558                HAL_DMA_IRQHandler
 .text.HAL_GPIO_Init
                0x00000000080025ec      0x21c Drivers/STM32F3xx_HAL_Driver/Src/stm32f3xx_hal_gpio.o
                0x00000000080025ec                HAL_GPIO_Init
 .text.HAL_GPIO_WritePin
                0x0000000008002808        0xc Drivers/STM32F3xx_HAL_Driver/Src/stm32f3xx_hal_gpio.o
                0x0000000008002808                HAL_GPIO_WritePin
 .text.HAL_GPIO_TogglePin
                0x0000000008002814        0xc Drivers/STM32F3xx_HAL_Driver/Src/stm32f3xx_hal_gpio.o
                0x0000000008002814                HAL_GPIO_TogglePin
 .text.HAL_RCC_OscConfig
                0x0000000008002820      0x5dc Drivers/STM32F3xx_HAL_Driver/Src/stm32f3xx_hal_rcc.o
                0x0000000008002820                HAL_RCC_OscConfig
 .text.HAL_RCC_ClockConfig
                0x0000000008002dfc      0x1dc Drivers/STM32F3xx_HAL_Driver/Src/stm32f3xx_hal_rcc.o
                0x0000000008002dfc                HAL_RCC_ClockConfig
 .text.HAL_RCC_GetSysClockFreq
                0x0000000008002fd8       0x5c Drivers/STM32F3xx_HAL_Driver/Src/stm32f3xx_hal_rcc.o
                0x0000000008002fd8                HAL_RCC_GetSysClockFreq
 .text.HAL_RCC_GetPCLK1Freq
                0x0000000008003034       0x30 Drivers/STM32F3xx_HAL_Driver/Src/stm32f3xx_hal_rcc.o
                0x0000000008003034                HAL_RCC_GetPCLK1Freq
 .text.HAL_RCC_GetPCLK2Freq
                0x0000000008003064       0x30 Drivers/STM32F3xx_HAL_Driver/Src/stm32f3xx_hal_rcc.o
                0x0000000008003064                HAL_RCC_GetPCLK2Freq
 .text.HAL_RCCEx_PeriphCLKConfig
                0x0000000008003094      0x2a0 Drivers/STM32F3xx_HAL_Driver/Src/stm32f3xx_hal_rcc_ex.o
                0x0000000008003094                HAL_RCCEx_PeriphCLKConfig
 .text.TIM_OC1_SetConfig
                0x0000000008003334       0x84 Drivers/STM32F3xx_HAL_Driver/Src/stm32f3xx_hal_tim.o
 .text.TIM_OC3_SetConfig
                0x00000000080033b8       0xa4 Drivers/STM32F3xx_HAL_Driver/Src/stm32f3xx_hal_tim.o
 .text.HAL_TIM_Base_Init
                0x000000000800345c       0xf8 Drivers/STM32F3xx_HAL_Driver/Src/stm32f3xx_hal_tim.o
                0x000000000800345c                HAL_TIM_Base_Init
 .text.HAL_TIM_PWM_MspInit
                0x0000000008003554        0x4 Drivers/STM32F3xx_HAL_Driver/Src/stm32f3xx_hal_tim.o
                0x0000000008003554                HAL_TIM_PWM_MspInit
 .text.HAL_TIM_PWM_Init
                0x0000000008003558       0xf8 Drivers/STM32F3xx_HAL_Driver/Src/stm32f3xx_hal_tim.o
                0x0000000008003558                HAL_TIM_PWM_Init
 .text.HAL_TIM_PWM_Start
                0x0000000008003650       0x7c Drivers/STM32F3xx_HAL_Driver/Src/stm32f3xx_hal_tim.o
                0x0000000008003650                HAL_TIM_PWM_Start
 .text.HAL_TIM_PWM_Start_IT
                0x00000000080036cc       0xc4 Drivers/STM32F3xx_HAL_Driver/Src/stm32f3xx_hal_tim.o
                0x00000000080036cc                HAL_TIM_PWM_Start_IT
 .text.HAL_TIM_Encoder_Init
                0x0000000008003790      0x16c Drivers/STM32F3xx_HAL_Driver/Src/stm32f3xx_hal_tim.o
                0x0000000008003790                HAL_TIM_Encoder_Init
 .text.HAL_TIM_Encoder_Start
                0x00000000080038fc       0x4c Drivers/STM32F3xx_HAL_Driver/Src/stm32f3xx_hal_tim.o
                0x00000000080038fc                HAL_TIM_Encoder_Start
 .text.HAL_TIM_ConfigClockSource
                0x0000000008003948      0x14c Drivers/STM32F3xx_HAL_Driver/Src/stm32f3xx_hal_tim.o
                0x0000000008003948                HAL_TIM_ConfigClockSource
 .text.HAL_TIM_PeriodElapsedCallback
                0x0000000008003a94        0x4 Drivers/STM32F3xx_HAL_Driver/Src/stm32f3xx_hal_tim.o
                0x0000000008003a94                HAL_TIM_PeriodElapsedCallback
 .text.HAL_TIM_OC_DelayElapsedCallback
                0x0000000008003a98        0x4 Drivers/STM32F3xx_HAL_Driver/Src/stm32f3xx_hal_tim.o
                0x0000000008003a98                HAL_TIM_OC_DelayElapsedCallback
 .text.HAL_TIM_IC_CaptureCallback
                0x0000000008003a9c        0x4 Drivers/STM32F3xx_HAL_Driver/Src/stm32f3xx_hal_tim.o
                0x0000000008003a9c                HAL_TIM_IC_CaptureCallback
 .text.HAL_TIM_PWM_PulseFinishedCallback
                0x0000000008003aa0        0x4 Drivers/STM32F3xx_HAL_Driver/Src/stm32f3xx_hal_tim.o
                0x0000000008003aa0                HAL_TIM_PWM_PulseFinishedCallback
 .text.HAL_TIM_TriggerCallback
                0x0000000008003aa4        0x4 Drivers/STM32F3xx_HAL_Driver/Src/stm32f3xx_hal_tim.o
                0x0000000008003aa4                HAL_TIM_TriggerCallback
 .text.HAL_TIM_IRQHandler
                0x0000000008003aa8      0x170 Drivers/STM32F3xx_HAL_Driver/Src/stm32f3xx_hal_tim.o
                0x0000000008003aa8                HAL_TIM_IRQHandler
 .text.TIM_OC2_SetConfig
                0x0000000008003c18       0xa4 Drivers/STM32F3xx_HAL_Driver/Src/stm32f3xx_hal_tim.o
                0x0000000008003c18                TIM_OC2_SetConfig
 .text.HAL_TIM_PWM_ConfigChannel
                0x0000000008003cbc      0x2ac Drivers/STM32F3xx_HAL_Driver/Src/stm32f3xx_hal_tim.o
                0x0000000008003cbc                HAL_TIM_PWM_ConfigChannel
 .text.HAL_TIMEx_MasterConfigSynchronization
                0x0000000008003f68       0xb4 Drivers/STM32F3xx_HAL_Driver/Src/stm32f3xx_hal_tim_ex.o
                0x0000000008003f68                HAL_TIMEx_MasterConfigSynchronization
 .text.HAL_TIMEx_ConfigBreakDeadTime
                0x000000000800401c       0x90 Drivers/STM32F3xx_HAL_Driver/Src/stm32f3xx_hal_tim_ex.o
                0x000000000800401c                HAL_TIMEx_ConfigBreakDeadTime
 .text.HAL_TIMEx_CommutCallback
                0x00000000080040ac        0x4 Drivers/STM32F3xx_HAL_Driver/Src/stm32f3xx_hal_tim_ex.o
                0x00000000080040ac                HAL_TIMEx_CommutCallback
 .text.HAL_TIMEx_BreakCallback
                0x00000000080040b0        0x4 Drivers/STM32F3xx_HAL_Driver/Src/stm32f3xx_hal_tim_ex.o
                0x00000000080040b0                HAL_TIMEx_BreakCallback
 .text.HAL_TIMEx_Break2Callback
                0x00000000080040b4        0x4 Drivers/STM32F3xx_HAL_Driver/Src/stm32f3xx_hal_tim_ex.o
                0x00000000080040b4                HAL_TIMEx_Break2Callback
 .text.HAL_UART_Receive_DMA
                0x00000000080040b8       0xa4 Drivers/STM32F3xx_HAL_Driver/Src/stm32f3xx_hal_uart.o
                0x00000000080040b8                HAL_UART_Receive_DMA
 .text.HAL_UART_RxCpltCallback
                0x000000000800415c        0x4 Drivers/STM32F3xx_HAL_Driver/Src/stm32f3xx_hal_uart.o
                0x000000000800415c                HAL_UART_RxCpltCallback
 .text.UART_DMAReceiveCplt
                0x0000000008004160       0x34 Drivers/STM32F3xx_HAL_Driver/Src/stm32f3xx_hal_uart.o
 .text.HAL_UART_RxHalfCpltCallback
                0x0000000008004194        0x4 Drivers/STM32F3xx_HAL_Driver/Src/stm32f3xx_hal_uart.o
                0x0000000008004194                HAL_UART_RxHalfCpltCallback
 .text.UART_DMARxHalfCplt
                0x0000000008004198        0xc Drivers/STM32F3xx_HAL_Driver/Src/stm32f3xx_hal_uart.o
 .text.HAL_UART_ErrorCallback
                0x00000000080041a4        0x4 Drivers/STM32F3xx_HAL_Driver/Src/stm32f3xx_hal_uart.o
                0x00000000080041a4                HAL_UART_ErrorCallback
 .text.UART_DMAError
                0x00000000080041a8       0x60 Drivers/STM32F3xx_HAL_Driver/Src/stm32f3xx_hal_uart.o
 .text.UART_AdvFeatureConfig
                0x0000000008004208       0xb0 Drivers/STM32F3xx_HAL_Driver/Src/stm32f3xx_hal_uart.o
                0x0000000008004208                UART_AdvFeatureConfig
 .text.UART_CheckIdleState
                0x00000000080042b8       0xb4 Drivers/STM32F3xx_HAL_Driver/Src/stm32f3xx_hal_uart.o
                0x00000000080042b8                UART_CheckIdleState
 .text.HAL_UART_Init
                0x000000000800436c      0x2a0 Drivers/STM32F3xx_HAL_Driver/Src/stm32f3xx_hal_uart.o
                0x000000000800436c                HAL_UART_Init
 .text.UART_WaitOnFlagUntilTimeout
                0x000000000800460c       0xa8 Drivers/STM32F3xx_HAL_Driver/Src/stm32f3xx_hal_uart.o
                0x000000000800460c                UART_WaitOnFlagUntilTimeout
 .text.HAL_UART_Transmit
                0x00000000080046b4      0x138 Drivers/STM32F3xx_HAL_Driver/Src/stm32f3xx_hal_uart.o
                0x00000000080046b4                HAL_UART_Transmit
 .text.__libc_init_array
                0x00000000080047ec       0x48 c:/st/stm32cubeide_1.6.1/stm32cubeide/plugins/com.st.stm32cube.ide.mcu.externaltools.gnu-tools-for-stm32.9-2020-q2-update.win32_1.5.0.202011040924/tools/bin/../lib/gcc/arm-none-eabi/9.3.1/../../../../arm-none-eabi/lib/thumb/v7e-m+fp/hard\libc_nano.a(lib_a-init.o)
                0x00000000080047ec                __libc_init_array
 .text.memset   0x0000000008004834       0x10 c:/st/stm32cubeide_1.6.1/stm32cubeide/plugins/com.st.stm32cube.ide.mcu.externaltools.gnu-tools-for-stm32.9-2020-q2-update.win32_1.5.0.202011040924/tools/bin/../lib/gcc/arm-none-eabi/9.3.1/../../../../arm-none-eabi/lib/thumb/v7e-m+fp/hard\libc_nano.a(lib_a-memset.o)
                0x0000000008004834                memset
 *(.glue_7)
 .glue_7        0x0000000008004844        0x0 linker stubs
 *(.glue_7t)
 .glue_7t       0x0000000008004844        0x0 linker stubs
 *(.eh_frame)
 .eh_frame      0x0000000008004844        0x0 c:/st/stm32cubeide_1.6.1/stm32cubeide/plugins/com.st.stm32cube.ide.mcu.externaltools.gnu-tools-for-stm32.9-2020-q2-update.win32_1.5.0.202011040924/tools/bin/../lib/gcc/arm-none-eabi/9.3.1/thumb/v7e-m+fp/hard/crtbegin.o
 *(.init)
 .init          0x0000000008004844        0x4 c:/st/stm32cubeide_1.6.1/stm32cubeide/plugins/com.st.stm32cube.ide.mcu.externaltools.gnu-tools-for-stm32.9-2020-q2-update.win32_1.5.0.202011040924/tools/bin/../lib/gcc/arm-none-eabi/9.3.1/thumb/v7e-m+fp/hard/crti.o
                0x0000000008004844                _init
 .init          0x0000000008004848        0x8 c:/st/stm32cubeide_1.6.1/stm32cubeide/plugins/com.st.stm32cube.ide.mcu.externaltools.gnu-tools-for-stm32.9-2020-q2-update.win32_1.5.0.202011040924/tools/bin/../lib/gcc/arm-none-eabi/9.3.1/thumb/v7e-m+fp/hard/crtn.o
 *(.fini)
 .fini          0x0000000008004850        0x4 c:/st/stm32cubeide_1.6.1/stm32cubeide/plugins/com.st.stm32cube.ide.mcu.externaltools.gnu-tools-for-stm32.9-2020-q2-update.win32_1.5.0.202011040924/tools/bin/../lib/gcc/arm-none-eabi/9.3.1/thumb/v7e-m+fp/hard/crti.o
                0x0000000008004850                _fini
 .fini          0x0000000008004854        0x8 c:/st/stm32cubeide_1.6.1/stm32cubeide/plugins/com.st.stm32cube.ide.mcu.externaltools.gnu-tools-for-stm32.9-2020-q2-update.win32_1.5.0.202011040924/tools/bin/../lib/gcc/arm-none-eabi/9.3.1/thumb/v7e-m+fp/hard/crtn.o
                0x000000000800485c                . = ALIGN (0x4)
                0x000000000800485c                _etext = .

.vfp11_veneer   0x000000000800485c        0x0
 .vfp11_veneer  0x000000000800485c        0x0 linker stubs

.v4_bx          0x000000000800485c        0x0
 .v4_bx         0x000000000800485c        0x0 linker stubs

.iplt           0x000000000800485c        0x0
 .iplt          0x000000000800485c        0x0 c:/st/stm32cubeide_1.6.1/stm32cubeide/plugins/com.st.stm32cube.ide.mcu.externaltools.gnu-tools-for-stm32.9-2020-q2-update.win32_1.5.0.202011040924/tools/bin/../lib/gcc/arm-none-eabi/9.3.1/thumb/v7e-m+fp/hard/crtbegin.o

.rodata         0x000000000800485c      0x1ac
                0x000000000800485c                . = ALIGN (0x4)
 *(.rodata)
 *(.rodata*)
 .rodata.sinTable
                0x000000000800485c       0xb6 Core/Src/MPC_math.o
                0x000000000800485c                sinTable
 *fill*         0x0000000008004912        0x2 
 .rodata.sinTableLowRes
                0x0000000008004914       0xb6 Core/Src/MPC_math.o
                0x0000000008004914                sinTableLowRes
 *fill*         0x00000000080049ca        0x2 
 .rodata.AHBPrescTable
                0x00000000080049cc       0x10 Core/Src/system_stm32f3xx.o
                0x00000000080049cc                AHBPrescTable
 .rodata.APBPrescTable
                0x00000000080049dc        0x8 Core/Src/system_stm32f3xx.o
                0x00000000080049dc                APBPrescTable
 .rodata.aPLLMULFactorTable
                0x00000000080049e4       0x10 Drivers/STM32F3xx_HAL_Driver/Src/stm32f3xx_hal_rcc.o
                0x00000000080049e4                aPLLMULFactorTable
 .rodata.aPredivFactorTable
                0x00000000080049f4       0x10 Drivers/STM32F3xx_HAL_Driver/Src/stm32f3xx_hal_rcc.o
                0x00000000080049f4                aPredivFactorTable
 .rodata.CSWTCH.52
                0x0000000008004a04        0x3 Drivers/STM32F3xx_HAL_Driver/Src/stm32f3xx_hal_uart.o
                0x0000000008004a08                . = ALIGN (0x4)
 *fill*         0x0000000008004a07        0x1 

.rel.dyn        0x0000000008004a08        0x0
 .rel.iplt      0x0000000008004a08        0x0 c:/st/stm32cubeide_1.6.1/stm32cubeide/plugins/com.st.stm32cube.ide.mcu.externaltools.gnu-tools-for-stm32.9-2020-q2-update.win32_1.5.0.202011040924/tools/bin/../lib/gcc/arm-none-eabi/9.3.1/thumb/v7e-m+fp/hard/crtbegin.o

.ARM.extab      0x0000000008004a08        0x0
                0x0000000008004a08                . = ALIGN (0x4)
 *(.ARM.extab* .gnu.linkonce.armextab.*)
                0x0000000008004a08                . = ALIGN (0x4)

.ARM            0x0000000008004a08        0x0
                0x0000000008004a08                . = ALIGN (0x4)
                0x0000000008004a08                __exidx_start = .
 *(.ARM.exidx*)
                0x0000000008004a08                __exidx_end = .
                0x0000000008004a08                . = ALIGN (0x4)

.preinit_array  0x0000000008004a08        0x0
                0x0000000008004a08                . = ALIGN (0x4)
                0x0000000008004a08                PROVIDE (__preinit_array_start = .)
 *(.preinit_array*)
                0x0000000008004a08                PROVIDE (__preinit_array_end = .)
                0x0000000008004a08                . = ALIGN (0x4)

.init_array     0x0000000008004a08        0x4
                0x0000000008004a08                . = ALIGN (0x4)
                0x0000000008004a08                PROVIDE (__init_array_start = .)
 *(SORT_BY_NAME(.init_array.*))
 *(.init_array*)
 .init_array    0x0000000008004a08        0x4 c:/st/stm32cubeide_1.6.1/stm32cubeide/plugins/com.st.stm32cube.ide.mcu.externaltools.gnu-tools-for-stm32.9-2020-q2-update.win32_1.5.0.202011040924/tools/bin/../lib/gcc/arm-none-eabi/9.3.1/thumb/v7e-m+fp/hard/crtbegin.o
                0x0000000008004a0c                PROVIDE (__init_array_end = .)
                0x0000000008004a0c                . = ALIGN (0x4)

.fini_array     0x0000000008004a0c        0x4
                0x0000000008004a0c                . = ALIGN (0x4)
                [!provide]                        PROVIDE (__fini_array_start = .)
 *(SORT_BY_NAME(.fini_array.*))
 *(.fini_array*)
 .fini_array    0x0000000008004a0c        0x4 c:/st/stm32cubeide_1.6.1/stm32cubeide/plugins/com.st.stm32cube.ide.mcu.externaltools.gnu-tools-for-stm32.9-2020-q2-update.win32_1.5.0.202011040924/tools/bin/../lib/gcc/arm-none-eabi/9.3.1/thumb/v7e-m+fp/hard/crtbegin.o
                [!provide]                        PROVIDE (__fini_array_end = .)
                0x0000000008004a10                . = ALIGN (0x4)
                0x0000000008004a10                _sidata = LOADADDR (.data)

.data           0x0000000020000000       0x34 load address 0x0000000008004a10
                0x0000000020000000                . = ALIGN (0x4)
                0x0000000020000000                _sdata = .
 *(.data)
 *(.data*)
 .data.states   0x0000000020000000       0x1c Core/Src/MPC_Algo.o
                0x0000000020000000                states
 .data.Ts       0x000000002000001c        0x2 Core/Src/MPC_PWM.o
                0x000000002000001c                Ts
 .data.V        0x000000002000001e        0x2 Core/Src/MPC_PWM.o
                0x000000002000001e                V
 .data.run      0x0000000020000020        0x1 Core/Src/MPC_PWM.o
                0x0000000020000020                run
 *fill*         0x0000000020000021        0x1 
 .data.x        0x0000000020000022        0x2 Core/Src/MPC_feedback.o
                0x0000000020000022                x
 .data.Ki       0x0000000020000024        0x2 Core/Src/PID_Algo.o
                0x0000000020000024                Ki
 .data.Kp       0x0000000020000026        0x2 Core/Src/PID_Algo.o
                0x0000000020000026                Kp
 .data.SystemCoreClock
                0x0000000020000028        0x4 Core/Src/system_stm32f3xx.o
                0x0000000020000028                SystemCoreClock
 .data.uwTickFreq
                0x000000002000002c        0x1 Drivers/STM32F3xx_HAL_Driver/Src/stm32f3xx_hal.o
                0x000000002000002c                uwTickFreq
 *fill*         0x000000002000002d        0x3 
 .data.uwTickPrio
                0x0000000020000030        0x4 Drivers/STM32F3xx_HAL_Driver/Src/stm32f3xx_hal.o
                0x0000000020000030                uwTickPrio
 *(.RamFunc)
 *(.RamFunc*)
                0x0000000020000034                . = ALIGN (0x4)
                0x0000000020000034                _edata = .

.igot.plt       0x0000000020000034        0x0 load address 0x0000000008004a44
 .igot.plt      0x0000000020000034        0x0 c:/st/stm32cubeide_1.6.1/stm32cubeide/plugins/com.st.stm32cube.ide.mcu.externaltools.gnu-tools-for-stm32.9-2020-q2-update.win32_1.5.0.202011040924/tools/bin/../lib/gcc/arm-none-eabi/9.3.1/thumb/v7e-m+fp/hard/crtbegin.o
                0x0000000020000034                . = ALIGN (0x4)

.bss            0x0000000020000034      0x414 load address 0x0000000008004a44
                0x0000000020000034                _sbss = .
                0x0000000020000034                __bss_start__ = _sbss
 *(.bss)
 .bss           0x0000000020000034       0x1c c:/st/stm32cubeide_1.6.1/stm32cubeide/plugins/com.st.stm32cube.ide.mcu.externaltools.gnu-tools-for-stm32.9-2020-q2-update.win32_1.5.0.202011040924/tools/bin/../lib/gcc/arm-none-eabi/9.3.1/thumb/v7e-m+fp/hard/crtbegin.o
 *(.bss*)
 .bss.T0        0x0000000020000050        0x4 Core/Src/MPC_PWM.o
                0x0000000020000050                T0
 .bss.T1        0x0000000020000054        0x4 Core/Src/MPC_PWM.o
                0x0000000020000054                T1
 .bss.T2        0x0000000020000058        0x4 Core/Src/MPC_PWM.o
                0x0000000020000058                T2
 .bss.Ta        0x000000002000005c        0x2 Core/Src/MPC_PWM.o
                0x000000002000005c                Ta
 .bss.Tb        0x000000002000005e        0x2 Core/Src/MPC_PWM.o
                0x000000002000005e                Tb
 .bss.Tc        0x0000000020000060        0x2 Core/Src/MPC_PWM.o
                0x0000000020000060                Tc
 .bss.n         0x0000000020000062        0x1 Core/Src/MPC_PWM.o
                0x0000000020000062                n
 *fill*         0x0000000020000063        0x1 
 .bss.wt        0x0000000020000064        0x2 Core/Src/MPC_PWM.o
                0x0000000020000064                wt
 .bss.cnts      0x0000000020000066        0x2 Core/Src/MPC_core.o
                0x0000000020000066                cnts
 .bss.Iterm     0x0000000020000068        0x4 Core/Src/PID_Algo.o
                0x0000000020000068                Iterm
 .bss.HAL_RCC_ADC12_CLK_ENABLED
                0x000000002000006c        0x4 Core/Src/stm32f3xx_hal_msp.o
 *(COMMON)
 COMMON         0x0000000020000070      0x164 Core/Src/MPC_Algo.o
                0x0000000020000070                thetaElecOld
                0x0000000020000072                speedReq
                0x0000000020000074                cos240
                0x0000000020000078                j
                0x000000002000007c                thetaElec
                0x000000002000007e                Ia
                0x0000000020000080                costTemp
                0x0000000020000084                Sb
                0x0000000020000086                dTheta
                0x0000000020000088                dT
                0x000000002000008a                cos120
                0x000000002000008c                Iabc
                0x000000002000009c                thetaElecTemp
                0x00000000200000a0                IqPredTemp
                0x00000000200000a4                cost
                0x00000000200000a8                IdPredTemp
                0x00000000200000ac                IdPred
                0x00000000200000b0                Ec
                0x00000000200000b2                Va
                0x00000000200000b4                Vdq
                0x00000000200000bc                iq_pred
                0x00000000200000c0                IqRef
                0x00000000200000c4                sin240
                0x00000000200000c6                thetaMech
                0x00000000200000c8                Sc
                0x00000000200000cc                i
                0x00000000200000d0                Sa
                0x00000000200000d2                Ib
                0x00000000200000d4                sigma
                0x00000000200000d6                sin000
                0x00000000200000d8                Vc
                0x00000000200000dc                IqTx
                0x00000000200000e0                Kterm
                0x00000000200000e4                Valbt
                0x00000000200000ec                Ea
                0x00000000200000ee                id_pred
                0x00000000200000f0                Edq
                0x00000000200000f8                thetaOld
                0x00000000200000fa                Ic
                0x00000000200000fc                delta
                0x00000000200000fe                Vb
                0x0000000020000100                cos000
                0x0000000020000102                error
                0x0000000020000104                speed
                0x0000000020000108                Eab
                0x0000000020000110                wr
                0x0000000020000114                huart2
                0x0000000020000194                thetaElecEncoder
                0x0000000020000198                IalphaPred
                0x000000002000019c                sin120
                0x000000002000019e                polePairs
                0x00000000200001a0                IqPred
                0x00000000200001a4                Vbus
                0x00000000200001a6                Eb
                0x00000000200001a8                optimalVector
                0x00000000200001ac                Idq
                0x00000000200001b4                IalbtReq
                0x00000000200001bc                optimalDuty
                0x00000000200001c0                IbetaPred
                0x00000000200001c4                Ealbt
                0x00000000200001cc                Ialbt
 COMMON         0x00000000200001d4        0xf Core/Src/MPC_communication.o
                0x00000000200001d4                txData
                0x00000000200001da                startTx
                0x00000000200001dc                comCode
 *fill*         0x00000000200001e3        0x1 
 COMMON         0x00000000200001e4       0x30 Core/Src/MPC_feedback.o
                0x00000000200001e4                speedArr
                0x000000002000020c                speedTemp
                0x000000002000020e                sum
                0x0000000020000210                k
                0x0000000020000212                e
 COMMON         0x0000000020000214      0x230 Core/Src/main.o
                0x0000000020000214                hdma_usart2_rx
                0x0000000020000258                hadc2
                0x00000000200002a8                htim3
                0x00000000200002e8                hadc1
                0x0000000020000338                hdma_usart2_tx
                0x000000002000037c                hdma_adc1
                0x00000000200003c0                htim1
                0x0000000020000400                hdma_adc2
 COMMON         0x0000000020000444        0x4 Drivers/STM32F3xx_HAL_Driver/Src/stm32f3xx_hal.o
                0x0000000020000444                uwTick
                0x0000000020000448                . = ALIGN (0x4)
                0x0000000020000448                _ebss = .
                0x0000000020000448                __bss_end__ = _ebss

._user_heap_stack
                0x0000000020000448      0x600 load address 0x0000000008004a44
                0x0000000020000448                . = ALIGN (0x8)
                [!provide]                        PROVIDE (end = .)
                0x0000000020000448                PROVIDE (_end = .)
                0x0000000020000648                . = (. + _Min_Heap_Size)
 *fill*         0x0000000020000448      0x200 
                0x0000000020000a48                . = (. + _Min_Stack_Size)
 *fill*         0x0000000020000648      0x400 
                0x0000000020000a48                . = ALIGN (0x8)

/DISCARD/
 libc.a(*)
 libm.a(*)
 libgcc.a(*)

.ARM.attributes
                0x0000000000000000       0x30
 *(.ARM.attributes)
 .ARM.attributes
                0x0000000000000000       0x1e c:/st/stm32cubeide_1.6.1/stm32cubeide/plugins/com.st.stm32cube.ide.mcu.externaltools.gnu-tools-for-stm32.9-2020-q2-update.win32_1.5.0.202011040924/tools/bin/../lib/gcc/arm-none-eabi/9.3.1/thumb/v7e-m+fp/hard/crti.o
 .ARM.attributes
                0x000000000000001e       0x34 c:/st/stm32cubeide_1.6.1/stm32cubeide/plugins/com.st.stm32cube.ide.mcu.externaltools.gnu-tools-for-stm32.9-2020-q2-update.win32_1.5.0.202011040924/tools/bin/../lib/gcc/arm-none-eabi/9.3.1/thumb/v7e-m+fp/hard/crtbegin.o
 .ARM.attributes
                0x0000000000000052       0x30 Core/Src/MPC_Algo.o
 .ARM.attributes
                0x0000000000000082       0x30 Core/Src/MPC_PWM.o
 .ARM.attributes
                0x00000000000000b2       0x30 Core/Src/MPC_communication.o
 .ARM.attributes
                0x00000000000000e2       0x30 Core/Src/MPC_core.o
 .ARM.attributes
                0x0000000000000112       0x30 Core/Src/MPC_feedback.o
 .ARM.attributes
                0x0000000000000142       0x30 Core/Src/MPC_math.o
 .ARM.attributes
                0x0000000000000172       0x30 Core/Src/PID_Algo.o
 .ARM.attributes
                0x00000000000001a2       0x30 Core/Src/main.o
 .ARM.attributes
                0x00000000000001d2       0x30 Core/Src/stm32f3xx_hal_msp.o
 .ARM.attributes
                0x0000000000000202       0x30 Core/Src/stm32f3xx_it.o
 .ARM.attributes
                0x0000000000000232       0x30 Core/Src/system_stm32f3xx.o
 .ARM.attributes
                0x0000000000000262       0x21 Core/Startup/startup_stm32f303retx.o
 .ARM.attributes
                0x0000000000000283       0x30 Drivers/STM32F3xx_HAL_Driver/Src/stm32f3xx_hal.o
 .ARM.attributes
                0x00000000000002b3       0x30 Drivers/STM32F3xx_HAL_Driver/Src/stm32f3xx_hal_adc.o
 .ARM.attributes
                0x00000000000002e3       0x30 Drivers/STM32F3xx_HAL_Driver/Src/stm32f3xx_hal_adc_ex.o
 .ARM.attributes
                0x0000000000000313       0x30 Drivers/STM32F3xx_HAL_Driver/Src/stm32f3xx_hal_cortex.o
 .ARM.attributes
                0x0000000000000343       0x30 Drivers/STM32F3xx_HAL_Driver/Src/stm32f3xx_hal_dma.o
 .ARM.attributes
                0x0000000000000373       0x30 Drivers/STM32F3xx_HAL_Driver/Src/stm32f3xx_hal_gpio.o
 .ARM.attributes
                0x00000000000003a3       0x30 Drivers/STM32F3xx_HAL_Driver/Src/stm32f3xx_hal_rcc.o
 .ARM.attributes
                0x00000000000003d3       0x30 Drivers/STM32F3xx_HAL_Driver/Src/stm32f3xx_hal_rcc_ex.o
 .ARM.attributes
                0x0000000000000403       0x30 Drivers/STM32F3xx_HAL_Driver/Src/stm32f3xx_hal_tim.o
 .ARM.attributes
                0x0000000000000433       0x30 Drivers/STM32F3xx_HAL_Driver/Src/stm32f3xx_hal_tim_ex.o
 .ARM.attributes
                0x0000000000000463       0x30 Drivers/STM32F3xx_HAL_Driver/Src/stm32f3xx_hal_uart.o
 .ARM.attributes
                0x0000000000000493       0x34 c:/st/stm32cubeide_1.6.1/stm32cubeide/plugins/com.st.stm32cube.ide.mcu.externaltools.gnu-tools-for-stm32.9-2020-q2-update.win32_1.5.0.202011040924/tools/bin/../lib/gcc/arm-none-eabi/9.3.1/../../../../arm-none-eabi/lib/thumb/v7e-m+fp/hard\libc_nano.a(lib_a-init.o)
 .ARM.attributes
                0x00000000000004c7       0x34 c:/st/stm32cubeide_1.6.1/stm32cubeide/plugins/com.st.stm32cube.ide.mcu.externaltools.gnu-tools-for-stm32.9-2020-q2-update.win32_1.5.0.202011040924/tools/bin/../lib/gcc/arm-none-eabi/9.3.1/../../../../arm-none-eabi/lib/thumb/v7e-m+fp/hard\libc_nano.a(lib_a-memset.o)
 .ARM.attributes
                0x00000000000004fb       0x1e c:/st/stm32cubeide_1.6.1/stm32cubeide/plugins/com.st.stm32cube.ide.mcu.externaltools.gnu-tools-for-stm32.9-2020-q2-update.win32_1.5.0.202011040924/tools/bin/../lib/gcc/arm-none-eabi/9.3.1/thumb/v7e-m+fp/hard/crtn.o
OUTPUT(MPC_22_02.elf elf32-littlearm)
LOAD linker stubs
LOAD c:/st/stm32cubeide_1.6.1/stm32cubeide/plugins/com.st.stm32cube.ide.mcu.externaltools.gnu-tools-for-stm32.9-2020-q2-update.win32_1.5.0.202011040924/tools/bin/../lib/gcc/arm-none-eabi/9.3.1/../../../../arm-none-eabi/lib/thumb/v7e-m+fp/hard\libc.a
LOAD c:/st/stm32cubeide_1.6.1/stm32cubeide/plugins/com.st.stm32cube.ide.mcu.externaltools.gnu-tools-for-stm32.9-2020-q2-update.win32_1.5.0.202011040924/tools/bin/../lib/gcc/arm-none-eabi/9.3.1/../../../../arm-none-eabi/lib/thumb/v7e-m+fp/hard\libm.a
LOAD c:/st/stm32cubeide_1.6.1/stm32cubeide/plugins/com.st.stm32cube.ide.mcu.externaltools.gnu-tools-for-stm32.9-2020-q2-update.win32_1.5.0.202011040924/tools/bin/../lib/gcc/arm-none-eabi/9.3.1/thumb/v7e-m+fp/hard\libgcc.a

.debug_info     0x0000000000000000    0x1cbb6
 .debug_info    0x0000000000000000     0x13b8 Core/Src/MPC_Algo.o
 .debug_info    0x00000000000013b8      0xe7c Core/Src/MPC_PWM.o
 .debug_info    0x0000000000002234     0x140b Core/Src/MPC_communication.o
 .debug_info    0x000000000000363f     0x151d Core/Src/MPC_core.o
 .debug_info    0x0000000000004b5c      0xe6a Core/Src/MPC_feedback.o
 .debug_info    0x00000000000059c6     0x1556 Core/Src/MPC_math.o
 .debug_info    0x0000000000006f1c     0x1316 Core/Src/PID_Algo.o
 .debug_info    0x0000000000008232     0x2570 Core/Src/main.o
 .debug_info    0x000000000000a7a2     0x1861 Core/Src/stm32f3xx_hal_msp.o
 .debug_info    0x000000000000c003      0x76f Core/Src/stm32f3xx_it.o
 .debug_info    0x000000000000c772      0x4ae Core/Src/system_stm32f3xx.o
 .debug_info    0x000000000000cc20       0x22 Core/Startup/startup_stm32f303retx.o
 .debug_info    0x000000000000cc42      0x96c Drivers/STM32F3xx_HAL_Driver/Src/stm32f3xx_hal.o
 .debug_info    0x000000000000d5ae      0xc37 Drivers/STM32F3xx_HAL_Driver/Src/stm32f3xx_hal_adc.o
 .debug_info    0x000000000000e1e5     0x1ee1 Drivers/STM32F3xx_HAL_Driver/Src/stm32f3xx_hal_adc_ex.o
 .debug_info    0x00000000000100c6     0x10df Drivers/STM32F3xx_HAL_Driver/Src/stm32f3xx_hal_cortex.o
 .debug_info    0x00000000000111a5      0x9a2 Drivers/STM32F3xx_HAL_Driver/Src/stm32f3xx_hal_dma.o
 .debug_info    0x0000000000011b47      0x85e Drivers/STM32F3xx_HAL_Driver/Src/stm32f3xx_hal_gpio.o
 .debug_info    0x00000000000123a5     0x17dd Drivers/STM32F3xx_HAL_Driver/Src/stm32f3xx_hal_rcc.o
 .debug_info    0x0000000000013b82      0x9e1 Drivers/STM32F3xx_HAL_Driver/Src/stm32f3xx_hal_rcc_ex.o
 .debug_info    0x0000000000014563     0x4b05 Drivers/STM32F3xx_HAL_Driver/Src/stm32f3xx_hal_tim.o
 .debug_info    0x0000000000019068     0x1827 Drivers/STM32F3xx_HAL_Driver/Src/stm32f3xx_hal_tim_ex.o
 .debug_info    0x000000000001a88f     0x2327 Drivers/STM32F3xx_HAL_Driver/Src/stm32f3xx_hal_uart.o

.debug_abbrev   0x0000000000000000     0x38b1
 .debug_abbrev  0x0000000000000000      0x1e8 Core/Src/MPC_Algo.o
 .debug_abbrev  0x00000000000001e8      0x1d3 Core/Src/MPC_PWM.o
 .debug_abbrev  0x00000000000003bb      0x1eb Core/Src/MPC_communication.o
 .debug_abbrev  0x00000000000005a6      0x27b Core/Src/MPC_core.o
 .debug_abbrev  0x0000000000000821      0x1cd Core/Src/MPC_feedback.o
 .debug_abbrev  0x00000000000009ee      0x2e5 Core/Src/MPC_math.o
 .debug_abbrev  0x0000000000000cd3      0x1a4 Core/Src/PID_Algo.o
 .debug_abbrev  0x0000000000000e77      0x342 Core/Src/main.o
 .debug_abbrev  0x00000000000011b9      0x263 Core/Src/stm32f3xx_hal_msp.o
 .debug_abbrev  0x000000000000141c      0x19d Core/Src/stm32f3xx_it.o
 .debug_abbrev  0x00000000000015b9      0x14b Core/Src/system_stm32f3xx.o
 .debug_abbrev  0x0000000000001704       0x12 Core/Startup/startup_stm32f303retx.o
 .debug_abbrev  0x0000000000001716      0x27e Drivers/STM32F3xx_HAL_Driver/Src/stm32f3xx_hal.o
 .debug_abbrev  0x0000000000001994      0x21d Drivers/STM32F3xx_HAL_Driver/Src/stm32f3xx_hal_adc.o
 .debug_abbrev  0x0000000000001bb1      0x3b2 Drivers/STM32F3xx_HAL_Driver/Src/stm32f3xx_hal_adc_ex.o
 .debug_abbrev  0x0000000000001f63      0x389 Drivers/STM32F3xx_HAL_Driver/Src/stm32f3xx_hal_cortex.o
 .debug_abbrev  0x00000000000022ec      0x283 Drivers/STM32F3xx_HAL_Driver/Src/stm32f3xx_hal_dma.o
 .debug_abbrev  0x000000000000256f      0x214 Drivers/STM32F3xx_HAL_Driver/Src/stm32f3xx_hal_gpio.o
 .debug_abbrev  0x0000000000002783      0x373 Drivers/STM32F3xx_HAL_Driver/Src/stm32f3xx_hal_rcc.o
 .debug_abbrev  0x0000000000002af6      0x2cf Drivers/STM32F3xx_HAL_Driver/Src/stm32f3xx_hal_rcc_ex.o
 .debug_abbrev  0x0000000000002dc5      0x3da Drivers/STM32F3xx_HAL_Driver/Src/stm32f3xx_hal_tim.o
 .debug_abbrev  0x000000000000319f      0x369 Drivers/STM32F3xx_HAL_Driver/Src/stm32f3xx_hal_tim_ex.o
 .debug_abbrev  0x0000000000003508      0x3a9 Drivers/STM32F3xx_HAL_Driver/Src/stm32f3xx_hal_uart.o

.debug_aranges  0x0000000000000000      0xc50
 .debug_aranges
                0x0000000000000000       0x20 Core/Src/MPC_Algo.o
 .debug_aranges
                0x0000000000000020       0x20 Core/Src/MPC_PWM.o
 .debug_aranges
                0x0000000000000040       0x30 Core/Src/MPC_communication.o
 .debug_aranges
                0x0000000000000070       0x38 Core/Src/MPC_core.o
 .debug_aranges
                0x00000000000000a8       0x28 Core/Src/MPC_feedback.o
 .debug_aranges
                0x00000000000000d0       0x68 Core/Src/MPC_math.o
 .debug_aranges
                0x0000000000000138       0x20 Core/Src/PID_Algo.o
 .debug_aranges
                0x0000000000000158       0x30 Core/Src/main.o
 .debug_aranges
                0x0000000000000188       0x68 Core/Src/stm32f3xx_hal_msp.o
 .debug_aranges
                0x00000000000001f0       0x38 Core/Src/stm32f3xx_it.o
 .debug_aranges
                0x0000000000000228       0x28 Core/Src/system_stm32f3xx.o
 .debug_aranges
                0x0000000000000250       0x28 Core/Startup/startup_stm32f303retx.o
 .debug_aranges
                0x0000000000000278       0xd8 Drivers/STM32F3xx_HAL_Driver/Src/stm32f3xx_hal.o
 .debug_aranges
                0x0000000000000350       0x60 Drivers/STM32F3xx_HAL_Driver/Src/stm32f3xx_hal_adc.o
 .debug_aranges
                0x00000000000003b0      0x150 Drivers/STM32F3xx_HAL_Driver/Src/stm32f3xx_hal_adc_ex.o
 .debug_aranges
                0x0000000000000500       0xa8 Drivers/STM32F3xx_HAL_Driver/Src/stm32f3xx_hal_cortex.o
 .debug_aranges
                0x00000000000005a8       0x78 Drivers/STM32F3xx_HAL_Driver/Src/stm32f3xx_hal_dma.o
 .debug_aranges
                0x0000000000000620       0x58 Drivers/STM32F3xx_HAL_Driver/Src/stm32f3xx_hal_gpio.o
 .debug_aranges
                0x0000000000000678       0x88 Drivers/STM32F3xx_HAL_Driver/Src/stm32f3xx_hal_rcc.o
 .debug_aranges
                0x0000000000000700       0x30 Drivers/STM32F3xx_HAL_Driver/Src/stm32f3xx_hal_rcc_ex.o
 .debug_aranges
                0x0000000000000730      0x278 Drivers/STM32F3xx_HAL_Driver/Src/stm32f3xx_hal_tim.o
 .debug_aranges
                0x00000000000009a8       0xf8 Drivers/STM32F3xx_HAL_Driver/Src/stm32f3xx_hal_tim_ex.o
 .debug_aranges
                0x0000000000000aa0      0x1b0 Drivers/STM32F3xx_HAL_Driver/Src/stm32f3xx_hal_uart.o

.debug_ranges   0x0000000000000000     0x2258
 .debug_ranges  0x0000000000000000       0x10 Core/Src/MPC_Algo.o
 .debug_ranges  0x0000000000000010       0x10 Core/Src/MPC_PWM.o
 .debug_ranges  0x0000000000000020       0x20 Core/Src/MPC_communication.o
 .debug_ranges  0x0000000000000040       0x60 Core/Src/MPC_core.o
 .debug_ranges  0x00000000000000a0       0x18 Core/Src/MPC_feedback.o
 .debug_ranges  0x00000000000000b8      0x3a8 Core/Src/MPC_math.o
 .debug_ranges  0x0000000000000460       0x10 Core/Src/PID_Algo.o
 .debug_ranges  0x0000000000000470      0x4d0 Core/Src/main.o
 .debug_ranges  0x0000000000000940      0x188 Core/Src/stm32f3xx_hal_msp.o
 .debug_ranges  0x0000000000000ac8       0x28 Core/Src/stm32f3xx_it.o
 .debug_ranges  0x0000000000000af0       0x18 Core/Src/system_stm32f3xx.o
 .debug_ranges  0x0000000000000b08       0x20 Core/Startup/startup_stm32f303retx.o
 .debug_ranges  0x0000000000000b28       0xc8 Drivers/STM32F3xx_HAL_Driver/Src/stm32f3xx_hal.o
 .debug_ranges  0x0000000000000bf0       0x50 Drivers/STM32F3xx_HAL_Driver/Src/stm32f3xx_hal_adc.o
 .debug_ranges  0x0000000000000c40      0x140 Drivers/STM32F3xx_HAL_Driver/Src/stm32f3xx_hal_adc_ex.o
 .debug_ranges  0x0000000000000d80      0x1c0 Drivers/STM32F3xx_HAL_Driver/Src/stm32f3xx_hal_cortex.o
 .debug_ranges  0x0000000000000f40      0x110 Drivers/STM32F3xx_HAL_Driver/Src/stm32f3xx_hal_dma.o
 .debug_ranges  0x0000000000001050       0x60 Drivers/STM32F3xx_HAL_Driver/Src/stm32f3xx_hal_gpio.o
 .debug_ranges  0x00000000000010b0      0x438 Drivers/STM32F3xx_HAL_Driver/Src/stm32f3xx_hal_rcc.o
 .debug_ranges  0x00000000000014e8      0x108 Drivers/STM32F3xx_HAL_Driver/Src/stm32f3xx_hal_rcc_ex.o
 .debug_ranges  0x00000000000015f0      0x7c0 Drivers/STM32F3xx_HAL_Driver/Src/stm32f3xx_hal_tim.o
 .debug_ranges  0x0000000000001db0      0x118 Drivers/STM32F3xx_HAL_Driver/Src/stm32f3xx_hal_tim_ex.o
 .debug_ranges  0x0000000000001ec8      0x390 Drivers/STM32F3xx_HAL_Driver/Src/stm32f3xx_hal_uart.o

.debug_macro    0x0000000000000000    0x1e671
 .debug_macro   0x0000000000000000      0x227 Core/Src/MPC_Algo.o
 .debug_macro   0x0000000000000227      0xab4 Core/Src/MPC_Algo.o
 .debug_macro   0x0000000000000cdb      0x15d Core/Src/MPC_Algo.o
 .debug_macro   0x0000000000000e38       0x2e Core/Src/MPC_Algo.o
 .debug_macro   0x0000000000000e66       0x28 Core/Src/MPC_Algo.o
 .debug_macro   0x0000000000000e8e       0x22 Core/Src/MPC_Algo.o
 .debug_macro   0x0000000000000eb0       0x8e Core/Src/MPC_Algo.o
 .debug_macro   0x0000000000000f3e       0x51 Core/Src/MPC_Algo.o
 .debug_macro   0x0000000000000f8f      0x103 Core/Src/MPC_Algo.o
 .debug_macro   0x0000000000001092       0x6a Core/Src/MPC_Algo.o
 .debug_macro   0x00000000000010fc      0x1df Core/Src/MPC_Algo.o
 .debug_macro   0x00000000000012db       0x1c Core/Src/MPC_Algo.o
 .debug_macro   0x00000000000012f7       0x22 Core/Src/MPC_Algo.o
 .debug_macro   0x0000000000001319       0xdf Core/Src/MPC_Algo.o
 .debug_macro   0x00000000000013f8     0x102d Core/Src/MPC_Algo.o
 .debug_macro   0x0000000000002425      0x11f Core/Src/MPC_Algo.o
 .debug_macro   0x0000000000002544    0x15353 Core/Src/MPC_Algo.o
 .debug_macro   0x0000000000017897       0x43 Core/Src/MPC_Algo.o
 .debug_macro   0x00000000000178da      0x174 Core/Src/MPC_Algo.o
 .debug_macro   0x0000000000017a4e       0x53 Core/Src/MPC_Algo.o
 .debug_macro   0x0000000000017aa1      0x954 Core/Src/MPC_Algo.o
 .debug_macro   0x00000000000183f5      0x84a Core/Src/MPC_Algo.o
 .debug_macro   0x0000000000018c3f      0x12f Core/Src/MPC_Algo.o
 .debug_macro   0x0000000000018d6e      0x23a Core/Src/MPC_Algo.o
 .debug_macro   0x0000000000018fa8      0x1ea Core/Src/MPC_Algo.o
 .debug_macro   0x0000000000019192      0x1bc Core/Src/MPC_Algo.o
 .debug_macro   0x000000000001934e       0x30 Core/Src/MPC_Algo.o
 .debug_macro   0x000000000001937e       0x3c Core/Src/MPC_Algo.o
 .debug_macro   0x00000000000193ba      0x236 Core/Src/MPC_Algo.o
 .debug_macro   0x00000000000195f0      0x9fe Core/Src/MPC_Algo.o
 .debug_macro   0x0000000000019fee       0x77 Core/Src/MPC_Algo.o
 .debug_macro   0x000000000001a065       0xc5 Core/Src/MPC_Algo.o
 .debug_macro   0x000000000001a12a      0x21d Core/Src/MPC_Algo.o
 .debug_macro   0x000000000001a347      0x22c Core/Src/MPC_Algo.o
 .debug_macro   0x000000000001a573       0x58 Core/Src/MPC_Algo.o
 .debug_macro   0x000000000001a5cb       0xa5 Core/Src/MPC_Algo.o
 .debug_macro   0x000000000001a670       0x81 Core/Src/MPC_Algo.o
 .debug_macro   0x000000000001a6f1       0xd3 Core/Src/MPC_Algo.o
 .debug_macro   0x000000000001a7c4      0x9e9 Core/Src/MPC_Algo.o
 .debug_macro   0x000000000001b1ad       0xbb Core/Src/MPC_Algo.o
 .debug_macro   0x000000000001b268      0x589 Core/Src/MPC_Algo.o
 .debug_macro   0x000000000001b7f1       0x44 Core/Src/MPC_Algo.o
 .debug_macro   0x000000000001b835      0x347 Core/Src/MPC_Algo.o
 .debug_macro   0x000000000001bb7c       0xa0 Core/Src/MPC_Algo.o
 .debug_macro   0x000000000001bc1c       0x22 Core/Src/MPC_Algo.o
 .debug_macro   0x000000000001bc3e      0x213 Core/Src/MPC_PWM.o
 .debug_macro   0x000000000001be51      0x227 Core/Src/MPC_communication.o
 .debug_macro   0x000000000001c078      0x227 Core/Src/MPC_core.o
 .debug_macro   0x000000000001c29f      0x209 Core/Src/MPC_feedback.o
 .debug_macro   0x000000000001c4a8      0x213 Core/Src/MPC_math.o
 .debug_macro   0x000000000001c6bb      0x227 Core/Src/PID_Algo.o
 .debug_macro   0x000000000001c8e2      0x1f6 Core/Src/main.o
 .debug_macro   0x000000000001cad8      0x1f6 Core/Src/stm32f3xx_hal_msp.o
 .debug_macro   0x000000000001ccce      0x200 Core/Src/stm32f3xx_it.o
 .debug_macro   0x000000000001cece      0x1ed Core/Src/system_stm32f3xx.o
 .debug_macro   0x000000000001d0bb      0x20b Drivers/STM32F3xx_HAL_Driver/Src/stm32f3xx_hal.o
 .debug_macro   0x000000000001d2c6      0x1e8 Drivers/STM32F3xx_HAL_Driver/Src/stm32f3xx_hal_adc.o
 .debug_macro   0x000000000001d4ae      0x211 Drivers/STM32F3xx_HAL_Driver/Src/stm32f3xx_hal_adc_ex.o
 .debug_macro   0x000000000001d6bf      0x1e7 Drivers/STM32F3xx_HAL_Driver/Src/stm32f3xx_hal_cortex.o
 .debug_macro   0x000000000001d8a6      0x1e7 Drivers/STM32F3xx_HAL_Driver/Src/stm32f3xx_hal_dma.o
 .debug_macro   0x000000000001da8d      0x21f Drivers/STM32F3xx_HAL_Driver/Src/stm32f3xx_hal_gpio.o
 .debug_macro   0x000000000001dcac      0x20b Drivers/STM32F3xx_HAL_Driver/Src/stm32f3xx_hal_rcc.o
 .debug_macro   0x000000000001deb7      0x1e7 Drivers/STM32F3xx_HAL_Driver/Src/stm32f3xx_hal_rcc_ex.o
 .debug_macro   0x000000000001e09e      0x1e8 Drivers/STM32F3xx_HAL_Driver/Src/stm32f3xx_hal_tim.o
 .debug_macro   0x000000000001e286      0x1e7 Drivers/STM32F3xx_HAL_Driver/Src/stm32f3xx_hal_tim_ex.o
 .debug_macro   0x000000000001e46d      0x204 Drivers/STM32F3xx_HAL_Driver/Src/stm32f3xx_hal_uart.o

.debug_line     0x0000000000000000    0x1a56f
 .debug_line    0x0000000000000000      0x8d2 Core/Src/MPC_Algo.o
 .debug_line    0x00000000000008d2      0x8f0 Core/Src/MPC_PWM.o
 .debug_line    0x00000000000011c2      0x884 Core/Src/MPC_communication.o
 .debug_line    0x0000000000001a46      0x8b7 Core/Src/MPC_core.o
 .debug_line    0x00000000000022fd      0x8b7 Core/Src/MPC_feedback.o
 .debug_line    0x0000000000002bb4      0xe67 Core/Src/MPC_math.o
 .debug_line    0x0000000000003a1b      0x7cd Core/Src/PID_Algo.o
 .debug_line    0x00000000000041e8     0x1136 Core/Src/main.o
 .debug_line    0x000000000000531e      0xe43 Core/Src/stm32f3xx_hal_msp.o
 .debug_line    0x0000000000006161      0x74e Core/Src/stm32f3xx_it.o
 .debug_line    0x00000000000068af      0x76f Core/Src/system_stm32f3xx.o
 .debug_line    0x000000000000701e       0x85 Core/Startup/startup_stm32f303retx.o
 .debug_line    0x00000000000070a3      0xa36 Drivers/STM32F3xx_HAL_Driver/Src/stm32f3xx_hal.o
 .debug_line    0x0000000000007ad9      0x7d5 Drivers/STM32F3xx_HAL_Driver/Src/stm32f3xx_hal_adc.o
 .debug_line    0x00000000000082ae     0x320a Drivers/STM32F3xx_HAL_Driver/Src/stm32f3xx_hal_adc_ex.o
 .debug_line    0x000000000000b4b8      0xcde Drivers/STM32F3xx_HAL_Driver/Src/stm32f3xx_hal_cortex.o
 .debug_line    0x000000000000c196     0x108d Drivers/STM32F3xx_HAL_Driver/Src/stm32f3xx_hal_dma.o
 .debug_line    0x000000000000d223      0xc51 Drivers/STM32F3xx_HAL_Driver/Src/stm32f3xx_hal_gpio.o
 .debug_line    0x000000000000de74     0x19e9 Drivers/STM32F3xx_HAL_Driver/Src/stm32f3xx_hal_rcc.o
 .debug_line    0x000000000000f85d     0x1074 Drivers/STM32F3xx_HAL_Driver/Src/stm32f3xx_hal_rcc_ex.o
 .debug_line    0x00000000000108d1     0x5457 Drivers/STM32F3xx_HAL_Driver/Src/stm32f3xx_hal_tim.o
 .debug_line    0x0000000000015d28     0x1682 Drivers/STM32F3xx_HAL_Driver/Src/stm32f3xx_hal_tim_ex.o
 .debug_line    0x00000000000173aa     0x31c5 Drivers/STM32F3xx_HAL_Driver/Src/stm32f3xx_hal_uart.o

.debug_str      0x0000000000000000    0xb5491
 .debug_str     0x0000000000000000    0xb129b Core/Src/MPC_Algo.o
                                      0xb194d (size before relaxing)
 .debug_str     0x00000000000b129b       0x20 Core/Src/MPC_PWM.o
                                      0xb1668 (size before relaxing)
 .debug_str     0x00000000000b12bb       0x88 Core/Src/MPC_communication.o
                                      0xb1984 (size before relaxing)
 .debug_str     0x00000000000b1343       0xac Core/Src/MPC_core.o
                                      0xb19d2 (size before relaxing)
 .debug_str     0x00000000000b13ef       0x6d Core/Src/MPC_feedback.o
                                      0xb16ac (size before relaxing)
 .debug_str     0x00000000000b145c       0x9a Core/Src/MPC_math.o
                                      0xb1716 (size before relaxing)
 .debug_str     0x00000000000b14f6       0x17 Core/Src/PID_Algo.o
                                      0xb1925 (size before relaxing)
 .debug_str     0x00000000000b150d      0xcb5 Core/Src/main.o
                                      0xb250c (size before relaxing)
 .debug_str     0x00000000000b21c2      0x16e Core/Src/stm32f3xx_hal_msp.o
                                      0xb1df4 (size before relaxing)
 .debug_str     0x00000000000b2330       0x88 Core/Src/stm32f3xx_it.o
                                      0xb130e (size before relaxing)
 .debug_str     0x00000000000b23b8       0xc7 Core/Src/system_stm32f3xx.o
                                      0xb0cb6 (size before relaxing)
 .debug_str     0x00000000000b247f       0x36 Core/Startup/startup_stm32f303retx.o
                                         0x75 (size before relaxing)
 .debug_str     0x00000000000b24b5      0x3d7 Drivers/STM32F3xx_HAL_Driver/Src/stm32f3xx_hal.o
                                      0xb14ee (size before relaxing)
 .debug_str     0x00000000000b288c      0x1f5 Drivers/STM32F3xx_HAL_Driver/Src/stm32f3xx_hal_adc.o
                                      0xb12cd (size before relaxing)
 .debug_str     0x00000000000b2a81      0x69c Drivers/STM32F3xx_HAL_Driver/Src/stm32f3xx_hal_adc_ex.o
                                      0xb19cc (size before relaxing)
 .debug_str     0x00000000000b311d      0x33c Drivers/STM32F3xx_HAL_Driver/Src/stm32f3xx_hal_cortex.o
                                      0xb15b7 (size before relaxing)
 .debug_str     0x00000000000b3459      0x1fa Drivers/STM32F3xx_HAL_Driver/Src/stm32f3xx_hal_dma.o
                                      0xb1028 (size before relaxing)
 .debug_str     0x00000000000b3653      0x213 Drivers/STM32F3xx_HAL_Driver/Src/stm32f3xx_hal_gpio.o
                                      0xb0f80 (size before relaxing)
 .debug_str     0x00000000000b3866      0x2f1 Drivers/STM32F3xx_HAL_Driver/Src/stm32f3xx_hal_rcc.o
                                      0xb113b (size before relaxing)
 .debug_str     0x00000000000b3b57       0xbe Drivers/STM32F3xx_HAL_Driver/Src/stm32f3xx_hal_rcc_ex.o
                                      0xb0fac (size before relaxing)
 .debug_str     0x00000000000b3c15      0xc51 Drivers/STM32F3xx_HAL_Driver/Src/stm32f3xx_hal_tim.o
                                      0xb1f0f (size before relaxing)
 .debug_str     0x00000000000b4866      0x447 Drivers/STM32F3xx_HAL_Driver/Src/stm32f3xx_hal_tim_ex.o
                                      0xb1715 (size before relaxing)
 .debug_str     0x00000000000b4cad      0x7e4 Drivers/STM32F3xx_HAL_Driver/Src/stm32f3xx_hal_uart.o
                                      0xb1919 (size before relaxing)

.comment        0x0000000000000000       0x53
 .comment       0x0000000000000000       0x53 Core/Src/MPC_Algo.o
                                         0x54 (size before relaxing)
 .comment       0x0000000000000053       0x54 Core/Src/MPC_PWM.o
 .comment       0x0000000000000053       0x54 Core/Src/MPC_communication.o
 .comment       0x0000000000000053       0x54 Core/Src/MPC_core.o
 .comment       0x0000000000000053       0x54 Core/Src/MPC_feedback.o
 .comment       0x0000000000000053       0x54 Core/Src/MPC_math.o
 .comment       0x0000000000000053       0x54 Core/Src/PID_Algo.o
 .comment       0x0000000000000053       0x54 Core/Src/main.o
 .comment       0x0000000000000053       0x54 Core/Src/stm32f3xx_hal_msp.o
 .comment       0x0000000000000053       0x54 Core/Src/stm32f3xx_it.o
 .comment       0x0000000000000053       0x54 Core/Src/system_stm32f3xx.o
 .comment       0x0000000000000053       0x54 Drivers/STM32F3xx_HAL_Driver/Src/stm32f3xx_hal.o
 .comment       0x0000000000000053       0x54 Drivers/STM32F3xx_HAL_Driver/Src/stm32f3xx_hal_adc.o
 .comment       0x0000000000000053       0x54 Drivers/STM32F3xx_HAL_Driver/Src/stm32f3xx_hal_adc_ex.o
 .comment       0x0000000000000053       0x54 Drivers/STM32F3xx_HAL_Driver/Src/stm32f3xx_hal_cortex.o
 .comment       0x0000000000000053       0x54 Drivers/STM32F3xx_HAL_Driver/Src/stm32f3xx_hal_dma.o
 .comment       0x0000000000000053       0x54 Drivers/STM32F3xx_HAL_Driver/Src/stm32f3xx_hal_gpio.o
 .comment       0x0000000000000053       0x54 Drivers/STM32F3xx_HAL_Driver/Src/stm32f3xx_hal_rcc.o
 .comment       0x0000000000000053       0x54 Drivers/STM32F3xx_HAL_Driver/Src/stm32f3xx_hal_rcc_ex.o
 .comment       0x0000000000000053       0x54 Drivers/STM32F3xx_HAL_Driver/Src/stm32f3xx_hal_tim.o
 .comment       0x0000000000000053       0x54 Drivers/STM32F3xx_HAL_Driver/Src/stm32f3xx_hal_tim_ex.o
 .comment       0x0000000000000053       0x54 Drivers/STM32F3xx_HAL_Driver/Src/stm32f3xx_hal_uart.o

.debug_frame    0x0000000000000000     0x29f4
 .debug_frame   0x0000000000000000       0x70 Core/Src/MPC_Algo.o
 .debug_frame   0x0000000000000070       0x34 Core/Src/MPC_PWM.o
 .debug_frame   0x00000000000000a4       0x50 Core/Src/MPC_communication.o
 .debug_frame   0x00000000000000f4       0x80 Core/Src/MPC_core.o
 .debug_frame   0x0000000000000174       0x68 Core/Src/MPC_feedback.o
 .debug_frame   0x00000000000001dc       0xf8 Core/Src/MPC_math.o
 .debug_frame   0x00000000000002d4       0x38 Core/Src/PID_Algo.o
 .debug_frame   0x000000000000030c       0x60 Core/Src/main.o
 .debug_frame   0x000000000000036c      0x174 Core/Src/stm32f3xx_hal_msp.o
 .debug_frame   0x00000000000004e0       0x68 Core/Src/stm32f3xx_it.o
 .debug_frame   0x0000000000000548       0x30 Core/Src/system_stm32f3xx.o
 .debug_frame   0x0000000000000578      0x1d4 Drivers/STM32F3xx_HAL_Driver/Src/stm32f3xx_hal.o
 .debug_frame   0x000000000000074c      0x170 Drivers/STM32F3xx_HAL_Driver/Src/stm32f3xx_hal_adc.o
 .debug_frame   0x00000000000008bc      0x514 Drivers/STM32F3xx_HAL_Driver/Src/stm32f3xx_hal_adc_ex.o
 .debug_frame   0x0000000000000dd0      0x184 Drivers/STM32F3xx_HAL_Driver/Src/stm32f3xx_hal_cortex.o
 .debug_frame   0x0000000000000f54      0x180 Drivers/STM32F3xx_HAL_Driver/Src/stm32f3xx_hal_dma.o
 .debug_frame   0x00000000000010d4       0xec Drivers/STM32F3xx_HAL_Driver/Src/stm32f3xx_hal_gpio.o
 .debug_frame   0x00000000000011c0      0x1a0 Drivers/STM32F3xx_HAL_Driver/Src/stm32f3xx_hal_rcc.o
 .debug_frame   0x0000000000001360       0xb4 Drivers/STM32F3xx_HAL_Driver/Src/stm32f3xx_hal_rcc_ex.o
 .debug_frame   0x0000000000001414      0xb34 Drivers/STM32F3xx_HAL_Driver/Src/stm32f3xx_hal_tim.o
 .debug_frame   0x0000000000001f48      0x3b4 Drivers/STM32F3xx_HAL_Driver/Src/stm32f3xx_hal_tim_ex.o
 .debug_frame   0x00000000000022fc      0x6ac Drivers/STM32F3xx_HAL_Driver/Src/stm32f3xx_hal_uart.o
 .debug_frame   0x00000000000029a8       0x2c c:/st/stm32cubeide_1.6.1/stm32cubeide/plugins/com.st.stm32cube.ide.mcu.externaltools.gnu-tools-for-stm32.9-2020-q2-update.win32_1.5.0.202011040924/tools/bin/../lib/gcc/arm-none-eabi/9.3.1/../../../../arm-none-eabi/lib/thumb/v7e-m+fp/hard\libc_nano.a(lib_a-init.o)
 .debug_frame   0x00000000000029d4       0x20 c:/st/stm32cubeide_1.6.1/stm32cubeide/plugins/com.st.stm32cube.ide.mcu.externaltools.gnu-tools-for-stm32.9-2020-q2-update.win32_1.5.0.202011040924/tools/bin/../lib/gcc/arm-none-eabi/9.3.1/../../../../arm-none-eabi/lib/thumb/v7e-m+fp/hard\libc_nano.a(lib_a-memset.o)

.debug_loc      0x0000000000000000    0x10290
 .debug_loc     0x0000000000000000      0x9eb Core/Src/MPC_math.o
 .debug_loc     0x00000000000009eb      0x1af Core/Src/stm32f3xx_hal_msp.o
 .debug_loc     0x0000000000000b9a      0x113 Core/Src/system_stm32f3xx.o
 .debug_loc     0x0000000000000cad      0x168 Drivers/STM32F3xx_HAL_Driver/Src/stm32f3xx_hal.o
 .debug_loc     0x0000000000000e15      0x128 Drivers/STM32F3xx_HAL_Driver/Src/stm32f3xx_hal_adc.o
 .debug_loc     0x0000000000000f3d     0x22a7 Drivers/STM32F3xx_HAL_Driver/Src/stm32f3xx_hal_adc_ex.o
 .debug_loc     0x00000000000031e4      0x7a7 Drivers/STM32F3xx_HAL_Driver/Src/stm32f3xx_hal_cortex.o
 .debug_loc     0x000000000000398b      0x898 Drivers/STM32F3xx_HAL_Driver/Src/stm32f3xx_hal_dma.o
 .debug_loc     0x0000000000004223      0x418 Drivers/STM32F3xx_HAL_Driver/Src/stm32f3xx_hal_gpio.o
 .debug_loc     0x000000000000463b     0x101a Drivers/STM32F3xx_HAL_Driver/Src/stm32f3xx_hal_rcc.o
 .debug_loc     0x0000000000005655      0xa71 Drivers/STM32F3xx_HAL_Driver/Src/stm32f3xx_hal_rcc_ex.o
 .debug_loc     0x00000000000060c6     0x658a Drivers/STM32F3xx_HAL_Driver/Src/stm32f3xx_hal_tim.o
 .debug_loc     0x000000000000c650     0x12b1 Drivers/STM32F3xx_HAL_Driver/Src/stm32f3xx_hal_tim_ex.o
 .debug_loc     0x000000000000d901     0x298f Drivers/STM32F3xx_HAL_Driver/Src/stm32f3xx_hal_uart.o
